
> posthaste@0.1.0 test
> jest --noStackTrace=false --verbose

  console.error
    Error: Uncaught [TypeError: Cannot read properties of undefined (reading 'toString')]
        at reportException (/home/anastasiya/project_posthaste/posthaste/node_modules/jsdom/lib/jsdom/living/helpers/runtime-script-errors.js:66:24)
        at innerInvokeEventListeners (/home/anastasiya/project_posthaste/posthaste/node_modules/jsdom/lib/jsdom/living/events/EventTarget-impl.js:341:9)
        at invokeEventListeners (/home/anastasiya/project_posthaste/posthaste/node_modules/jsdom/lib/jsdom/living/events/EventTarget-impl.js:274:3)
        at HTMLUnknownElementImpl._dispatch (/home/anastasiya/project_posthaste/posthaste/node_modules/jsdom/lib/jsdom/living/events/EventTarget-impl.js:221:9)
        at HTMLUnknownElementImpl.dispatchEvent (/home/anastasiya/project_posthaste/posthaste/node_modules/jsdom/lib/jsdom/living/events/EventTarget-impl.js:94:17)
        at HTMLUnknownElement.dispatchEvent (/home/anastasiya/project_posthaste/posthaste/node_modules/jsdom/lib/jsdom/living/generated/EventTarget.js:231:34)
        at Object.invokeGuardedCallbackDev (/home/anastasiya/project_posthaste/posthaste/node_modules/react-dom/cjs/react-dom.development.js:4213:16)
        at invokeGuardedCallback (/home/anastasiya/project_posthaste/posthaste/node_modules/react-dom/cjs/react-dom.development.js:4277:31)
        at beginWork$1 (/home/anastasiya/project_posthaste/posthaste/node_modules/react-dom/cjs/react-dom.development.js:27490:7)
        at performUnitOfWork (/home/anastasiya/project_posthaste/posthaste/node_modules/react-dom/cjs/react-dom.development.js:26599:12)
        at workLoopSync (/home/anastasiya/project_posthaste/posthaste/node_modules/react-dom/cjs/react-dom.development.js:26505:5)
        at renderRootSync (/home/anastasiya/project_posthaste/posthaste/node_modules/react-dom/cjs/react-dom.development.js:26473:7)
        at performConcurrentWorkOnRoot (/home/anastasiya/project_posthaste/posthaste/node_modules/react-dom/cjs/react-dom.development.js:25777:74)
        at flushActQueue (/home/anastasiya/project_posthaste/posthaste/node_modules/react/cjs/react.development.js:2667:24)
        at act (/home/anastasiya/project_posthaste/posthaste/node_modules/react/cjs/react.development.js:2582:11)
        at actWithWarning (/home/anastasiya/project_posthaste/posthaste/node_modules/react-dom/cjs/react-dom-test-utils.development.js:1740:10)
        at /home/anastasiya/project_posthaste/posthaste/node_modules/@testing-library/react/dist/act-compat.js:63:25
        at renderRoot (/home/anastasiya/project_posthaste/posthaste/node_modules/@testing-library/react/dist/pure.js:159:26)
        at render (/home/anastasiya/project_posthaste/posthaste/node_modules/@testing-library/react/dist/pure.js:246:10)
        at Object.<anonymous> (/home/anastasiya/project_posthaste/posthaste/src/contexts/tests/ThemeContext.test.tsx:53:11)
        at Promise.then.completed (/home/anastasiya/project_posthaste/posthaste/node_modules/jest-circus/build/utils.js:391:28)
        at new Promise (<anonymous>)
        at callAsyncCircusFn (/home/anastasiya/project_posthaste/posthaste/node_modules/jest-circus/build/utils.js:316:10)
        at _callCircusTest (/home/anastasiya/project_posthaste/posthaste/node_modules/jest-circus/build/run.js:218:40)
        at processTicksAndRejections (node:internal/process/task_queues:95:5)
        at _runTest (/home/anastasiya/project_posthaste/posthaste/node_modules/jest-circus/build/run.js:155:3)
        at _runTestsForDescribeBlock (/home/anastasiya/project_posthaste/posthaste/node_modules/jest-circus/build/run.js:66:9)
        at _runTestsForDescribeBlock (/home/anastasiya/project_posthaste/posthaste/node_modules/jest-circus/build/run.js:60:9)
        at run (/home/anastasiya/project_posthaste/posthaste/node_modules/jest-circus/build/run.js:25:3)
        at runAndTransformResultsToJestFormat (/home/anastasiya/project_posthaste/posthaste/node_modules/jest-circus/build/legacy-code-todo-rewrite/jestAdapterInit.js:170:21)
        at jestAdapter (/home/anastasiya/project_posthaste/posthaste/node_modules/jest-circus/build/legacy-code-todo-rewrite/jestAdapter.js:82:19)
        at runTestInternal (/home/anastasiya/project_posthaste/posthaste/node_modules/jest-runner/build/runTest.js:389:16)
        at runTest (/home/anastasiya/project_posthaste/posthaste/node_modules/jest-runner/build/runTest.js:475:34)
        at Object.worker (/home/anastasiya/project_posthaste/posthaste/node_modules/jest-runner/build/testWorker.js:133:12) TypeError: Cannot read properties of undefined (reading 'toString')
        at TestComponent (/home/anastasiya/project_posthaste/posthaste/src/contexts/tests/ThemeContext.test.tsx:31:43)
        at renderWithHooks (/home/anastasiya/project_posthaste/posthaste/node_modules/react-dom/cjs/react-dom.development.js:15486:18)
        at mountIndeterminateComponent (/home/anastasiya/project_posthaste/posthaste/node_modules/react-dom/cjs/react-dom.development.js:20103:13)
        at beginWork (/home/anastasiya/project_posthaste/posthaste/node_modules/react-dom/cjs/react-dom.development.js:21626:16)
        at HTMLUnknownElement.callCallback (/home/anastasiya/project_posthaste/posthaste/node_modules/react-dom/cjs/react-dom.development.js:4164:14)
        at HTMLUnknownElement.callTheUserObjectsOperation (/home/anastasiya/project_posthaste/posthaste/node_modules/jsdom/lib/jsdom/living/generated/EventListener.js:26:30)
        at innerInvokeEventListeners (/home/anastasiya/project_posthaste/posthaste/node_modules/jsdom/lib/jsdom/living/events/EventTarget-impl.js:338:25)
        at invokeEventListeners (/home/anastasiya/project_posthaste/posthaste/node_modules/jsdom/lib/jsdom/living/events/EventTarget-impl.js:274:3)
        at HTMLUnknownElementImpl._dispatch (/home/anastasiya/project_posthaste/posthaste/node_modules/jsdom/lib/jsdom/living/events/EventTarget-impl.js:221:9)
        at HTMLUnknownElementImpl.dispatchEvent (/home/anastasiya/project_posthaste/posthaste/node_modules/jsdom/lib/jsdom/living/events/EventTarget-impl.js:94:17)
        at HTMLUnknownElement.dispatchEvent (/home/anastasiya/project_posthaste/posthaste/node_modules/jsdom/lib/jsdom/living/generated/EventTarget.js:231:34)
        at Object.invokeGuardedCallbackDev (/home/anastasiya/project_posthaste/posthaste/node_modules/react-dom/cjs/react-dom.development.js:4213:16)
        at invokeGuardedCallback (/home/anastasiya/project_posthaste/posthaste/node_modules/react-dom/cjs/react-dom.development.js:4277:31)
        at beginWork$1 (/home/anastasiya/project_posthaste/posthaste/node_modules/react-dom/cjs/react-dom.development.js:27490:7)
        at performUnitOfWork (/home/anastasiya/project_posthaste/posthaste/node_modules/react-dom/cjs/react-dom.development.js:26599:12)
        at workLoopSync (/home/anastasiya/project_posthaste/posthaste/node_modules/react-dom/cjs/react-dom.development.js:26505:5)
        at renderRootSync (/home/anastasiya/project_posthaste/posthaste/node_modules/react-dom/cjs/react-dom.development.js:26473:7)
        at performConcurrentWorkOnRoot (/home/anastasiya/project_posthaste/posthaste/node_modules/react-dom/cjs/react-dom.development.js:25777:74)
        at flushActQueue (/home/anastasiya/project_posthaste/posthaste/node_modules/react/cjs/react.development.js:2667:24)
        at act (/home/anastasiya/project_posthaste/posthaste/node_modules/react/cjs/react.development.js:2582:11)
        at actWithWarning (/home/anastasiya/project_posthaste/posthaste/node_modules/react-dom/cjs/react-dom-test-utils.development.js:1740:10)
        at /home/anastasiya/project_posthaste/posthaste/node_modules/@testing-library/react/dist/act-compat.js:63:25
        at renderRoot (/home/anastasiya/project_posthaste/posthaste/node_modules/@testing-library/react/dist/pure.js:159:26)
        at render (/home/anastasiya/project_posthaste/posthaste/node_modules/@testing-library/react/dist/pure.js:246:10)
        at Object.<anonymous> (/home/anastasiya/project_posthaste/posthaste/src/contexts/tests/ThemeContext.test.tsx:53:11)
        at Promise.then.completed (/home/anastasiya/project_posthaste/posthaste/node_modules/jest-circus/build/utils.js:391:28)
        at new Promise (<anonymous>)
        at callAsyncCircusFn (/home/anastasiya/project_posthaste/posthaste/node_modules/jest-circus/build/utils.js:316:10)
        at _callCircusTest (/home/anastasiya/project_posthaste/posthaste/node_modules/jest-circus/build/run.js:218:40)
        at processTicksAndRejections (node:internal/process/task_queues:95:5)
        at _runTest (/home/anastasiya/project_posthaste/posthaste/node_modules/jest-circus/build/run.js:155:3)
        at _runTestsForDescribeBlock (/home/anastasiya/project_posthaste/posthaste/node_modules/jest-circus/build/run.js:66:9)
        at _runTestsForDescribeBlock (/home/anastasiya/project_posthaste/posthaste/node_modules/jest-circus/build/run.js:60:9)
        at run (/home/anastasiya/project_posthaste/posthaste/node_modules/jest-circus/build/run.js:25:3)
        at runAndTransformResultsToJestFormat (/home/anastasiya/project_posthaste/posthaste/node_modules/jest-circus/build/legacy-code-todo-rewrite/jestAdapterInit.js:170:21)
        at jestAdapter (/home/anastasiya/project_posthaste/posthaste/node_modules/jest-circus/build/legacy-code-todo-rewrite/jestAdapter.js:82:19)
        at runTestInternal (/home/anastasiya/project_posthaste/posthaste/node_modules/jest-runner/build/runTest.js:389:16)
        at runTest (/home/anastasiya/project_posthaste/posthaste/node_modules/jest-runner/build/runTest.js:475:34)
        at Object.worker (/home/anastasiya/project_posthaste/posthaste/node_modules/jest-runner/build/testWorker.js:133:12)

      112 |       return;
      113 |     }
    > 114 |     originalError.call(console, ...args);
          |                   ^
      115 |   };
      116 | });
      117 |

      at console.error (src/setupTests.ts:114:19)
      at VirtualConsole.<anonymous> (node_modules/jsdom/lib/jsdom/virtual-console.js:29:45)
      at reportException (node_modules/jsdom/lib/jsdom/living/helpers/runtime-script-errors.js:70:28)
      at innerInvokeEventListeners (node_modules/jsdom/lib/jsdom/living/events/EventTarget-impl.js:341:9)
      at invokeEventListeners (node_modules/jsdom/lib/jsdom/living/events/EventTarget-impl.js:274:3)
      at HTMLUnknownElementImpl._dispatch (node_modules/jsdom/lib/jsdom/living/events/EventTarget-impl.js:221:9)
      at HTMLUnknownElementImpl.dispatchEvent (node_modules/jsdom/lib/jsdom/living/events/EventTarget-impl.js:94:17)
      at HTMLUnknownElement.dispatchEvent (node_modules/jsdom/lib/jsdom/living/generated/EventTarget.js:231:34)
      at Object.invokeGuardedCallbackDev (node_modules/react-dom/cjs/react-dom.development.js:4213:16)
      at invokeGuardedCallback (node_modules/react-dom/cjs/react-dom.development.js:4277:31)
      at beginWork$1 (node_modules/react-dom/cjs/react-dom.development.js:27490:7)
      at performUnitOfWork (node_modules/react-dom/cjs/react-dom.development.js:26599:12)
      at workLoopSync (node_modules/react-dom/cjs/react-dom.development.js:26505:5)
      at renderRootSync (node_modules/react-dom/cjs/react-dom.development.js:26473:7)
      at performConcurrentWorkOnRoot (node_modules/react-dom/cjs/react-dom.development.js:25777:74)
      at flushActQueue (node_modules/react/cjs/react.development.js:2667:24)
      at act (node_modules/react/cjs/react.development.js:2582:11)
      at actWithWarning (node_modules/react-dom/cjs/react-dom-test-utils.development.js:1740:10)
      at node_modules/@testing-library/react/dist/act-compat.js:63:25
      at renderRoot (node_modules/@testing-library/react/dist/pure.js:159:26)
      at render (node_modules/@testing-library/react/dist/pure.js:246:10)
      at Object.<anonymous> (src/contexts/tests/ThemeContext.test.tsx:53:11)

  console.error
    Error: Uncaught [TypeError: Cannot read properties of undefined (reading 'toString')]
        at reportException (/home/anastasiya/project_posthaste/posthaste/node_modules/jsdom/lib/jsdom/living/helpers/runtime-script-errors.js:66:24)
        at innerInvokeEventListeners (/home/anastasiya/project_posthaste/posthaste/node_modules/jsdom/lib/jsdom/living/events/EventTarget-impl.js:341:9)
        at invokeEventListeners (/home/anastasiya/project_posthaste/posthaste/node_modules/jsdom/lib/jsdom/living/events/EventTarget-impl.js:274:3)
        at HTMLUnknownElementImpl._dispatch (/home/anastasiya/project_posthaste/posthaste/node_modules/jsdom/lib/jsdom/living/events/EventTarget-impl.js:221:9)
        at HTMLUnknownElementImpl.dispatchEvent (/home/anastasiya/project_posthaste/posthaste/node_modules/jsdom/lib/jsdom/living/events/EventTarget-impl.js:94:17)
        at HTMLUnknownElement.dispatchEvent (/home/anastasiya/project_posthaste/posthaste/node_modules/jsdom/lib/jsdom/living/generated/EventTarget.js:231:34)
        at Object.invokeGuardedCallbackDev (/home/anastasiya/project_posthaste/posthaste/node_modules/react-dom/cjs/react-dom.development.js:4213:16)
        at invokeGuardedCallback (/home/anastasiya/project_posthaste/posthaste/node_modules/react-dom/cjs/react-dom.development.js:4277:31)
        at beginWork$1 (/home/anastasiya/project_posthaste/posthaste/node_modules/react-dom/cjs/react-dom.development.js:27490:7)
        at performUnitOfWork (/home/anastasiya/project_posthaste/posthaste/node_modules/react-dom/cjs/react-dom.development.js:26599:12)
        at workLoopSync (/home/anastasiya/project_posthaste/posthaste/node_modules/react-dom/cjs/react-dom.development.js:26505:5)
        at renderRootSync (/home/anastasiya/project_posthaste/posthaste/node_modules/react-dom/cjs/react-dom.development.js:26473:7)
        at recoverFromConcurrentError (/home/anastasiya/project_posthaste/posthaste/node_modules/react-dom/cjs/react-dom.development.js:25889:20)
        at performConcurrentWorkOnRoot (/home/anastasiya/project_posthaste/posthaste/node_modules/react-dom/cjs/react-dom.development.js:25789:22)
        at flushActQueue (/home/anastasiya/project_posthaste/posthaste/node_modules/react/cjs/react.development.js:2667:24)
        at act (/home/anastasiya/project_posthaste/posthaste/node_modules/react/cjs/react.development.js:2582:11)
        at actWithWarning (/home/anastasiya/project_posthaste/posthaste/node_modules/react-dom/cjs/react-dom-test-utils.development.js:1740:10)
        at /home/anastasiya/project_posthaste/posthaste/node_modules/@testing-library/react/dist/act-compat.js:63:25
        at renderRoot (/home/anastasiya/project_posthaste/posthaste/node_modules/@testing-library/react/dist/pure.js:159:26)
        at render (/home/anastasiya/project_posthaste/posthaste/node_modules/@testing-library/react/dist/pure.js:246:10)
        at Object.<anonymous> (/home/anastasiya/project_posthaste/posthaste/src/contexts/tests/ThemeContext.test.tsx:53:11)
        at Promise.then.completed (/home/anastasiya/project_posthaste/posthaste/node_modules/jest-circus/build/utils.js:391:28)
        at new Promise (<anonymous>)
        at callAsyncCircusFn (/home/anastasiya/project_posthaste/posthaste/node_modules/jest-circus/build/utils.js:316:10)
        at _callCircusTest (/home/anastasiya/project_posthaste/posthaste/node_modules/jest-circus/build/run.js:218:40)
        at processTicksAndRejections (node:internal/process/task_queues:95:5)
        at _runTest (/home/anastasiya/project_posthaste/posthaste/node_modules/jest-circus/build/run.js:155:3)
        at _runTestsForDescribeBlock (/home/anastasiya/project_posthaste/posthaste/node_modules/jest-circus/build/run.js:66:9)
        at _runTestsForDescribeBlock (/home/anastasiya/project_posthaste/posthaste/node_modules/jest-circus/build/run.js:60:9)
        at run (/home/anastasiya/project_posthaste/posthaste/node_modules/jest-circus/build/run.js:25:3)
        at runAndTransformResultsToJestFormat (/home/anastasiya/project_posthaste/posthaste/node_modules/jest-circus/build/legacy-code-todo-rewrite/jestAdapterInit.js:170:21)
        at jestAdapter (/home/anastasiya/project_posthaste/posthaste/node_modules/jest-circus/build/legacy-code-todo-rewrite/jestAdapter.js:82:19)
        at runTestInternal (/home/anastasiya/project_posthaste/posthaste/node_modules/jest-runner/build/runTest.js:389:16)
        at runTest (/home/anastasiya/project_posthaste/posthaste/node_modules/jest-runner/build/runTest.js:475:34)
        at Object.worker (/home/anastasiya/project_posthaste/posthaste/node_modules/jest-runner/build/testWorker.js:133:12) TypeError: Cannot read properties of undefined (reading 'toString')
        at TestComponent (/home/anastasiya/project_posthaste/posthaste/src/contexts/tests/ThemeContext.test.tsx:31:43)
        at renderWithHooks (/home/anastasiya/project_posthaste/posthaste/node_modules/react-dom/cjs/react-dom.development.js:15486:18)
        at mountIndeterminateComponent (/home/anastasiya/project_posthaste/posthaste/node_modules/react-dom/cjs/react-dom.development.js:20103:13)
        at beginWork (/home/anastasiya/project_posthaste/posthaste/node_modules/react-dom/cjs/react-dom.development.js:21626:16)
        at HTMLUnknownElement.callCallback (/home/anastasiya/project_posthaste/posthaste/node_modules/react-dom/cjs/react-dom.development.js:4164:14)
        at HTMLUnknownElement.callTheUserObjectsOperation (/home/anastasiya/project_posthaste/posthaste/node_modules/jsdom/lib/jsdom/living/generated/EventListener.js:26:30)
        at innerInvokeEventListeners (/home/anastasiya/project_posthaste/posthaste/node_modules/jsdom/lib/jsdom/living/events/EventTarget-impl.js:338:25)
        at invokeEventListeners (/home/anastasiya/project_posthaste/posthaste/node_modules/jsdom/lib/jsdom/living/events/EventTarget-impl.js:274:3)
        at HTMLUnknownElementImpl._dispatch (/home/anastasiya/project_posthaste/posthaste/node_modules/jsdom/lib/jsdom/living/events/EventTarget-impl.js:221:9)
        at HTMLUnknownElementImpl.dispatchEvent (/home/anastasiya/project_posthaste/posthaste/node_modules/jsdom/lib/jsdom/living/events/EventTarget-impl.js:94:17)
        at HTMLUnknownElement.dispatchEvent (/home/anastasiya/project_posthaste/posthaste/node_modules/jsdom/lib/jsdom/living/generated/EventTarget.js:231:34)
        at Object.invokeGuardedCallbackDev (/home/anastasiya/project_posthaste/posthaste/node_modules/react-dom/cjs/react-dom.development.js:4213:16)
        at invokeGuardedCallback (/home/anastasiya/project_posthaste/posthaste/node_modules/react-dom/cjs/react-dom.development.js:4277:31)
        at beginWork$1 (/home/anastasiya/project_posthaste/posthaste/node_modules/react-dom/cjs/react-dom.development.js:27490:7)
        at performUnitOfWork (/home/anastasiya/project_posthaste/posthaste/node_modules/react-dom/cjs/react-dom.development.js:26599:12)
        at workLoopSync (/home/anastasiya/project_posthaste/posthaste/node_modules/react-dom/cjs/react-dom.development.js:26505:5)
        at renderRootSync (/home/anastasiya/project_posthaste/posthaste/node_modules/react-dom/cjs/react-dom.development.js:26473:7)
        at recoverFromConcurrentError (/home/anastasiya/project_posthaste/posthaste/node_modules/react-dom/cjs/react-dom.development.js:25889:20)
        at performConcurrentWorkOnRoot (/home/anastasiya/project_posthaste/posthaste/node_modules/react-dom/cjs/react-dom.development.js:25789:22)
        at flushActQueue (/home/anastasiya/project_posthaste/posthaste/node_modules/react/cjs/react.development.js:2667:24)
        at act (/home/anastasiya/project_posthaste/posthaste/node_modules/react/cjs/react.development.js:2582:11)
        at actWithWarning (/home/anastasiya/project_posthaste/posthaste/node_modules/react-dom/cjs/react-dom-test-utils.development.js:1740:10)
        at /home/anastasiya/project_posthaste/posthaste/node_modules/@testing-library/react/dist/act-compat.js:63:25
        at renderRoot (/home/anastasiya/project_posthaste/posthaste/node_modules/@testing-library/react/dist/pure.js:159:26)
        at render (/home/anastasiya/project_posthaste/posthaste/node_modules/@testing-library/react/dist/pure.js:246:10)
        at Object.<anonymous> (/home/anastasiya/project_posthaste/posthaste/src/contexts/tests/ThemeContext.test.tsx:53:11)
        at Promise.then.completed (/home/anastasiya/project_posthaste/posthaste/node_modules/jest-circus/build/utils.js:391:28)
        at new Promise (<anonymous>)
        at callAsyncCircusFn (/home/anastasiya/project_posthaste/posthaste/node_modules/jest-circus/build/utils.js:316:10)
        at _callCircusTest (/home/anastasiya/project_posthaste/posthaste/node_modules/jest-circus/build/run.js:218:40)
        at processTicksAndRejections (node:internal/process/task_queues:95:5)
        at _runTest (/home/anastasiya/project_posthaste/posthaste/node_modules/jest-circus/build/run.js:155:3)
        at _runTestsForDescribeBlock (/home/anastasiya/project_posthaste/posthaste/node_modules/jest-circus/build/run.js:66:9)
        at _runTestsForDescribeBlock (/home/anastasiya/project_posthaste/posthaste/node_modules/jest-circus/build/run.js:60:9)
        at run (/home/anastasiya/project_posthaste/posthaste/node_modules/jest-circus/build/run.js:25:3)
        at runAndTransformResultsToJestFormat (/home/anastasiya/project_posthaste/posthaste/node_modules/jest-circus/build/legacy-code-todo-rewrite/jestAdapterInit.js:170:21)
        at jestAdapter (/home/anastasiya/project_posthaste/posthaste/node_modules/jest-circus/build/legacy-code-todo-rewrite/jestAdapter.js:82:19)
        at runTestInternal (/home/anastasiya/project_posthaste/posthaste/node_modules/jest-runner/build/runTest.js:389:16)
        at runTest (/home/anastasiya/project_posthaste/posthaste/node_modules/jest-runner/build/runTest.js:475:34)
        at Object.worker (/home/anastasiya/project_posthaste/posthaste/node_modules/jest-runner/build/testWorker.js:133:12)

      112 |       return;
      113 |     }
    > 114 |     originalError.call(console, ...args);
          |                   ^
      115 |   };
      116 | });
      117 |

      at console.error (src/setupTests.ts:114:19)
      at VirtualConsole.<anonymous> (node_modules/jsdom/lib/jsdom/virtual-console.js:29:45)
      at reportException (node_modules/jsdom/lib/jsdom/living/helpers/runtime-script-errors.js:70:28)
      at innerInvokeEventListeners (node_modules/jsdom/lib/jsdom/living/events/EventTarget-impl.js:341:9)
      at invokeEventListeners (node_modules/jsdom/lib/jsdom/living/events/EventTarget-impl.js:274:3)
      at HTMLUnknownElementImpl._dispatch (node_modules/jsdom/lib/jsdom/living/events/EventTarget-impl.js:221:9)
      at HTMLUnknownElementImpl.dispatchEvent (node_modules/jsdom/lib/jsdom/living/events/EventTarget-impl.js:94:17)
      at HTMLUnknownElement.dispatchEvent (node_modules/jsdom/lib/jsdom/living/generated/EventTarget.js:231:34)
      at Object.invokeGuardedCallbackDev (node_modules/react-dom/cjs/react-dom.development.js:4213:16)
      at invokeGuardedCallback (node_modules/react-dom/cjs/react-dom.development.js:4277:31)
      at beginWork$1 (node_modules/react-dom/cjs/react-dom.development.js:27490:7)
      at performUnitOfWork (node_modules/react-dom/cjs/react-dom.development.js:26599:12)
      at workLoopSync (node_modules/react-dom/cjs/react-dom.development.js:26505:5)
      at renderRootSync (node_modules/react-dom/cjs/react-dom.development.js:26473:7)
      at recoverFromConcurrentError (node_modules/react-dom/cjs/react-dom.development.js:25889:20)
      at performConcurrentWorkOnRoot (node_modules/react-dom/cjs/react-dom.development.js:25789:22)
      at flushActQueue (node_modules/react/cjs/react.development.js:2667:24)
      at act (node_modules/react/cjs/react.development.js:2582:11)
      at actWithWarning (node_modules/react-dom/cjs/react-dom-test-utils.development.js:1740:10)
      at node_modules/@testing-library/react/dist/act-compat.js:63:25
      at renderRoot (node_modules/@testing-library/react/dist/pure.js:159:26)
      at render (node_modules/@testing-library/react/dist/pure.js:246:10)
      at Object.<anonymous> (src/contexts/tests/ThemeContext.test.tsx:53:11)

  console.error
    The above error occurred in the <TestComponent> component:
    
        at TestComponent (/home/anastasiya/project_posthaste/posthaste/src/contexts/tests/ThemeContext.test.tsx:26:50)
        at ThemeProvider (/home/anastasiya/project_posthaste/posthaste/src/contexts/ThemeContext.tsx:26:63)
    
    Consider adding an error boundary to your tree to customize error handling behavior.
    Visit https://reactjs.org/link/error-boundaries to learn more about error boundaries.

      112 |       return;
      113 |     }
    > 114 |     originalError.call(console, ...args);
          |                   ^
      115 |   };
      116 | });
      117 |

      at console.error (src/setupTests.ts:114:19)
      at logCapturedError (node_modules/react-dom/cjs/react-dom.development.js:18704:23)
      at update.callback (node_modules/react-dom/cjs/react-dom.development.js:18737:5)
      at callCallback (node_modules/react-dom/cjs/react-dom.development.js:15036:12)
      at commitUpdateQueue (node_modules/react-dom/cjs/react-dom.development.js:15057:9)
      at commitLayoutEffectOnFiber (node_modules/react-dom/cjs/react-dom.development.js:23430:13)
      at commitLayoutMountEffects_complete (node_modules/react-dom/cjs/react-dom.development.js:24727:9)
      at commitLayoutEffects_begin (node_modules/react-dom/cjs/react-dom.development.js:24713:7)
      at commitLayoutEffects (node_modules/react-dom/cjs/react-dom.development.js:24651:3)
      at commitRootImpl (node_modules/react-dom/cjs/react-dom.development.js:26862:5)
      at commitRoot (node_modules/react-dom/cjs/react-dom.development.js:26721:5)
      at finishConcurrentRender (node_modules/react-dom/cjs/react-dom.development.js:25931:9)
      at performConcurrentWorkOnRoot (node_modules/react-dom/cjs/react-dom.development.js:25848:7)
      at flushActQueue (node_modules/react/cjs/react.development.js:2667:24)
      at act (node_modules/react/cjs/react.development.js:2582:11)
      at actWithWarning (node_modules/react-dom/cjs/react-dom-test-utils.development.js:1740:10)
      at node_modules/@testing-library/react/dist/act-compat.js:63:25
      at renderRoot (node_modules/@testing-library/react/dist/pure.js:159:26)
      at render (node_modules/@testing-library/react/dist/pure.js:246:10)
      at Object.<anonymous> (src/contexts/tests/ThemeContext.test.tsx:53:11)

  console.error
    Error: Uncaught [TypeError: Cannot read properties of undefined (reading 'toString')]
        at reportException (/home/anastasiya/project_posthaste/posthaste/node_modules/jsdom/lib/jsdom/living/helpers/runtime-script-errors.js:66:24)
        at innerInvokeEventListeners (/home/anastasiya/project_posthaste/posthaste/node_modules/jsdom/lib/jsdom/living/events/EventTarget-impl.js:341:9)
        at invokeEventListeners (/home/anastasiya/project_posthaste/posthaste/node_modules/jsdom/lib/jsdom/living/events/EventTarget-impl.js:274:3)
        at HTMLUnknownElementImpl._dispatch (/home/anastasiya/project_posthaste/posthaste/node_modules/jsdom/lib/jsdom/living/events/EventTarget-impl.js:221:9)
        at HTMLUnknownElementImpl.dispatchEvent (/home/anastasiya/project_posthaste/posthaste/node_modules/jsdom/lib/jsdom/living/events/EventTarget-impl.js:94:17)
        at HTMLUnknownElement.dispatchEvent (/home/anastasiya/project_posthaste/posthaste/node_modules/jsdom/lib/jsdom/living/generated/EventTarget.js:231:34)
        at Object.invokeGuardedCallbackDev (/home/anastasiya/project_posthaste/posthaste/node_modules/react-dom/cjs/react-dom.development.js:4213:16)
        at invokeGuardedCallback (/home/anastasiya/project_posthaste/posthaste/node_modules/react-dom/cjs/react-dom.development.js:4277:31)
        at beginWork$1 (/home/anastasiya/project_posthaste/posthaste/node_modules/react-dom/cjs/react-dom.development.js:27490:7)
        at performUnitOfWork (/home/anastasiya/project_posthaste/posthaste/node_modules/react-dom/cjs/react-dom.development.js:26599:12)
        at workLoopSync (/home/anastasiya/project_posthaste/posthaste/node_modules/react-dom/cjs/react-dom.development.js:26505:5)
        at renderRootSync (/home/anastasiya/project_posthaste/posthaste/node_modules/react-dom/cjs/react-dom.development.js:26473:7)
        at performConcurrentWorkOnRoot (/home/anastasiya/project_posthaste/posthaste/node_modules/react-dom/cjs/react-dom.development.js:25777:74)
        at flushActQueue (/home/anastasiya/project_posthaste/posthaste/node_modules/react/cjs/react.development.js:2667:24)
        at act (/home/anastasiya/project_posthaste/posthaste/node_modules/react/cjs/react.development.js:2582:11)
        at actWithWarning (/home/anastasiya/project_posthaste/posthaste/node_modules/react-dom/cjs/react-dom-test-utils.development.js:1740:10)
        at /home/anastasiya/project_posthaste/posthaste/node_modules/@testing-library/react/dist/act-compat.js:63:25
        at renderRoot (/home/anastasiya/project_posthaste/posthaste/node_modules/@testing-library/react/dist/pure.js:159:26)
        at render (/home/anastasiya/project_posthaste/posthaste/node_modules/@testing-library/react/dist/pure.js:246:10)
        at Object.<anonymous> (/home/anastasiya/project_posthaste/posthaste/src/contexts/tests/ThemeContext.test.tsx:71:11)
        at Promise.then.completed (/home/anastasiya/project_posthaste/posthaste/node_modules/jest-circus/build/utils.js:391:28)
        at new Promise (<anonymous>)
        at callAsyncCircusFn (/home/anastasiya/project_posthaste/posthaste/node_modules/jest-circus/build/utils.js:316:10)
        at _callCircusTest (/home/anastasiya/project_posthaste/posthaste/node_modules/jest-circus/build/run.js:218:40)
        at processTicksAndRejections (node:internal/process/task_queues:95:5)
        at _runTest (/home/anastasiya/project_posthaste/posthaste/node_modules/jest-circus/build/run.js:155:3)
        at _runTestsForDescribeBlock (/home/anastasiya/project_posthaste/posthaste/node_modules/jest-circus/build/run.js:66:9)
        at _runTestsForDescribeBlock (/home/anastasiya/project_posthaste/posthaste/node_modules/jest-circus/build/run.js:60:9)
        at run (/home/anastasiya/project_posthaste/posthaste/node_modules/jest-circus/build/run.js:25:3)
        at runAndTransformResultsToJestFormat (/home/anastasiya/project_posthaste/posthaste/node_modules/jest-circus/build/legacy-code-todo-rewrite/jestAdapterInit.js:170:21)
        at jestAdapter (/home/anastasiya/project_posthaste/posthaste/node_modules/jest-circus/build/legacy-code-todo-rewrite/jestAdapter.js:82:19)
        at runTestInternal (/home/anastasiya/project_posthaste/posthaste/node_modules/jest-runner/build/runTest.js:389:16)
        at runTest (/home/anastasiya/project_posthaste/posthaste/node_modules/jest-runner/build/runTest.js:475:34)
        at Object.worker (/home/anastasiya/project_posthaste/posthaste/node_modules/jest-runner/build/testWorker.js:133:12) TypeError: Cannot read properties of undefined (reading 'toString')
        at TestComponent (/home/anastasiya/project_posthaste/posthaste/src/contexts/tests/ThemeContext.test.tsx:31:43)
        at renderWithHooks (/home/anastasiya/project_posthaste/posthaste/node_modules/react-dom/cjs/react-dom.development.js:15486:18)
        at mountIndeterminateComponent (/home/anastasiya/project_posthaste/posthaste/node_modules/react-dom/cjs/react-dom.development.js:20103:13)
        at beginWork (/home/anastasiya/project_posthaste/posthaste/node_modules/react-dom/cjs/react-dom.development.js:21626:16)
        at HTMLUnknownElement.callCallback (/home/anastasiya/project_posthaste/posthaste/node_modules/react-dom/cjs/react-dom.development.js:4164:14)
        at HTMLUnknownElement.callTheUserObjectsOperation (/home/anastasiya/project_posthaste/posthaste/node_modules/jsdom/lib/jsdom/living/generated/EventListener.js:26:30)
        at innerInvokeEventListeners (/home/anastasiya/project_posthaste/posthaste/node_modules/jsdom/lib/jsdom/living/events/EventTarget-impl.js:338:25)
        at invokeEventListeners (/home/anastasiya/project_posthaste/posthaste/node_modules/jsdom/lib/jsdom/living/events/EventTarget-impl.js:274:3)
        at HTMLUnknownElementImpl._dispatch (/home/anastasiya/project_posthaste/posthaste/node_modules/jsdom/lib/jsdom/living/events/EventTarget-impl.js:221:9)
        at HTMLUnknownElementImpl.dispatchEvent (/home/anastasiya/project_posthaste/posthaste/node_modules/jsdom/lib/jsdom/living/events/EventTarget-impl.js:94:17)
        at HTMLUnknownElement.dispatchEvent (/home/anastasiya/project_posthaste/posthaste/node_modules/jsdom/lib/jsdom/living/generated/EventTarget.js:231:34)
        at Object.invokeGuardedCallbackDev (/home/anastasiya/project_posthaste/posthaste/node_modules/react-dom/cjs/react-dom.development.js:4213:16)
        at invokeGuardedCallback (/home/anastasiya/project_posthaste/posthaste/node_modules/react-dom/cjs/react-dom.development.js:4277:31)
        at beginWork$1 (/home/anastasiya/project_posthaste/posthaste/node_modules/react-dom/cjs/react-dom.development.js:27490:7)
        at performUnitOfWork (/home/anastasiya/project_posthaste/posthaste/node_modules/react-dom/cjs/react-dom.development.js:26599:12)
        at workLoopSync (/home/anastasiya/project_posthaste/posthaste/node_modules/react-dom/cjs/react-dom.development.js:26505:5)
        at renderRootSync (/home/anastasiya/project_posthaste/posthaste/node_modules/react-dom/cjs/react-dom.development.js:26473:7)
        at performConcurrentWorkOnRoot (/home/anastasiya/project_posthaste/posthaste/node_modules/react-dom/cjs/react-dom.development.js:25777:74)
        at flushActQueue (/home/anastasiya/project_posthaste/posthaste/node_modules/react/cjs/react.development.js:2667:24)
        at act (/home/anastasiya/project_posthaste/posthaste/node_modules/react/cjs/react.development.js:2582:11)
        at actWithWarning (/home/anastasiya/project_posthaste/posthaste/node_modules/react-dom/cjs/react-dom-test-utils.development.js:1740:10)
        at /home/anastasiya/project_posthaste/posthaste/node_modules/@testing-library/react/dist/act-compat.js:63:25
        at renderRoot (/home/anastasiya/project_posthaste/posthaste/node_modules/@testing-library/react/dist/pure.js:159:26)
        at render (/home/anastasiya/project_posthaste/posthaste/node_modules/@testing-library/react/dist/pure.js:246:10)
        at Object.<anonymous> (/home/anastasiya/project_posthaste/posthaste/src/contexts/tests/ThemeContext.test.tsx:71:11)
        at Promise.then.completed (/home/anastasiya/project_posthaste/posthaste/node_modules/jest-circus/build/utils.js:391:28)
        at new Promise (<anonymous>)
        at callAsyncCircusFn (/home/anastasiya/project_posthaste/posthaste/node_modules/jest-circus/build/utils.js:316:10)
        at _callCircusTest (/home/anastasiya/project_posthaste/posthaste/node_modules/jest-circus/build/run.js:218:40)
        at processTicksAndRejections (node:internal/process/task_queues:95:5)
        at _runTest (/home/anastasiya/project_posthaste/posthaste/node_modules/jest-circus/build/run.js:155:3)
        at _runTestsForDescribeBlock (/home/anastasiya/project_posthaste/posthaste/node_modules/jest-circus/build/run.js:66:9)
        at _runTestsForDescribeBlock (/home/anastasiya/project_posthaste/posthaste/node_modules/jest-circus/build/run.js:60:9)
        at run (/home/anastasiya/project_posthaste/posthaste/node_modules/jest-circus/build/run.js:25:3)
        at runAndTransformResultsToJestFormat (/home/anastasiya/project_posthaste/posthaste/node_modules/jest-circus/build/legacy-code-todo-rewrite/jestAdapterInit.js:170:21)
        at jestAdapter (/home/anastasiya/project_posthaste/posthaste/node_modules/jest-circus/build/legacy-code-todo-rewrite/jestAdapter.js:82:19)
        at runTestInternal (/home/anastasiya/project_posthaste/posthaste/node_modules/jest-runner/build/runTest.js:389:16)
        at runTest (/home/anastasiya/project_posthaste/posthaste/node_modules/jest-runner/build/runTest.js:475:34)
        at Object.worker (/home/anastasiya/project_posthaste/posthaste/node_modules/jest-runner/build/testWorker.js:133:12)

      112 |       return;
      113 |     }
    > 114 |     originalError.call(console, ...args);
          |                   ^
      115 |   };
      116 | });
      117 |

      at console.error (src/setupTests.ts:114:19)
      at VirtualConsole.<anonymous> (node_modules/jsdom/lib/jsdom/virtual-console.js:29:45)
      at reportException (node_modules/jsdom/lib/jsdom/living/helpers/runtime-script-errors.js:70:28)
      at innerInvokeEventListeners (node_modules/jsdom/lib/jsdom/living/events/EventTarget-impl.js:341:9)
      at invokeEventListeners (node_modules/jsdom/lib/jsdom/living/events/EventTarget-impl.js:274:3)
      at HTMLUnknownElementImpl._dispatch (node_modules/jsdom/lib/jsdom/living/events/EventTarget-impl.js:221:9)
      at HTMLUnknownElementImpl.dispatchEvent (node_modules/jsdom/lib/jsdom/living/events/EventTarget-impl.js:94:17)
      at HTMLUnknownElement.dispatchEvent (node_modules/jsdom/lib/jsdom/living/generated/EventTarget.js:231:34)
      at Object.invokeGuardedCallbackDev (node_modules/react-dom/cjs/react-dom.development.js:4213:16)
      at invokeGuardedCallback (node_modules/react-dom/cjs/react-dom.development.js:4277:31)
      at beginWork$1 (node_modules/react-dom/cjs/react-dom.development.js:27490:7)
      at performUnitOfWork (node_modules/react-dom/cjs/react-dom.development.js:26599:12)
      at workLoopSync (node_modules/react-dom/cjs/react-dom.development.js:26505:5)
      at renderRootSync (node_modules/react-dom/cjs/react-dom.development.js:26473:7)
      at performConcurrentWorkOnRoot (node_modules/react-dom/cjs/react-dom.development.js:25777:74)
      at flushActQueue (node_modules/react/cjs/react.development.js:2667:24)
      at act (node_modules/react/cjs/react.development.js:2582:11)
      at actWithWarning (node_modules/react-dom/cjs/react-dom-test-utils.development.js:1740:10)
      at node_modules/@testing-library/react/dist/act-compat.js:63:25
      at renderRoot (node_modules/@testing-library/react/dist/pure.js:159:26)
      at render (node_modules/@testing-library/react/dist/pure.js:246:10)
      at Object.<anonymous> (src/contexts/tests/ThemeContext.test.tsx:71:11)

  console.error
    Error: Uncaught [TypeError: Cannot read properties of undefined (reading 'toString')]
        at reportException (/home/anastasiya/project_posthaste/posthaste/node_modules/jsdom/lib/jsdom/living/helpers/runtime-script-errors.js:66:24)
        at innerInvokeEventListeners (/home/anastasiya/project_posthaste/posthaste/node_modules/jsdom/lib/jsdom/living/events/EventTarget-impl.js:341:9)
        at invokeEventListeners (/home/anastasiya/project_posthaste/posthaste/node_modules/jsdom/lib/jsdom/living/events/EventTarget-impl.js:274:3)
        at HTMLUnknownElementImpl._dispatch (/home/anastasiya/project_posthaste/posthaste/node_modules/jsdom/lib/jsdom/living/events/EventTarget-impl.js:221:9)
        at HTMLUnknownElementImpl.dispatchEvent (/home/anastasiya/project_posthaste/posthaste/node_modules/jsdom/lib/jsdom/living/events/EventTarget-impl.js:94:17)
        at HTMLUnknownElement.dispatchEvent (/home/anastasiya/project_posthaste/posthaste/node_modules/jsdom/lib/jsdom/living/generated/EventTarget.js:231:34)
        at Object.invokeGuardedCallbackDev (/home/anastasiya/project_posthaste/posthaste/node_modules/react-dom/cjs/react-dom.development.js:4213:16)
        at invokeGuardedCallback (/home/anastasiya/project_posthaste/posthaste/node_modules/react-dom/cjs/react-dom.development.js:4277:31)
        at beginWork$1 (/home/anastasiya/project_posthaste/posthaste/node_modules/react-dom/cjs/react-dom.development.js:27490:7)
        at performUnitOfWork (/home/anastasiya/project_posthaste/posthaste/node_modules/react-dom/cjs/react-dom.development.js:26599:12)
        at workLoopSync (/home/anastasiya/project_posthaste/posthaste/node_modules/react-dom/cjs/react-dom.development.js:26505:5)
        at renderRootSync (/home/anastasiya/project_posthaste/posthaste/node_modules/react-dom/cjs/react-dom.development.js:26473:7)
        at recoverFromConcurrentError (/home/anastasiya/project_posthaste/posthaste/node_modules/react-dom/cjs/react-dom.development.js:25889:20)
        at performConcurrentWorkOnRoot (/home/anastasiya/project_posthaste/posthaste/node_modules/react-dom/cjs/react-dom.development.js:25789:22)
        at flushActQueue (/home/anastasiya/project_posthaste/posthaste/node_modules/react/cjs/react.development.js:2667:24)
        at act (/home/anastasiya/project_posthaste/posthaste/node_modules/react/cjs/react.development.js:2582:11)
        at actWithWarning (/home/anastasiya/project_posthaste/posthaste/node_modules/react-dom/cjs/react-dom-test-utils.development.js:1740:10)
        at /home/anastasiya/project_posthaste/posthaste/node_modules/@testing-library/react/dist/act-compat.js:63:25
        at renderRoot (/home/anastasiya/project_posthaste/posthaste/node_modules/@testing-library/react/dist/pure.js:159:26)
        at render (/home/anastasiya/project_posthaste/posthaste/node_modules/@testing-library/react/dist/pure.js:246:10)
        at Object.<anonymous> (/home/anastasiya/project_posthaste/posthaste/src/contexts/tests/ThemeContext.test.tsx:71:11)
        at Promise.then.completed (/home/anastasiya/project_posthaste/posthaste/node_modules/jest-circus/build/utils.js:391:28)
        at new Promise (<anonymous>)
        at callAsyncCircusFn (/home/anastasiya/project_posthaste/posthaste/node_modules/jest-circus/build/utils.js:316:10)
        at _callCircusTest (/home/anastasiya/project_posthaste/posthaste/node_modules/jest-circus/build/run.js:218:40)
        at processTicksAndRejections (node:internal/process/task_queues:95:5)
        at _runTest (/home/anastasiya/project_posthaste/posthaste/node_modules/jest-circus/build/run.js:155:3)
        at _runTestsForDescribeBlock (/home/anastasiya/project_posthaste/posthaste/node_modules/jest-circus/build/run.js:66:9)
        at _runTestsForDescribeBlock (/home/anastasiya/project_posthaste/posthaste/node_modules/jest-circus/build/run.js:60:9)
        at run (/home/anastasiya/project_posthaste/posthaste/node_modules/jest-circus/build/run.js:25:3)
        at runAndTransformResultsToJestFormat (/home/anastasiya/project_posthaste/posthaste/node_modules/jest-circus/build/legacy-code-todo-rewrite/jestAdapterInit.js:170:21)
        at jestAdapter (/home/anastasiya/project_posthaste/posthaste/node_modules/jest-circus/build/legacy-code-todo-rewrite/jestAdapter.js:82:19)
        at runTestInternal (/home/anastasiya/project_posthaste/posthaste/node_modules/jest-runner/build/runTest.js:389:16)
        at runTest (/home/anastasiya/project_posthaste/posthaste/node_modules/jest-runner/build/runTest.js:475:34)
        at Object.worker (/home/anastasiya/project_posthaste/posthaste/node_modules/jest-runner/build/testWorker.js:133:12) TypeError: Cannot read properties of undefined (reading 'toString')
        at TestComponent (/home/anastasiya/project_posthaste/posthaste/src/contexts/tests/ThemeContext.test.tsx:31:43)
        at renderWithHooks (/home/anastasiya/project_posthaste/posthaste/node_modules/react-dom/cjs/react-dom.development.js:15486:18)
        at mountIndeterminateComponent (/home/anastasiya/project_posthaste/posthaste/node_modules/react-dom/cjs/react-dom.development.js:20103:13)
        at beginWork (/home/anastasiya/project_posthaste/posthaste/node_modules/react-dom/cjs/react-dom.development.js:21626:16)
        at HTMLUnknownElement.callCallback (/home/anastasiya/project_posthaste/posthaste/node_modules/react-dom/cjs/react-dom.development.js:4164:14)
        at HTMLUnknownElement.callTheUserObjectsOperation (/home/anastasiya/project_posthaste/posthaste/node_modules/jsdom/lib/jsdom/living/generated/EventListener.js:26:30)
        at innerInvokeEventListeners (/home/anastasiya/project_posthaste/posthaste/node_modules/jsdom/lib/jsdom/living/events/EventTarget-impl.js:338:25)
        at invokeEventListeners (/home/anastasiya/project_posthaste/posthaste/node_modules/jsdom/lib/jsdom/living/events/EventTarget-impl.js:274:3)
        at HTMLUnknownElementImpl._dispatch (/home/anastasiya/project_posthaste/posthaste/node_modules/jsdom/lib/jsdom/living/events/EventTarget-impl.js:221:9)
        at HTMLUnknownElementImpl.dispatchEvent (/home/anastasiya/project_posthaste/posthaste/node_modules/jsdom/lib/jsdom/living/events/EventTarget-impl.js:94:17)
        at HTMLUnknownElement.dispatchEvent (/home/anastasiya/project_posthaste/posthaste/node_modules/jsdom/lib/jsdom/living/generated/EventTarget.js:231:34)
        at Object.invokeGuardedCallbackDev (/home/anastasiya/project_posthaste/posthaste/node_modules/react-dom/cjs/react-dom.development.js:4213:16)
        at invokeGuardedCallback (/home/anastasiya/project_posthaste/posthaste/node_modules/react-dom/cjs/react-dom.development.js:4277:31)
        at beginWork$1 (/home/anastasiya/project_posthaste/posthaste/node_modules/react-dom/cjs/react-dom.development.js:27490:7)
        at performUnitOfWork (/home/anastasiya/project_posthaste/posthaste/node_modules/react-dom/cjs/react-dom.development.js:26599:12)
        at workLoopSync (/home/anastasiya/project_posthaste/posthaste/node_modules/react-dom/cjs/react-dom.development.js:26505:5)
        at renderRootSync (/home/anastasiya/project_posthaste/posthaste/node_modules/react-dom/cjs/react-dom.development.js:26473:7)
        at recoverFromConcurrentError (/home/anastasiya/project_posthaste/posthaste/node_modules/react-dom/cjs/react-dom.development.js:25889:20)
        at performConcurrentWorkOnRoot (/home/anastasiya/project_posthaste/posthaste/node_modules/react-dom/cjs/react-dom.development.js:25789:22)
        at flushActQueue (/home/anastasiya/project_posthaste/posthaste/node_modules/react/cjs/react.development.js:2667:24)
        at act (/home/anastasiya/project_posthaste/posthaste/node_modules/react/cjs/react.development.js:2582:11)
        at actWithWarning (/home/anastasiya/project_posthaste/posthaste/node_modules/react-dom/cjs/react-dom-test-utils.development.js:1740:10)
        at /home/anastasiya/project_posthaste/posthaste/node_modules/@testing-library/react/dist/act-compat.js:63:25
        at renderRoot (/home/anastasiya/project_posthaste/posthaste/node_modules/@testing-library/react/dist/pure.js:159:26)
        at render (/home/anastasiya/project_posthaste/posthaste/node_modules/@testing-library/react/dist/pure.js:246:10)
        at Object.<anonymous> (/home/anastasiya/project_posthaste/posthaste/src/contexts/tests/ThemeContext.test.tsx:71:11)
        at Promise.then.completed (/home/anastasiya/project_posthaste/posthaste/node_modules/jest-circus/build/utils.js:391:28)
        at new Promise (<anonymous>)
        at callAsyncCircusFn (/home/anastasiya/project_posthaste/posthaste/node_modules/jest-circus/build/utils.js:316:10)
        at _callCircusTest (/home/anastasiya/project_posthaste/posthaste/node_modules/jest-circus/build/run.js:218:40)
        at processTicksAndRejections (node:internal/process/task_queues:95:5)
        at _runTest (/home/anastasiya/project_posthaste/posthaste/node_modules/jest-circus/build/run.js:155:3)
        at _runTestsForDescribeBlock (/home/anastasiya/project_posthaste/posthaste/node_modules/jest-circus/build/run.js:66:9)
        at _runTestsForDescribeBlock (/home/anastasiya/project_posthaste/posthaste/node_modules/jest-circus/build/run.js:60:9)
        at run (/home/anastasiya/project_posthaste/posthaste/node_modules/jest-circus/build/run.js:25:3)
        at runAndTransformResultsToJestFormat (/home/anastasiya/project_posthaste/posthaste/node_modules/jest-circus/build/legacy-code-todo-rewrite/jestAdapterInit.js:170:21)
        at jestAdapter (/home/anastasiya/project_posthaste/posthaste/node_modules/jest-circus/build/legacy-code-todo-rewrite/jestAdapter.js:82:19)
        at runTestInternal (/home/anastasiya/project_posthaste/posthaste/node_modules/jest-runner/build/runTest.js:389:16)
        at runTest (/home/anastasiya/project_posthaste/posthaste/node_modules/jest-runner/build/runTest.js:475:34)
        at Object.worker (/home/anastasiya/project_posthaste/posthaste/node_modules/jest-runner/build/testWorker.js:133:12)

      112 |       return;
      113 |     }
    > 114 |     originalError.call(console, ...args);
          |                   ^
      115 |   };
      116 | });
      117 |

      at console.error (src/setupTests.ts:114:19)
      at VirtualConsole.<anonymous> (node_modules/jsdom/lib/jsdom/virtual-console.js:29:45)
      at reportException (node_modules/jsdom/lib/jsdom/living/helpers/runtime-script-errors.js:70:28)
      at innerInvokeEventListeners (node_modules/jsdom/lib/jsdom/living/events/EventTarget-impl.js:341:9)
      at invokeEventListeners (node_modules/jsdom/lib/jsdom/living/events/EventTarget-impl.js:274:3)
      at HTMLUnknownElementImpl._dispatch (node_modules/jsdom/lib/jsdom/living/events/EventTarget-impl.js:221:9)
      at HTMLUnknownElementImpl.dispatchEvent (node_modules/jsdom/lib/jsdom/living/events/EventTarget-impl.js:94:17)
      at HTMLUnknownElement.dispatchEvent (node_modules/jsdom/lib/jsdom/living/generated/EventTarget.js:231:34)
      at Object.invokeGuardedCallbackDev (node_modules/react-dom/cjs/react-dom.development.js:4213:16)
      at invokeGuardedCallback (node_modules/react-dom/cjs/react-dom.development.js:4277:31)
      at beginWork$1 (node_modules/react-dom/cjs/react-dom.development.js:27490:7)
      at performUnitOfWork (node_modules/react-dom/cjs/react-dom.development.js:26599:12)
      at workLoopSync (node_modules/react-dom/cjs/react-dom.development.js:26505:5)
      at renderRootSync (node_modules/react-dom/cjs/react-dom.development.js:26473:7)
      at recoverFromConcurrentError (node_modules/react-dom/cjs/react-dom.development.js:25889:20)
      at performConcurrentWorkOnRoot (node_modules/react-dom/cjs/react-dom.development.js:25789:22)
      at flushActQueue (node_modules/react/cjs/react.development.js:2667:24)
      at act (node_modules/react/cjs/react.development.js:2582:11)
      at actWithWarning (node_modules/react-dom/cjs/react-dom-test-utils.development.js:1740:10)
      at node_modules/@testing-library/react/dist/act-compat.js:63:25
      at renderRoot (node_modules/@testing-library/react/dist/pure.js:159:26)
      at render (node_modules/@testing-library/react/dist/pure.js:246:10)
      at Object.<anonymous> (src/contexts/tests/ThemeContext.test.tsx:71:11)

  console.error
    The above error occurred in the <TestComponent> component:
    
        at TestComponent (/home/anastasiya/project_posthaste/posthaste/src/contexts/tests/ThemeContext.test.tsx:26:50)
        at ThemeProvider (/home/anastasiya/project_posthaste/posthaste/src/contexts/ThemeContext.tsx:26:63)
    
    Consider adding an error boundary to your tree to customize error handling behavior.
    Visit https://reactjs.org/link/error-boundaries to learn more about error boundaries.

      112 |       return;
      113 |     }
    > 114 |     originalError.call(console, ...args);
          |                   ^
      115 |   };
      116 | });
      117 |

      at console.error (src/setupTests.ts:114:19)
      at logCapturedError (node_modules/react-dom/cjs/react-dom.development.js:18704:23)
      at update.callback (node_modules/react-dom/cjs/react-dom.development.js:18737:5)
      at callCallback (node_modules/react-dom/cjs/react-dom.development.js:15036:12)
      at commitUpdateQueue (node_modules/react-dom/cjs/react-dom.development.js:15057:9)
      at commitLayoutEffectOnFiber (node_modules/react-dom/cjs/react-dom.development.js:23430:13)
      at commitLayoutMountEffects_complete (node_modules/react-dom/cjs/react-dom.development.js:24727:9)
      at commitLayoutEffects_begin (node_modules/react-dom/cjs/react-dom.development.js:24713:7)
      at commitLayoutEffects (node_modules/react-dom/cjs/react-dom.development.js:24651:3)
      at commitRootImpl (node_modules/react-dom/cjs/react-dom.development.js:26862:5)
      at commitRoot (node_modules/react-dom/cjs/react-dom.development.js:26721:5)
      at finishConcurrentRender (node_modules/react-dom/cjs/react-dom.development.js:25931:9)
      at performConcurrentWorkOnRoot (node_modules/react-dom/cjs/react-dom.development.js:25848:7)
      at flushActQueue (node_modules/react/cjs/react.development.js:2667:24)
      at act (node_modules/react/cjs/react.development.js:2582:11)
      at actWithWarning (node_modules/react-dom/cjs/react-dom-test-utils.development.js:1740:10)
      at node_modules/@testing-library/react/dist/act-compat.js:63:25
      at renderRoot (node_modules/@testing-library/react/dist/pure.js:159:26)
      at render (node_modules/@testing-library/react/dist/pure.js:246:10)
      at Object.<anonymous> (src/contexts/tests/ThemeContext.test.tsx:71:11)

  console.error
    Error: Uncaught [TypeError: Cannot read properties of undefined (reading 'toString')]
        at reportException (/home/anastasiya/project_posthaste/posthaste/node_modules/jsdom/lib/jsdom/living/helpers/runtime-script-errors.js:66:24)
        at innerInvokeEventListeners (/home/anastasiya/project_posthaste/posthaste/node_modules/jsdom/lib/jsdom/living/events/EventTarget-impl.js:341:9)
        at invokeEventListeners (/home/anastasiya/project_posthaste/posthaste/node_modules/jsdom/lib/jsdom/living/events/EventTarget-impl.js:274:3)
        at HTMLUnknownElementImpl._dispatch (/home/anastasiya/project_posthaste/posthaste/node_modules/jsdom/lib/jsdom/living/events/EventTarget-impl.js:221:9)
        at HTMLUnknownElementImpl.dispatchEvent (/home/anastasiya/project_posthaste/posthaste/node_modules/jsdom/lib/jsdom/living/events/EventTarget-impl.js:94:17)
        at HTMLUnknownElement.dispatchEvent (/home/anastasiya/project_posthaste/posthaste/node_modules/jsdom/lib/jsdom/living/generated/EventTarget.js:231:34)
        at Object.invokeGuardedCallbackDev (/home/anastasiya/project_posthaste/posthaste/node_modules/react-dom/cjs/react-dom.development.js:4213:16)
        at invokeGuardedCallback (/home/anastasiya/project_posthaste/posthaste/node_modules/react-dom/cjs/react-dom.development.js:4277:31)
        at beginWork$1 (/home/anastasiya/project_posthaste/posthaste/node_modules/react-dom/cjs/react-dom.development.js:27490:7)
        at performUnitOfWork (/home/anastasiya/project_posthaste/posthaste/node_modules/react-dom/cjs/react-dom.development.js:26599:12)
        at workLoopSync (/home/anastasiya/project_posthaste/posthaste/node_modules/react-dom/cjs/react-dom.development.js:26505:5)
        at renderRootSync (/home/anastasiya/project_posthaste/posthaste/node_modules/react-dom/cjs/react-dom.development.js:26473:7)
        at performConcurrentWorkOnRoot (/home/anastasiya/project_posthaste/posthaste/node_modules/react-dom/cjs/react-dom.development.js:25777:74)
        at flushActQueue (/home/anastasiya/project_posthaste/posthaste/node_modules/react/cjs/react.development.js:2667:24)
        at act (/home/anastasiya/project_posthaste/posthaste/node_modules/react/cjs/react.development.js:2582:11)
        at actWithWarning (/home/anastasiya/project_posthaste/posthaste/node_modules/react-dom/cjs/react-dom-test-utils.development.js:1740:10)
        at /home/anastasiya/project_posthaste/posthaste/node_modules/@testing-library/react/dist/act-compat.js:63:25
        at renderRoot (/home/anastasiya/project_posthaste/posthaste/node_modules/@testing-library/react/dist/pure.js:159:26)
        at render (/home/anastasiya/project_posthaste/posthaste/node_modules/@testing-library/react/dist/pure.js:246:10)
        at Object.<anonymous> (/home/anastasiya/project_posthaste/posthaste/src/contexts/tests/ThemeContext.test.tsx:90:11)
        at Promise.then.completed (/home/anastasiya/project_posthaste/posthaste/node_modules/jest-circus/build/utils.js:391:28)
        at new Promise (<anonymous>)
        at callAsyncCircusFn (/home/anastasiya/project_posthaste/posthaste/node_modules/jest-circus/build/utils.js:316:10)
        at _callCircusTest (/home/anastasiya/project_posthaste/posthaste/node_modules/jest-circus/build/run.js:218:40)
        at processTicksAndRejections (node:internal/process/task_queues:95:5)
        at _runTest (/home/anastasiya/project_posthaste/posthaste/node_modules/jest-circus/build/run.js:155:3)
        at _runTestsForDescribeBlock (/home/anastasiya/project_posthaste/posthaste/node_modules/jest-circus/build/run.js:66:9)
        at _runTestsForDescribeBlock (/home/anastasiya/project_posthaste/posthaste/node_modules/jest-circus/build/run.js:60:9)
        at run (/home/anastasiya/project_posthaste/posthaste/node_modules/jest-circus/build/run.js:25:3)
        at runAndTransformResultsToJestFormat (/home/anastasiya/project_posthaste/posthaste/node_modules/jest-circus/build/legacy-code-todo-rewrite/jestAdapterInit.js:170:21)
        at jestAdapter (/home/anastasiya/project_posthaste/posthaste/node_modules/jest-circus/build/legacy-code-todo-rewrite/jestAdapter.js:82:19)
        at runTestInternal (/home/anastasiya/project_posthaste/posthaste/node_modules/jest-runner/build/runTest.js:389:16)
        at runTest (/home/anastasiya/project_posthaste/posthaste/node_modules/jest-runner/build/runTest.js:475:34)
        at Object.worker (/home/anastasiya/project_posthaste/posthaste/node_modules/jest-runner/build/testWorker.js:133:12) TypeError: Cannot read properties of undefined (reading 'toString')
        at TestComponent (/home/anastasiya/project_posthaste/posthaste/src/contexts/tests/ThemeContext.test.tsx:31:43)
        at renderWithHooks (/home/anastasiya/project_posthaste/posthaste/node_modules/react-dom/cjs/react-dom.development.js:15486:18)
        at mountIndeterminateComponent (/home/anastasiya/project_posthaste/posthaste/node_modules/react-dom/cjs/react-dom.development.js:20103:13)
        at beginWork (/home/anastasiya/project_posthaste/posthaste/node_modules/react-dom/cjs/react-dom.development.js:21626:16)
        at HTMLUnknownElement.callCallback (/home/anastasiya/project_posthaste/posthaste/node_modules/react-dom/cjs/react-dom.development.js:4164:14)
        at HTMLUnknownElement.callTheUserObjectsOperation (/home/anastasiya/project_posthaste/posthaste/node_modules/jsdom/lib/jsdom/living/generated/EventListener.js:26:30)
        at innerInvokeEventListeners (/home/anastasiya/project_posthaste/posthaste/node_modules/jsdom/lib/jsdom/living/events/EventTarget-impl.js:338:25)
        at invokeEventListeners (/home/anastasiya/project_posthaste/posthaste/node_modules/jsdom/lib/jsdom/living/events/EventTarget-impl.js:274:3)
        at HTMLUnknownElementImpl._dispatch (/home/anastasiya/project_posthaste/posthaste/node_modules/jsdom/lib/jsdom/living/events/EventTarget-impl.js:221:9)
        at HTMLUnknownElementImpl.dispatchEvent (/home/anastasiya/project_posthaste/posthaste/node_modules/jsdom/lib/jsdom/living/events/EventTarget-impl.js:94:17)
        at HTMLUnknownElement.dispatchEvent (/home/anastasiya/project_posthaste/posthaste/node_modules/jsdom/lib/jsdom/living/generated/EventTarget.js:231:34)
        at Object.invokeGuardedCallbackDev (/home/anastasiya/project_posthaste/posthaste/node_modules/react-dom/cjs/react-dom.development.js:4213:16)
        at invokeGuardedCallback (/home/anastasiya/project_posthaste/posthaste/node_modules/react-dom/cjs/react-dom.development.js:4277:31)
        at beginWork$1 (/home/anastasiya/project_posthaste/posthaste/node_modules/react-dom/cjs/react-dom.development.js:27490:7)
        at performUnitOfWork (/home/anastasiya/project_posthaste/posthaste/node_modules/react-dom/cjs/react-dom.development.js:26599:12)
        at workLoopSync (/home/anastasiya/project_posthaste/posthaste/node_modules/react-dom/cjs/react-dom.development.js:26505:5)
        at renderRootSync (/home/anastasiya/project_posthaste/posthaste/node_modules/react-dom/cjs/react-dom.development.js:26473:7)
        at performConcurrentWorkOnRoot (/home/anastasiya/project_posthaste/posthaste/node_modules/react-dom/cjs/react-dom.development.js:25777:74)
        at flushActQueue (/home/anastasiya/project_posthaste/posthaste/node_modules/react/cjs/react.development.js:2667:24)
        at act (/home/anastasiya/project_posthaste/posthaste/node_modules/react/cjs/react.development.js:2582:11)
        at actWithWarning (/home/anastasiya/project_posthaste/posthaste/node_modules/react-dom/cjs/react-dom-test-utils.development.js:1740:10)
        at /home/anastasiya/project_posthaste/posthaste/node_modules/@testing-library/react/dist/act-compat.js:63:25
        at renderRoot (/home/anastasiya/project_posthaste/posthaste/node_modules/@testing-library/react/dist/pure.js:159:26)
        at render (/home/anastasiya/project_posthaste/posthaste/node_modules/@testing-library/react/dist/pure.js:246:10)
        at Object.<anonymous> (/home/anastasiya/project_posthaste/posthaste/src/contexts/tests/ThemeContext.test.tsx:90:11)
        at Promise.then.completed (/home/anastasiya/project_posthaste/posthaste/node_modules/jest-circus/build/utils.js:391:28)
        at new Promise (<anonymous>)
        at callAsyncCircusFn (/home/anastasiya/project_posthaste/posthaste/node_modules/jest-circus/build/utils.js:316:10)
        at _callCircusTest (/home/anastasiya/project_posthaste/posthaste/node_modules/jest-circus/build/run.js:218:40)
        at processTicksAndRejections (node:internal/process/task_queues:95:5)
        at _runTest (/home/anastasiya/project_posthaste/posthaste/node_modules/jest-circus/build/run.js:155:3)
        at _runTestsForDescribeBlock (/home/anastasiya/project_posthaste/posthaste/node_modules/jest-circus/build/run.js:66:9)
        at _runTestsForDescribeBlock (/home/anastasiya/project_posthaste/posthaste/node_modules/jest-circus/build/run.js:60:9)
        at run (/home/anastasiya/project_posthaste/posthaste/node_modules/jest-circus/build/run.js:25:3)
        at runAndTransformResultsToJestFormat (/home/anastasiya/project_posthaste/posthaste/node_modules/jest-circus/build/legacy-code-todo-rewrite/jestAdapterInit.js:170:21)
        at jestAdapter (/home/anastasiya/project_posthaste/posthaste/node_modules/jest-circus/build/legacy-code-todo-rewrite/jestAdapter.js:82:19)
        at runTestInternal (/home/anastasiya/project_posthaste/posthaste/node_modules/jest-runner/build/runTest.js:389:16)
        at runTest (/home/anastasiya/project_posthaste/posthaste/node_modules/jest-runner/build/runTest.js:475:34)
        at Object.worker (/home/anastasiya/project_posthaste/posthaste/node_modules/jest-runner/build/testWorker.js:133:12)

      112 |       return;
      113 |     }
    > 114 |     originalError.call(console, ...args);
          |                   ^
      115 |   };
      116 | });
      117 |

      at console.error (src/setupTests.ts:114:19)
      at VirtualConsole.<anonymous> (node_modules/jsdom/lib/jsdom/virtual-console.js:29:45)
      at reportException (node_modules/jsdom/lib/jsdom/living/helpers/runtime-script-errors.js:70:28)
      at innerInvokeEventListeners (node_modules/jsdom/lib/jsdom/living/events/EventTarget-impl.js:341:9)
      at invokeEventListeners (node_modules/jsdom/lib/jsdom/living/events/EventTarget-impl.js:274:3)
      at HTMLUnknownElementImpl._dispatch (node_modules/jsdom/lib/jsdom/living/events/EventTarget-impl.js:221:9)
      at HTMLUnknownElementImpl.dispatchEvent (node_modules/jsdom/lib/jsdom/living/events/EventTarget-impl.js:94:17)
      at HTMLUnknownElement.dispatchEvent (node_modules/jsdom/lib/jsdom/living/generated/EventTarget.js:231:34)
      at Object.invokeGuardedCallbackDev (node_modules/react-dom/cjs/react-dom.development.js:4213:16)
      at invokeGuardedCallback (node_modules/react-dom/cjs/react-dom.development.js:4277:31)
      at beginWork$1 (node_modules/react-dom/cjs/react-dom.development.js:27490:7)
      at performUnitOfWork (node_modules/react-dom/cjs/react-dom.development.js:26599:12)
      at workLoopSync (node_modules/react-dom/cjs/react-dom.development.js:26505:5)
      at renderRootSync (node_modules/react-dom/cjs/react-dom.development.js:26473:7)
      at performConcurrentWorkOnRoot (node_modules/react-dom/cjs/react-dom.development.js:25777:74)
      at flushActQueue (node_modules/react/cjs/react.development.js:2667:24)
      at act (node_modules/react/cjs/react.development.js:2582:11)
      at actWithWarning (node_modules/react-dom/cjs/react-dom-test-utils.development.js:1740:10)
      at node_modules/@testing-library/react/dist/act-compat.js:63:25
      at renderRoot (node_modules/@testing-library/react/dist/pure.js:159:26)
      at render (node_modules/@testing-library/react/dist/pure.js:246:10)
      at Object.<anonymous> (src/contexts/tests/ThemeContext.test.tsx:90:11)

  console.error
    Error: Uncaught [TypeError: Cannot read properties of undefined (reading 'toString')]
        at reportException (/home/anastasiya/project_posthaste/posthaste/node_modules/jsdom/lib/jsdom/living/helpers/runtime-script-errors.js:66:24)
        at innerInvokeEventListeners (/home/anastasiya/project_posthaste/posthaste/node_modules/jsdom/lib/jsdom/living/events/EventTarget-impl.js:341:9)
        at invokeEventListeners (/home/anastasiya/project_posthaste/posthaste/node_modules/jsdom/lib/jsdom/living/events/EventTarget-impl.js:274:3)
        at HTMLUnknownElementImpl._dispatch (/home/anastasiya/project_posthaste/posthaste/node_modules/jsdom/lib/jsdom/living/events/EventTarget-impl.js:221:9)
        at HTMLUnknownElementImpl.dispatchEvent (/home/anastasiya/project_posthaste/posthaste/node_modules/jsdom/lib/jsdom/living/events/EventTarget-impl.js:94:17)
        at HTMLUnknownElement.dispatchEvent (/home/anastasiya/project_posthaste/posthaste/node_modules/jsdom/lib/jsdom/living/generated/EventTarget.js:231:34)
        at Object.invokeGuardedCallbackDev (/home/anastasiya/project_posthaste/posthaste/node_modules/react-dom/cjs/react-dom.development.js:4213:16)
        at invokeGuardedCallback (/home/anastasiya/project_posthaste/posthaste/node_modules/react-dom/cjs/react-dom.development.js:4277:31)
        at beginWork$1 (/home/anastasiya/project_posthaste/posthaste/node_modules/react-dom/cjs/react-dom.development.js:27490:7)
        at performUnitOfWork (/home/anastasiya/project_posthaste/posthaste/node_modules/react-dom/cjs/react-dom.development.js:26599:12)
        at workLoopSync (/home/anastasiya/project_posthaste/posthaste/node_modules/react-dom/cjs/react-dom.development.js:26505:5)
        at renderRootSync (/home/anastasiya/project_posthaste/posthaste/node_modules/react-dom/cjs/react-dom.development.js:26473:7)
        at recoverFromConcurrentError (/home/anastasiya/project_posthaste/posthaste/node_modules/react-dom/cjs/react-dom.development.js:25889:20)
        at performConcurrentWorkOnRoot (/home/anastasiya/project_posthaste/posthaste/node_modules/react-dom/cjs/react-dom.development.js:25789:22)
        at flushActQueue (/home/anastasiya/project_posthaste/posthaste/node_modules/react/cjs/react.development.js:2667:24)
        at act (/home/anastasiya/project_posthaste/posthaste/node_modules/react/cjs/react.development.js:2582:11)
        at actWithWarning (/home/anastasiya/project_posthaste/posthaste/node_modules/react-dom/cjs/react-dom-test-utils.development.js:1740:10)
        at /home/anastasiya/project_posthaste/posthaste/node_modules/@testing-library/react/dist/act-compat.js:63:25
        at renderRoot (/home/anastasiya/project_posthaste/posthaste/node_modules/@testing-library/react/dist/pure.js:159:26)
        at render (/home/anastasiya/project_posthaste/posthaste/node_modules/@testing-library/react/dist/pure.js:246:10)
        at Object.<anonymous> (/home/anastasiya/project_posthaste/posthaste/src/contexts/tests/ThemeContext.test.tsx:90:11)
        at Promise.then.completed (/home/anastasiya/project_posthaste/posthaste/node_modules/jest-circus/build/utils.js:391:28)
        at new Promise (<anonymous>)
        at callAsyncCircusFn (/home/anastasiya/project_posthaste/posthaste/node_modules/jest-circus/build/utils.js:316:10)
        at _callCircusTest (/home/anastasiya/project_posthaste/posthaste/node_modules/jest-circus/build/run.js:218:40)
        at processTicksAndRejections (node:internal/process/task_queues:95:5)
        at _runTest (/home/anastasiya/project_posthaste/posthaste/node_modules/jest-circus/build/run.js:155:3)
        at _runTestsForDescribeBlock (/home/anastasiya/project_posthaste/posthaste/node_modules/jest-circus/build/run.js:66:9)
        at _runTestsForDescribeBlock (/home/anastasiya/project_posthaste/posthaste/node_modules/jest-circus/build/run.js:60:9)
        at run (/home/anastasiya/project_posthaste/posthaste/node_modules/jest-circus/build/run.js:25:3)
        at runAndTransformResultsToJestFormat (/home/anastasiya/project_posthaste/posthaste/node_modules/jest-circus/build/legacy-code-todo-rewrite/jestAdapterInit.js:170:21)
        at jestAdapter (/home/anastasiya/project_posthaste/posthaste/node_modules/jest-circus/build/legacy-code-todo-rewrite/jestAdapter.js:82:19)
        at runTestInternal (/home/anastasiya/project_posthaste/posthaste/node_modules/jest-runner/build/runTest.js:389:16)
        at runTest (/home/anastasiya/project_posthaste/posthaste/node_modules/jest-runner/build/runTest.js:475:34)
        at Object.worker (/home/anastasiya/project_posthaste/posthaste/node_modules/jest-runner/build/testWorker.js:133:12) TypeError: Cannot read properties of undefined (reading 'toString')
        at TestComponent (/home/anastasiya/project_posthaste/posthaste/src/contexts/tests/ThemeContext.test.tsx:31:43)
        at renderWithHooks (/home/anastasiya/project_posthaste/posthaste/node_modules/react-dom/cjs/react-dom.development.js:15486:18)
        at mountIndeterminateComponent (/home/anastasiya/project_posthaste/posthaste/node_modules/react-dom/cjs/react-dom.development.js:20103:13)
        at beginWork (/home/anastasiya/project_posthaste/posthaste/node_modules/react-dom/cjs/react-dom.development.js:21626:16)
        at HTMLUnknownElement.callCallback (/home/anastasiya/project_posthaste/posthaste/node_modules/react-dom/cjs/react-dom.development.js:4164:14)
        at HTMLUnknownElement.callTheUserObjectsOperation (/home/anastasiya/project_posthaste/posthaste/node_modules/jsdom/lib/jsdom/living/generated/EventListener.js:26:30)
        at innerInvokeEventListeners (/home/anastasiya/project_posthaste/posthaste/node_modules/jsdom/lib/jsdom/living/events/EventTarget-impl.js:338:25)
        at invokeEventListeners (/home/anastasiya/project_posthaste/posthaste/node_modules/jsdom/lib/jsdom/living/events/EventTarget-impl.js:274:3)
        at HTMLUnknownElementImpl._dispatch (/home/anastasiya/project_posthaste/posthaste/node_modules/jsdom/lib/jsdom/living/events/EventTarget-impl.js:221:9)
        at HTMLUnknownElementImpl.dispatchEvent (/home/anastasiya/project_posthaste/posthaste/node_modules/jsdom/lib/jsdom/living/events/EventTarget-impl.js:94:17)
        at HTMLUnknownElement.dispatchEvent (/home/anastasiya/project_posthaste/posthaste/node_modules/jsdom/lib/jsdom/living/generated/EventTarget.js:231:34)
        at Object.invokeGuardedCallbackDev (/home/anastasiya/project_posthaste/posthaste/node_modules/react-dom/cjs/react-dom.development.js:4213:16)
        at invokeGuardedCallback (/home/anastasiya/project_posthaste/posthaste/node_modules/react-dom/cjs/react-dom.development.js:4277:31)
        at beginWork$1 (/home/anastasiya/project_posthaste/posthaste/node_modules/react-dom/cjs/react-dom.development.js:27490:7)
        at performUnitOfWork (/home/anastasiya/project_posthaste/posthaste/node_modules/react-dom/cjs/react-dom.development.js:26599:12)
        at workLoopSync (/home/anastasiya/project_posthaste/posthaste/node_modules/react-dom/cjs/react-dom.development.js:26505:5)
        at renderRootSync (/home/anastasiya/project_posthaste/posthaste/node_modules/react-dom/cjs/react-dom.development.js:26473:7)
        at recoverFromConcurrentError (/home/anastasiya/project_posthaste/posthaste/node_modules/react-dom/cjs/react-dom.development.js:25889:20)
        at performConcurrentWorkOnRoot (/home/anastasiya/project_posthaste/posthaste/node_modules/react-dom/cjs/react-dom.development.js:25789:22)
        at flushActQueue (/home/anastasiya/project_posthaste/posthaste/node_modules/react/cjs/react.development.js:2667:24)
        at act (/home/anastasiya/project_posthaste/posthaste/node_modules/react/cjs/react.development.js:2582:11)
        at actWithWarning (/home/anastasiya/project_posthaste/posthaste/node_modules/react-dom/cjs/react-dom-test-utils.development.js:1740:10)
        at /home/anastasiya/project_posthaste/posthaste/node_modules/@testing-library/react/dist/act-compat.js:63:25
        at renderRoot (/home/anastasiya/project_posthaste/posthaste/node_modules/@testing-library/react/dist/pure.js:159:26)
        at render (/home/anastasiya/project_posthaste/posthaste/node_modules/@testing-library/react/dist/pure.js:246:10)
        at Object.<anonymous> (/home/anastasiya/project_posthaste/posthaste/src/contexts/tests/ThemeContext.test.tsx:90:11)
        at Promise.then.completed (/home/anastasiya/project_posthaste/posthaste/node_modules/jest-circus/build/utils.js:391:28)
        at new Promise (<anonymous>)
        at callAsyncCircusFn (/home/anastasiya/project_posthaste/posthaste/node_modules/jest-circus/build/utils.js:316:10)
        at _callCircusTest (/home/anastasiya/project_posthaste/posthaste/node_modules/jest-circus/build/run.js:218:40)
        at processTicksAndRejections (node:internal/process/task_queues:95:5)
        at _runTest (/home/anastasiya/project_posthaste/posthaste/node_modules/jest-circus/build/run.js:155:3)
        at _runTestsForDescribeBlock (/home/anastasiya/project_posthaste/posthaste/node_modules/jest-circus/build/run.js:66:9)
        at _runTestsForDescribeBlock (/home/anastasiya/project_posthaste/posthaste/node_modules/jest-circus/build/run.js:60:9)
        at run (/home/anastasiya/project_posthaste/posthaste/node_modules/jest-circus/build/run.js:25:3)
        at runAndTransformResultsToJestFormat (/home/anastasiya/project_posthaste/posthaste/node_modules/jest-circus/build/legacy-code-todo-rewrite/jestAdapterInit.js:170:21)
        at jestAdapter (/home/anastasiya/project_posthaste/posthaste/node_modules/jest-circus/build/legacy-code-todo-rewrite/jestAdapter.js:82:19)
        at runTestInternal (/home/anastasiya/project_posthaste/posthaste/node_modules/jest-runner/build/runTest.js:389:16)
        at runTest (/home/anastasiya/project_posthaste/posthaste/node_modules/jest-runner/build/runTest.js:475:34)
        at Object.worker (/home/anastasiya/project_posthaste/posthaste/node_modules/jest-runner/build/testWorker.js:133:12)

      112 |       return;
      113 |     }
    > 114 |     originalError.call(console, ...args);
          |                   ^
      115 |   };
      116 | });
      117 |

      at console.error (src/setupTests.ts:114:19)
      at VirtualConsole.<anonymous> (node_modules/jsdom/lib/jsdom/virtual-console.js:29:45)
      at reportException (node_modules/jsdom/lib/jsdom/living/helpers/runtime-script-errors.js:70:28)
      at innerInvokeEventListeners (node_modules/jsdom/lib/jsdom/living/events/EventTarget-impl.js:341:9)
      at invokeEventListeners (node_modules/jsdom/lib/jsdom/living/events/EventTarget-impl.js:274:3)
      at HTMLUnknownElementImpl._dispatch (node_modules/jsdom/lib/jsdom/living/events/EventTarget-impl.js:221:9)
      at HTMLUnknownElementImpl.dispatchEvent (node_modules/jsdom/lib/jsdom/living/events/EventTarget-impl.js:94:17)
      at HTMLUnknownElement.dispatchEvent (node_modules/jsdom/lib/jsdom/living/generated/EventTarget.js:231:34)
      at Object.invokeGuardedCallbackDev (node_modules/react-dom/cjs/react-dom.development.js:4213:16)
      at invokeGuardedCallback (node_modules/react-dom/cjs/react-dom.development.js:4277:31)
      at beginWork$1 (node_modules/react-dom/cjs/react-dom.development.js:27490:7)
      at performUnitOfWork (node_modules/react-dom/cjs/react-dom.development.js:26599:12)
      at workLoopSync (node_modules/react-dom/cjs/react-dom.development.js:26505:5)
      at renderRootSync (node_modules/react-dom/cjs/react-dom.development.js:26473:7)
      at recoverFromConcurrentError (node_modules/react-dom/cjs/react-dom.development.js:25889:20)
      at performConcurrentWorkOnRoot (node_modules/react-dom/cjs/react-dom.development.js:25789:22)
      at flushActQueue (node_modules/react/cjs/react.development.js:2667:24)
      at act (node_modules/react/cjs/react.development.js:2582:11)
      at actWithWarning (node_modules/react-dom/cjs/react-dom-test-utils.development.js:1740:10)
      at node_modules/@testing-library/react/dist/act-compat.js:63:25
      at renderRoot (node_modules/@testing-library/react/dist/pure.js:159:26)
      at render (node_modules/@testing-library/react/dist/pure.js:246:10)
      at Object.<anonymous> (src/contexts/tests/ThemeContext.test.tsx:90:11)

  console.error
    The above error occurred in the <TestComponent> component:
    
        at TestComponent (/home/anastasiya/project_posthaste/posthaste/src/contexts/tests/ThemeContext.test.tsx:26:50)
        at ThemeProvider (/home/anastasiya/project_posthaste/posthaste/src/contexts/ThemeContext.tsx:26:63)
    
    Consider adding an error boundary to your tree to customize error handling behavior.
    Visit https://reactjs.org/link/error-boundaries to learn more about error boundaries.

      112 |       return;
      113 |     }
    > 114 |     originalError.call(console, ...args);
          |                   ^
      115 |   };
      116 | });
      117 |

      at console.error (src/setupTests.ts:114:19)
      at logCapturedError (node_modules/react-dom/cjs/react-dom.development.js:18704:23)
      at update.callback (node_modules/react-dom/cjs/react-dom.development.js:18737:5)
      at callCallback (node_modules/react-dom/cjs/react-dom.development.js:15036:12)
      at commitUpdateQueue (node_modules/react-dom/cjs/react-dom.development.js:15057:9)
      at commitLayoutEffectOnFiber (node_modules/react-dom/cjs/react-dom.development.js:23430:13)
      at commitLayoutMountEffects_complete (node_modules/react-dom/cjs/react-dom.development.js:24727:9)
      at commitLayoutEffects_begin (node_modules/react-dom/cjs/react-dom.development.js:24713:7)
      at commitLayoutEffects (node_modules/react-dom/cjs/react-dom.development.js:24651:3)
      at commitRootImpl (node_modules/react-dom/cjs/react-dom.development.js:26862:5)
      at commitRoot (node_modules/react-dom/cjs/react-dom.development.js:26721:5)
      at finishConcurrentRender (node_modules/react-dom/cjs/react-dom.development.js:25931:9)
      at performConcurrentWorkOnRoot (node_modules/react-dom/cjs/react-dom.development.js:25848:7)
      at flushActQueue (node_modules/react/cjs/react.development.js:2667:24)
      at act (node_modules/react/cjs/react.development.js:2582:11)
      at actWithWarning (node_modules/react-dom/cjs/react-dom-test-utils.development.js:1740:10)
      at node_modules/@testing-library/react/dist/act-compat.js:63:25
      at renderRoot (node_modules/@testing-library/react/dist/pure.js:159:26)
      at render (node_modules/@testing-library/react/dist/pure.js:246:10)
      at Object.<anonymous> (src/contexts/tests/ThemeContext.test.tsx:90:11)

  console.error
    Error: Uncaught [TypeError: Cannot read properties of undefined (reading 'toString')]
        at reportException (/home/anastasiya/project_posthaste/posthaste/node_modules/jsdom/lib/jsdom/living/helpers/runtime-script-errors.js:66:24)
        at innerInvokeEventListeners (/home/anastasiya/project_posthaste/posthaste/node_modules/jsdom/lib/jsdom/living/events/EventTarget-impl.js:341:9)
        at invokeEventListeners (/home/anastasiya/project_posthaste/posthaste/node_modules/jsdom/lib/jsdom/living/events/EventTarget-impl.js:274:3)
        at HTMLUnknownElementImpl._dispatch (/home/anastasiya/project_posthaste/posthaste/node_modules/jsdom/lib/jsdom/living/events/EventTarget-impl.js:221:9)
        at HTMLUnknownElementImpl.dispatchEvent (/home/anastasiya/project_posthaste/posthaste/node_modules/jsdom/lib/jsdom/living/events/EventTarget-impl.js:94:17)
        at HTMLUnknownElement.dispatchEvent (/home/anastasiya/project_posthaste/posthaste/node_modules/jsdom/lib/jsdom/living/generated/EventTarget.js:231:34)
        at Object.invokeGuardedCallbackDev (/home/anastasiya/project_posthaste/posthaste/node_modules/react-dom/cjs/react-dom.development.js:4213:16)
        at invokeGuardedCallback (/home/anastasiya/project_posthaste/posthaste/node_modules/react-dom/cjs/react-dom.development.js:4277:31)
        at beginWork$1 (/home/anastasiya/project_posthaste/posthaste/node_modules/react-dom/cjs/react-dom.development.js:27490:7)
        at performUnitOfWork (/home/anastasiya/project_posthaste/posthaste/node_modules/react-dom/cjs/react-dom.development.js:26599:12)
        at workLoopSync (/home/anastasiya/project_posthaste/posthaste/node_modules/react-dom/cjs/react-dom.development.js:26505:5)
        at renderRootSync (/home/anastasiya/project_posthaste/posthaste/node_modules/react-dom/cjs/react-dom.development.js:26473:7)
        at performConcurrentWorkOnRoot (/home/anastasiya/project_posthaste/posthaste/node_modules/react-dom/cjs/react-dom.development.js:25777:74)
        at flushActQueue (/home/anastasiya/project_posthaste/posthaste/node_modules/react/cjs/react.development.js:2667:24)
        at act (/home/anastasiya/project_posthaste/posthaste/node_modules/react/cjs/react.development.js:2582:11)
        at actWithWarning (/home/anastasiya/project_posthaste/posthaste/node_modules/react-dom/cjs/react-dom-test-utils.development.js:1740:10)
        at /home/anastasiya/project_posthaste/posthaste/node_modules/@testing-library/react/dist/act-compat.js:63:25
        at renderRoot (/home/anastasiya/project_posthaste/posthaste/node_modules/@testing-library/react/dist/pure.js:159:26)
        at render (/home/anastasiya/project_posthaste/posthaste/node_modules/@testing-library/react/dist/pure.js:246:10)
        at Object.<anonymous> (/home/anastasiya/project_posthaste/posthaste/src/contexts/tests/ThemeContext.test.tsx:109:11)
        at Promise.then.completed (/home/anastasiya/project_posthaste/posthaste/node_modules/jest-circus/build/utils.js:391:28)
        at new Promise (<anonymous>)
        at callAsyncCircusFn (/home/anastasiya/project_posthaste/posthaste/node_modules/jest-circus/build/utils.js:316:10)
        at _callCircusTest (/home/anastasiya/project_posthaste/posthaste/node_modules/jest-circus/build/run.js:218:40)
        at processTicksAndRejections (node:internal/process/task_queues:95:5)
        at _runTest (/home/anastasiya/project_posthaste/posthaste/node_modules/jest-circus/build/run.js:155:3)
        at _runTestsForDescribeBlock (/home/anastasiya/project_posthaste/posthaste/node_modules/jest-circus/build/run.js:66:9)
        at _runTestsForDescribeBlock (/home/anastasiya/project_posthaste/posthaste/node_modules/jest-circus/build/run.js:60:9)
        at run (/home/anastasiya/project_posthaste/posthaste/node_modules/jest-circus/build/run.js:25:3)
        at runAndTransformResultsToJestFormat (/home/anastasiya/project_posthaste/posthaste/node_modules/jest-circus/build/legacy-code-todo-rewrite/jestAdapterInit.js:170:21)
        at jestAdapter (/home/anastasiya/project_posthaste/posthaste/node_modules/jest-circus/build/legacy-code-todo-rewrite/jestAdapter.js:82:19)
        at runTestInternal (/home/anastasiya/project_posthaste/posthaste/node_modules/jest-runner/build/runTest.js:389:16)
        at runTest (/home/anastasiya/project_posthaste/posthaste/node_modules/jest-runner/build/runTest.js:475:34)
        at Object.worker (/home/anastasiya/project_posthaste/posthaste/node_modules/jest-runner/build/testWorker.js:133:12) TypeError: Cannot read properties of undefined (reading 'toString')
        at TestComponent (/home/anastasiya/project_posthaste/posthaste/src/contexts/tests/ThemeContext.test.tsx:31:43)
        at renderWithHooks (/home/anastasiya/project_posthaste/posthaste/node_modules/react-dom/cjs/react-dom.development.js:15486:18)
        at mountIndeterminateComponent (/home/anastasiya/project_posthaste/posthaste/node_modules/react-dom/cjs/react-dom.development.js:20103:13)
        at beginWork (/home/anastasiya/project_posthaste/posthaste/node_modules/react-dom/cjs/react-dom.development.js:21626:16)
        at HTMLUnknownElement.callCallback (/home/anastasiya/project_posthaste/posthaste/node_modules/react-dom/cjs/react-dom.development.js:4164:14)
        at HTMLUnknownElement.callTheUserObjectsOperation (/home/anastasiya/project_posthaste/posthaste/node_modules/jsdom/lib/jsdom/living/generated/EventListener.js:26:30)
        at innerInvokeEventListeners (/home/anastasiya/project_posthaste/posthaste/node_modules/jsdom/lib/jsdom/living/events/EventTarget-impl.js:338:25)
        at invokeEventListeners (/home/anastasiya/project_posthaste/posthaste/node_modules/jsdom/lib/jsdom/living/events/EventTarget-impl.js:274:3)
        at HTMLUnknownElementImpl._dispatch (/home/anastasiya/project_posthaste/posthaste/node_modules/jsdom/lib/jsdom/living/events/EventTarget-impl.js:221:9)
        at HTMLUnknownElementImpl.dispatchEvent (/home/anastasiya/project_posthaste/posthaste/node_modules/jsdom/lib/jsdom/living/events/EventTarget-impl.js:94:17)
        at HTMLUnknownElement.dispatchEvent (/home/anastasiya/project_posthaste/posthaste/node_modules/jsdom/lib/jsdom/living/generated/EventTarget.js:231:34)
        at Object.invokeGuardedCallbackDev (/home/anastasiya/project_posthaste/posthaste/node_modules/react-dom/cjs/react-dom.development.js:4213:16)
        at invokeGuardedCallback (/home/anastasiya/project_posthaste/posthaste/node_modules/react-dom/cjs/react-dom.development.js:4277:31)
        at beginWork$1 (/home/anastasiya/project_posthaste/posthaste/node_modules/react-dom/cjs/react-dom.development.js:27490:7)
        at performUnitOfWork (/home/anastasiya/project_posthaste/posthaste/node_modules/react-dom/cjs/react-dom.development.js:26599:12)
        at workLoopSync (/home/anastasiya/project_posthaste/posthaste/node_modules/react-dom/cjs/react-dom.development.js:26505:5)
        at renderRootSync (/home/anastasiya/project_posthaste/posthaste/node_modules/react-dom/cjs/react-dom.development.js:26473:7)
        at performConcurrentWorkOnRoot (/home/anastasiya/project_posthaste/posthaste/node_modules/react-dom/cjs/react-dom.development.js:25777:74)
        at flushActQueue (/home/anastasiya/project_posthaste/posthaste/node_modules/react/cjs/react.development.js:2667:24)
        at act (/home/anastasiya/project_posthaste/posthaste/node_modules/react/cjs/react.development.js:2582:11)
        at actWithWarning (/home/anastasiya/project_posthaste/posthaste/node_modules/react-dom/cjs/react-dom-test-utils.development.js:1740:10)
        at /home/anastasiya/project_posthaste/posthaste/node_modules/@testing-library/react/dist/act-compat.js:63:25
        at renderRoot (/home/anastasiya/project_posthaste/posthaste/node_modules/@testing-library/react/dist/pure.js:159:26)
        at render (/home/anastasiya/project_posthaste/posthaste/node_modules/@testing-library/react/dist/pure.js:246:10)
        at Object.<anonymous> (/home/anastasiya/project_posthaste/posthaste/src/contexts/tests/ThemeContext.test.tsx:109:11)
        at Promise.then.completed (/home/anastasiya/project_posthaste/posthaste/node_modules/jest-circus/build/utils.js:391:28)
        at new Promise (<anonymous>)
        at callAsyncCircusFn (/home/anastasiya/project_posthaste/posthaste/node_modules/jest-circus/build/utils.js:316:10)
        at _callCircusTest (/home/anastasiya/project_posthaste/posthaste/node_modules/jest-circus/build/run.js:218:40)
        at processTicksAndRejections (node:internal/process/task_queues:95:5)
        at _runTest (/home/anastasiya/project_posthaste/posthaste/node_modules/jest-circus/build/run.js:155:3)
        at _runTestsForDescribeBlock (/home/anastasiya/project_posthaste/posthaste/node_modules/jest-circus/build/run.js:66:9)
        at _runTestsForDescribeBlock (/home/anastasiya/project_posthaste/posthaste/node_modules/jest-circus/build/run.js:60:9)
        at run (/home/anastasiya/project_posthaste/posthaste/node_modules/jest-circus/build/run.js:25:3)
        at runAndTransformResultsToJestFormat (/home/anastasiya/project_posthaste/posthaste/node_modules/jest-circus/build/legacy-code-todo-rewrite/jestAdapterInit.js:170:21)
        at jestAdapter (/home/anastasiya/project_posthaste/posthaste/node_modules/jest-circus/build/legacy-code-todo-rewrite/jestAdapter.js:82:19)
        at runTestInternal (/home/anastasiya/project_posthaste/posthaste/node_modules/jest-runner/build/runTest.js:389:16)
        at runTest (/home/anastasiya/project_posthaste/posthaste/node_modules/jest-runner/build/runTest.js:475:34)
        at Object.worker (/home/anastasiya/project_posthaste/posthaste/node_modules/jest-runner/build/testWorker.js:133:12)

      112 |       return;
      113 |     }
    > 114 |     originalError.call(console, ...args);
          |                   ^
      115 |   };
      116 | });
      117 |

      at console.error (src/setupTests.ts:114:19)
      at VirtualConsole.<anonymous> (node_modules/jsdom/lib/jsdom/virtual-console.js:29:45)
      at reportException (node_modules/jsdom/lib/jsdom/living/helpers/runtime-script-errors.js:70:28)
      at innerInvokeEventListeners (node_modules/jsdom/lib/jsdom/living/events/EventTarget-impl.js:341:9)
      at invokeEventListeners (node_modules/jsdom/lib/jsdom/living/events/EventTarget-impl.js:274:3)
      at HTMLUnknownElementImpl._dispatch (node_modules/jsdom/lib/jsdom/living/events/EventTarget-impl.js:221:9)
      at HTMLUnknownElementImpl.dispatchEvent (node_modules/jsdom/lib/jsdom/living/events/EventTarget-impl.js:94:17)
      at HTMLUnknownElement.dispatchEvent (node_modules/jsdom/lib/jsdom/living/generated/EventTarget.js:231:34)
      at Object.invokeGuardedCallbackDev (node_modules/react-dom/cjs/react-dom.development.js:4213:16)
      at invokeGuardedCallback (node_modules/react-dom/cjs/react-dom.development.js:4277:31)
      at beginWork$1 (node_modules/react-dom/cjs/react-dom.development.js:27490:7)
      at performUnitOfWork (node_modules/react-dom/cjs/react-dom.development.js:26599:12)
      at workLoopSync (node_modules/react-dom/cjs/react-dom.development.js:26505:5)
      at renderRootSync (node_modules/react-dom/cjs/react-dom.development.js:26473:7)
      at performConcurrentWorkOnRoot (node_modules/react-dom/cjs/react-dom.development.js:25777:74)
      at flushActQueue (node_modules/react/cjs/react.development.js:2667:24)
      at act (node_modules/react/cjs/react.development.js:2582:11)
      at actWithWarning (node_modules/react-dom/cjs/react-dom-test-utils.development.js:1740:10)
      at node_modules/@testing-library/react/dist/act-compat.js:63:25
      at renderRoot (node_modules/@testing-library/react/dist/pure.js:159:26)
      at render (node_modules/@testing-library/react/dist/pure.js:246:10)
      at Object.<anonymous> (src/contexts/tests/ThemeContext.test.tsx:109:11)

  console.error
    Error: Uncaught [TypeError: Cannot read properties of undefined (reading 'toString')]
        at reportException (/home/anastasiya/project_posthaste/posthaste/node_modules/jsdom/lib/jsdom/living/helpers/runtime-script-errors.js:66:24)
        at innerInvokeEventListeners (/home/anastasiya/project_posthaste/posthaste/node_modules/jsdom/lib/jsdom/living/events/EventTarget-impl.js:341:9)
        at invokeEventListeners (/home/anastasiya/project_posthaste/posthaste/node_modules/jsdom/lib/jsdom/living/events/EventTarget-impl.js:274:3)
        at HTMLUnknownElementImpl._dispatch (/home/anastasiya/project_posthaste/posthaste/node_modules/jsdom/lib/jsdom/living/events/EventTarget-impl.js:221:9)
        at HTMLUnknownElementImpl.dispatchEvent (/home/anastasiya/project_posthaste/posthaste/node_modules/jsdom/lib/jsdom/living/events/EventTarget-impl.js:94:17)
        at HTMLUnknownElement.dispatchEvent (/home/anastasiya/project_posthaste/posthaste/node_modules/jsdom/lib/jsdom/living/generated/EventTarget.js:231:34)
        at Object.invokeGuardedCallbackDev (/home/anastasiya/project_posthaste/posthaste/node_modules/react-dom/cjs/react-dom.development.js:4213:16)
        at invokeGuardedCallback (/home/anastasiya/project_posthaste/posthaste/node_modules/react-dom/cjs/react-dom.development.js:4277:31)
        at beginWork$1 (/home/anastasiya/project_posthaste/posthaste/node_modules/react-dom/cjs/react-dom.development.js:27490:7)
        at performUnitOfWork (/home/anastasiya/project_posthaste/posthaste/node_modules/react-dom/cjs/react-dom.development.js:26599:12)
        at workLoopSync (/home/anastasiya/project_posthaste/posthaste/node_modules/react-dom/cjs/react-dom.development.js:26505:5)
        at renderRootSync (/home/anastasiya/project_posthaste/posthaste/node_modules/react-dom/cjs/react-dom.development.js:26473:7)
        at recoverFromConcurrentError (/home/anastasiya/project_posthaste/posthaste/node_modules/react-dom/cjs/react-dom.development.js:25889:20)
        at performConcurrentWorkOnRoot (/home/anastasiya/project_posthaste/posthaste/node_modules/react-dom/cjs/react-dom.development.js:25789:22)
        at flushActQueue (/home/anastasiya/project_posthaste/posthaste/node_modules/react/cjs/react.development.js:2667:24)
        at act (/home/anastasiya/project_posthaste/posthaste/node_modules/react/cjs/react.development.js:2582:11)
        at actWithWarning (/home/anastasiya/project_posthaste/posthaste/node_modules/react-dom/cjs/react-dom-test-utils.development.js:1740:10)
        at /home/anastasiya/project_posthaste/posthaste/node_modules/@testing-library/react/dist/act-compat.js:63:25
        at renderRoot (/home/anastasiya/project_posthaste/posthaste/node_modules/@testing-library/react/dist/pure.js:159:26)
        at render (/home/anastasiya/project_posthaste/posthaste/node_modules/@testing-library/react/dist/pure.js:246:10)
        at Object.<anonymous> (/home/anastasiya/project_posthaste/posthaste/src/contexts/tests/ThemeContext.test.tsx:109:11)
        at Promise.then.completed (/home/anastasiya/project_posthaste/posthaste/node_modules/jest-circus/build/utils.js:391:28)
        at new Promise (<anonymous>)
        at callAsyncCircusFn (/home/anastasiya/project_posthaste/posthaste/node_modules/jest-circus/build/utils.js:316:10)
        at _callCircusTest (/home/anastasiya/project_posthaste/posthaste/node_modules/jest-circus/build/run.js:218:40)
        at processTicksAndRejections (node:internal/process/task_queues:95:5)
        at _runTest (/home/anastasiya/project_posthaste/posthaste/node_modules/jest-circus/build/run.js:155:3)
        at _runTestsForDescribeBlock (/home/anastasiya/project_posthaste/posthaste/node_modules/jest-circus/build/run.js:66:9)
        at _runTestsForDescribeBlock (/home/anastasiya/project_posthaste/posthaste/node_modules/jest-circus/build/run.js:60:9)
        at run (/home/anastasiya/project_posthaste/posthaste/node_modules/jest-circus/build/run.js:25:3)
        at runAndTransformResultsToJestFormat (/home/anastasiya/project_posthaste/posthaste/node_modules/jest-circus/build/legacy-code-todo-rewrite/jestAdapterInit.js:170:21)
        at jestAdapter (/home/anastasiya/project_posthaste/posthaste/node_modules/jest-circus/build/legacy-code-todo-rewrite/jestAdapter.js:82:19)
        at runTestInternal (/home/anastasiya/project_posthaste/posthaste/node_modules/jest-runner/build/runTest.js:389:16)
        at runTest (/home/anastasiya/project_posthaste/posthaste/node_modules/jest-runner/build/runTest.js:475:34)
        at Object.worker (/home/anastasiya/project_posthaste/posthaste/node_modules/jest-runner/build/testWorker.js:133:12) TypeError: Cannot read properties of undefined (reading 'toString')
        at TestComponent (/home/anastasiya/project_posthaste/posthaste/src/contexts/tests/ThemeContext.test.tsx:31:43)
        at renderWithHooks (/home/anastasiya/project_posthaste/posthaste/node_modules/react-dom/cjs/react-dom.development.js:15486:18)
        at mountIndeterminateComponent (/home/anastasiya/project_posthaste/posthaste/node_modules/react-dom/cjs/react-dom.development.js:20103:13)
        at beginWork (/home/anastasiya/project_posthaste/posthaste/node_modules/react-dom/cjs/react-dom.development.js:21626:16)
        at HTMLUnknownElement.callCallback (/home/anastasiya/project_posthaste/posthaste/node_modules/react-dom/cjs/react-dom.development.js:4164:14)
        at HTMLUnknownElement.callTheUserObjectsOperation (/home/anastasiya/project_posthaste/posthaste/node_modules/jsdom/lib/jsdom/living/generated/EventListener.js:26:30)
        at innerInvokeEventListeners (/home/anastasiya/project_posthaste/posthaste/node_modules/jsdom/lib/jsdom/living/events/EventTarget-impl.js:338:25)
        at invokeEventListeners (/home/anastasiya/project_posthaste/posthaste/node_modules/jsdom/lib/jsdom/living/events/EventTarget-impl.js:274:3)
        at HTMLUnknownElementImpl._dispatch (/home/anastasiya/project_posthaste/posthaste/node_modules/jsdom/lib/jsdom/living/events/EventTarget-impl.js:221:9)
        at HTMLUnknownElementImpl.dispatchEvent (/home/anastasiya/project_posthaste/posthaste/node_modules/jsdom/lib/jsdom/living/events/EventTarget-impl.js:94:17)
        at HTMLUnknownElement.dispatchEvent (/home/anastasiya/project_posthaste/posthaste/node_modules/jsdom/lib/jsdom/living/generated/EventTarget.js:231:34)
        at Object.invokeGuardedCallbackDev (/home/anastasiya/project_posthaste/posthaste/node_modules/react-dom/cjs/react-dom.development.js:4213:16)
        at invokeGuardedCallback (/home/anastasiya/project_posthaste/posthaste/node_modules/react-dom/cjs/react-dom.development.js:4277:31)
        at beginWork$1 (/home/anastasiya/project_posthaste/posthaste/node_modules/react-dom/cjs/react-dom.development.js:27490:7)
        at performUnitOfWork (/home/anastasiya/project_posthaste/posthaste/node_modules/react-dom/cjs/react-dom.development.js:26599:12)
        at workLoopSync (/home/anastasiya/project_posthaste/posthaste/node_modules/react-dom/cjs/react-dom.development.js:26505:5)
        at renderRootSync (/home/anastasiya/project_posthaste/posthaste/node_modules/react-dom/cjs/react-dom.development.js:26473:7)
        at recoverFromConcurrentError (/home/anastasiya/project_posthaste/posthaste/node_modules/react-dom/cjs/react-dom.development.js:25889:20)
        at performConcurrentWorkOnRoot (/home/anastasiya/project_posthaste/posthaste/node_modules/react-dom/cjs/react-dom.development.js:25789:22)
        at flushActQueue (/home/anastasiya/project_posthaste/posthaste/node_modules/react/cjs/react.development.js:2667:24)
        at act (/home/anastasiya/project_posthaste/posthaste/node_modules/react/cjs/react.development.js:2582:11)
        at actWithWarning (/home/anastasiya/project_posthaste/posthaste/node_modules/react-dom/cjs/react-dom-test-utils.development.js:1740:10)
        at /home/anastasiya/project_posthaste/posthaste/node_modules/@testing-library/react/dist/act-compat.js:63:25
        at renderRoot (/home/anastasiya/project_posthaste/posthaste/node_modules/@testing-library/react/dist/pure.js:159:26)
        at render (/home/anastasiya/project_posthaste/posthaste/node_modules/@testing-library/react/dist/pure.js:246:10)
        at Object.<anonymous> (/home/anastasiya/project_posthaste/posthaste/src/contexts/tests/ThemeContext.test.tsx:109:11)
        at Promise.then.completed (/home/anastasiya/project_posthaste/posthaste/node_modules/jest-circus/build/utils.js:391:28)
        at new Promise (<anonymous>)
        at callAsyncCircusFn (/home/anastasiya/project_posthaste/posthaste/node_modules/jest-circus/build/utils.js:316:10)
        at _callCircusTest (/home/anastasiya/project_posthaste/posthaste/node_modules/jest-circus/build/run.js:218:40)
        at processTicksAndRejections (node:internal/process/task_queues:95:5)
        at _runTest (/home/anastasiya/project_posthaste/posthaste/node_modules/jest-circus/build/run.js:155:3)
        at _runTestsForDescribeBlock (/home/anastasiya/project_posthaste/posthaste/node_modules/jest-circus/build/run.js:66:9)
        at _runTestsForDescribeBlock (/home/anastasiya/project_posthaste/posthaste/node_modules/jest-circus/build/run.js:60:9)
        at run (/home/anastasiya/project_posthaste/posthaste/node_modules/jest-circus/build/run.js:25:3)
        at runAndTransformResultsToJestFormat (/home/anastasiya/project_posthaste/posthaste/node_modules/jest-circus/build/legacy-code-todo-rewrite/jestAdapterInit.js:170:21)
        at jestAdapter (/home/anastasiya/project_posthaste/posthaste/node_modules/jest-circus/build/legacy-code-todo-rewrite/jestAdapter.js:82:19)
        at runTestInternal (/home/anastasiya/project_posthaste/posthaste/node_modules/jest-runner/build/runTest.js:389:16)
        at runTest (/home/anastasiya/project_posthaste/posthaste/node_modules/jest-runner/build/runTest.js:475:34)
        at Object.worker (/home/anastasiya/project_posthaste/posthaste/node_modules/jest-runner/build/testWorker.js:133:12)

      112 |       return;
      113 |     }
    > 114 |     originalError.call(console, ...args);
          |                   ^
      115 |   };
      116 | });
      117 |

      at console.error (src/setupTests.ts:114:19)
      at VirtualConsole.<anonymous> (node_modules/jsdom/lib/jsdom/virtual-console.js:29:45)
      at reportException (node_modules/jsdom/lib/jsdom/living/helpers/runtime-script-errors.js:70:28)
      at innerInvokeEventListeners (node_modules/jsdom/lib/jsdom/living/events/EventTarget-impl.js:341:9)
      at invokeEventListeners (node_modules/jsdom/lib/jsdom/living/events/EventTarget-impl.js:274:3)
      at HTMLUnknownElementImpl._dispatch (node_modules/jsdom/lib/jsdom/living/events/EventTarget-impl.js:221:9)
      at HTMLUnknownElementImpl.dispatchEvent (node_modules/jsdom/lib/jsdom/living/events/EventTarget-impl.js:94:17)
      at HTMLUnknownElement.dispatchEvent (node_modules/jsdom/lib/jsdom/living/generated/EventTarget.js:231:34)
      at Object.invokeGuardedCallbackDev (node_modules/react-dom/cjs/react-dom.development.js:4213:16)
      at invokeGuardedCallback (node_modules/react-dom/cjs/react-dom.development.js:4277:31)
      at beginWork$1 (node_modules/react-dom/cjs/react-dom.development.js:27490:7)
      at performUnitOfWork (node_modules/react-dom/cjs/react-dom.development.js:26599:12)
      at workLoopSync (node_modules/react-dom/cjs/react-dom.development.js:26505:5)
      at renderRootSync (node_modules/react-dom/cjs/react-dom.development.js:26473:7)
      at recoverFromConcurrentError (node_modules/react-dom/cjs/react-dom.development.js:25889:20)
      at performConcurrentWorkOnRoot (node_modules/react-dom/cjs/react-dom.development.js:25789:22)
      at flushActQueue (node_modules/react/cjs/react.development.js:2667:24)
      at act (node_modules/react/cjs/react.development.js:2582:11)
      at actWithWarning (node_modules/react-dom/cjs/react-dom-test-utils.development.js:1740:10)
      at node_modules/@testing-library/react/dist/act-compat.js:63:25
      at renderRoot (node_modules/@testing-library/react/dist/pure.js:159:26)
      at render (node_modules/@testing-library/react/dist/pure.js:246:10)
      at Object.<anonymous> (src/contexts/tests/ThemeContext.test.tsx:109:11)

  console.error
    The above error occurred in the <TestComponent> component:
    
        at TestComponent (/home/anastasiya/project_posthaste/posthaste/src/contexts/tests/ThemeContext.test.tsx:26:50)
        at ThemeProvider (/home/anastasiya/project_posthaste/posthaste/src/contexts/ThemeContext.tsx:26:63)
    
    Consider adding an error boundary to your tree to customize error handling behavior.
    Visit https://reactjs.org/link/error-boundaries to learn more about error boundaries.

      112 |       return;
      113 |     }
    > 114 |     originalError.call(console, ...args);
          |                   ^
      115 |   };
      116 | });
      117 |

      at console.error (src/setupTests.ts:114:19)
      at logCapturedError (node_modules/react-dom/cjs/react-dom.development.js:18704:23)
      at update.callback (node_modules/react-dom/cjs/react-dom.development.js:18737:5)
      at callCallback (node_modules/react-dom/cjs/react-dom.development.js:15036:12)
      at commitUpdateQueue (node_modules/react-dom/cjs/react-dom.development.js:15057:9)
      at commitLayoutEffectOnFiber (node_modules/react-dom/cjs/react-dom.development.js:23430:13)
      at commitLayoutMountEffects_complete (node_modules/react-dom/cjs/react-dom.development.js:24727:9)
      at commitLayoutEffects_begin (node_modules/react-dom/cjs/react-dom.development.js:24713:7)
      at commitLayoutEffects (node_modules/react-dom/cjs/react-dom.development.js:24651:3)
      at commitRootImpl (node_modules/react-dom/cjs/react-dom.development.js:26862:5)
      at commitRoot (node_modules/react-dom/cjs/react-dom.development.js:26721:5)
      at finishConcurrentRender (node_modules/react-dom/cjs/react-dom.development.js:25931:9)
      at performConcurrentWorkOnRoot (node_modules/react-dom/cjs/react-dom.development.js:25848:7)
      at flushActQueue (node_modules/react/cjs/react.development.js:2667:24)
      at act (node_modules/react/cjs/react.development.js:2582:11)
      at actWithWarning (node_modules/react-dom/cjs/react-dom-test-utils.development.js:1740:10)
      at node_modules/@testing-library/react/dist/act-compat.js:63:25
      at renderRoot (node_modules/@testing-library/react/dist/pure.js:159:26)
      at render (node_modules/@testing-library/react/dist/pure.js:246:10)
      at Object.<anonymous> (src/contexts/tests/ThemeContext.test.tsx:109:11)

  console.error
    Error: Uncaught [TypeError: Cannot read properties of undefined (reading 'toString')]
        at reportException (/home/anastasiya/project_posthaste/posthaste/node_modules/jsdom/lib/jsdom/living/helpers/runtime-script-errors.js:66:24)
        at innerInvokeEventListeners (/home/anastasiya/project_posthaste/posthaste/node_modules/jsdom/lib/jsdom/living/events/EventTarget-impl.js:341:9)
        at invokeEventListeners (/home/anastasiya/project_posthaste/posthaste/node_modules/jsdom/lib/jsdom/living/events/EventTarget-impl.js:274:3)
        at HTMLUnknownElementImpl._dispatch (/home/anastasiya/project_posthaste/posthaste/node_modules/jsdom/lib/jsdom/living/events/EventTarget-impl.js:221:9)
        at HTMLUnknownElementImpl.dispatchEvent (/home/anastasiya/project_posthaste/posthaste/node_modules/jsdom/lib/jsdom/living/events/EventTarget-impl.js:94:17)
        at HTMLUnknownElement.dispatchEvent (/home/anastasiya/project_posthaste/posthaste/node_modules/jsdom/lib/jsdom/living/generated/EventTarget.js:231:34)
        at Object.invokeGuardedCallbackDev (/home/anastasiya/project_posthaste/posthaste/node_modules/react-dom/cjs/react-dom.development.js:4213:16)
        at invokeGuardedCallback (/home/anastasiya/project_posthaste/posthaste/node_modules/react-dom/cjs/react-dom.development.js:4277:31)
        at beginWork$1 (/home/anastasiya/project_posthaste/posthaste/node_modules/react-dom/cjs/react-dom.development.js:27490:7)
        at performUnitOfWork (/home/anastasiya/project_posthaste/posthaste/node_modules/react-dom/cjs/react-dom.development.js:26599:12)
        at workLoopSync (/home/anastasiya/project_posthaste/posthaste/node_modules/react-dom/cjs/react-dom.development.js:26505:5)
        at renderRootSync (/home/anastasiya/project_posthaste/posthaste/node_modules/react-dom/cjs/react-dom.development.js:26473:7)
        at performConcurrentWorkOnRoot (/home/anastasiya/project_posthaste/posthaste/node_modules/react-dom/cjs/react-dom.development.js:25777:74)
        at flushActQueue (/home/anastasiya/project_posthaste/posthaste/node_modules/react/cjs/react.development.js:2667:24)
        at act (/home/anastasiya/project_posthaste/posthaste/node_modules/react/cjs/react.development.js:2582:11)
        at actWithWarning (/home/anastasiya/project_posthaste/posthaste/node_modules/react-dom/cjs/react-dom-test-utils.development.js:1740:10)
        at /home/anastasiya/project_posthaste/posthaste/node_modules/@testing-library/react/dist/act-compat.js:63:25
        at renderRoot (/home/anastasiya/project_posthaste/posthaste/node_modules/@testing-library/react/dist/pure.js:159:26)
        at render (/home/anastasiya/project_posthaste/posthaste/node_modules/@testing-library/react/dist/pure.js:246:10)
        at Object.<anonymous> (/home/anastasiya/project_posthaste/posthaste/src/contexts/tests/ThemeContext.test.tsx:133:11)
        at Promise.then.completed (/home/anastasiya/project_posthaste/posthaste/node_modules/jest-circus/build/utils.js:391:28)
        at new Promise (<anonymous>)
        at callAsyncCircusFn (/home/anastasiya/project_posthaste/posthaste/node_modules/jest-circus/build/utils.js:316:10)
        at _callCircusTest (/home/anastasiya/project_posthaste/posthaste/node_modules/jest-circus/build/run.js:218:40)
        at processTicksAndRejections (node:internal/process/task_queues:95:5)
        at _runTest (/home/anastasiya/project_posthaste/posthaste/node_modules/jest-circus/build/run.js:155:3)
        at _runTestsForDescribeBlock (/home/anastasiya/project_posthaste/posthaste/node_modules/jest-circus/build/run.js:66:9)
        at _runTestsForDescribeBlock (/home/anastasiya/project_posthaste/posthaste/node_modules/jest-circus/build/run.js:60:9)
        at run (/home/anastasiya/project_posthaste/posthaste/node_modules/jest-circus/build/run.js:25:3)
        at runAndTransformResultsToJestFormat (/home/anastasiya/project_posthaste/posthaste/node_modules/jest-circus/build/legacy-code-todo-rewrite/jestAdapterInit.js:170:21)
        at jestAdapter (/home/anastasiya/project_posthaste/posthaste/node_modules/jest-circus/build/legacy-code-todo-rewrite/jestAdapter.js:82:19)
        at runTestInternal (/home/anastasiya/project_posthaste/posthaste/node_modules/jest-runner/build/runTest.js:389:16)
        at runTest (/home/anastasiya/project_posthaste/posthaste/node_modules/jest-runner/build/runTest.js:475:34)
        at Object.worker (/home/anastasiya/project_posthaste/posthaste/node_modules/jest-runner/build/testWorker.js:133:12) TypeError: Cannot read properties of undefined (reading 'toString')
        at TestComponent (/home/anastasiya/project_posthaste/posthaste/src/contexts/tests/ThemeContext.test.tsx:31:43)
        at renderWithHooks (/home/anastasiya/project_posthaste/posthaste/node_modules/react-dom/cjs/react-dom.development.js:15486:18)
        at mountIndeterminateComponent (/home/anastasiya/project_posthaste/posthaste/node_modules/react-dom/cjs/react-dom.development.js:20103:13)
        at beginWork (/home/anastasiya/project_posthaste/posthaste/node_modules/react-dom/cjs/react-dom.development.js:21626:16)
        at HTMLUnknownElement.callCallback (/home/anastasiya/project_posthaste/posthaste/node_modules/react-dom/cjs/react-dom.development.js:4164:14)
        at HTMLUnknownElement.callTheUserObjectsOperation (/home/anastasiya/project_posthaste/posthaste/node_modules/jsdom/lib/jsdom/living/generated/EventListener.js:26:30)
        at innerInvokeEventListeners (/home/anastasiya/project_posthaste/posthaste/node_modules/jsdom/lib/jsdom/living/events/EventTarget-impl.js:338:25)
        at invokeEventListeners (/home/anastasiya/project_posthaste/posthaste/node_modules/jsdom/lib/jsdom/living/events/EventTarget-impl.js:274:3)
        at HTMLUnknownElementImpl._dispatch (/home/anastasiya/project_posthaste/posthaste/node_modules/jsdom/lib/jsdom/living/events/EventTarget-impl.js:221:9)
        at HTMLUnknownElementImpl.dispatchEvent (/home/anastasiya/project_posthaste/posthaste/node_modules/jsdom/lib/jsdom/living/events/EventTarget-impl.js:94:17)
        at HTMLUnknownElement.dispatchEvent (/home/anastasiya/project_posthaste/posthaste/node_modules/jsdom/lib/jsdom/living/generated/EventTarget.js:231:34)
        at Object.invokeGuardedCallbackDev (/home/anastasiya/project_posthaste/posthaste/node_modules/react-dom/cjs/react-dom.development.js:4213:16)
        at invokeGuardedCallback (/home/anastasiya/project_posthaste/posthaste/node_modules/react-dom/cjs/react-dom.development.js:4277:31)
        at beginWork$1 (/home/anastasiya/project_posthaste/posthaste/node_modules/react-dom/cjs/react-dom.development.js:27490:7)
        at performUnitOfWork (/home/anastasiya/project_posthaste/posthaste/node_modules/react-dom/cjs/react-dom.development.js:26599:12)
        at workLoopSync (/home/anastasiya/project_posthaste/posthaste/node_modules/react-dom/cjs/react-dom.development.js:26505:5)
        at renderRootSync (/home/anastasiya/project_posthaste/posthaste/node_modules/react-dom/cjs/react-dom.development.js:26473:7)
        at performConcurrentWorkOnRoot (/home/anastasiya/project_posthaste/posthaste/node_modules/react-dom/cjs/react-dom.development.js:25777:74)
        at flushActQueue (/home/anastasiya/project_posthaste/posthaste/node_modules/react/cjs/react.development.js:2667:24)
        at act (/home/anastasiya/project_posthaste/posthaste/node_modules/react/cjs/react.development.js:2582:11)
        at actWithWarning (/home/anastasiya/project_posthaste/posthaste/node_modules/react-dom/cjs/react-dom-test-utils.development.js:1740:10)
        at /home/anastasiya/project_posthaste/posthaste/node_modules/@testing-library/react/dist/act-compat.js:63:25
        at renderRoot (/home/anastasiya/project_posthaste/posthaste/node_modules/@testing-library/react/dist/pure.js:159:26)
        at render (/home/anastasiya/project_posthaste/posthaste/node_modules/@testing-library/react/dist/pure.js:246:10)
        at Object.<anonymous> (/home/anastasiya/project_posthaste/posthaste/src/contexts/tests/ThemeContext.test.tsx:133:11)
        at Promise.then.completed (/home/anastasiya/project_posthaste/posthaste/node_modules/jest-circus/build/utils.js:391:28)
        at new Promise (<anonymous>)
        at callAsyncCircusFn (/home/anastasiya/project_posthaste/posthaste/node_modules/jest-circus/build/utils.js:316:10)
        at _callCircusTest (/home/anastasiya/project_posthaste/posthaste/node_modules/jest-circus/build/run.js:218:40)
        at processTicksAndRejections (node:internal/process/task_queues:95:5)
        at _runTest (/home/anastasiya/project_posthaste/posthaste/node_modules/jest-circus/build/run.js:155:3)
        at _runTestsForDescribeBlock (/home/anastasiya/project_posthaste/posthaste/node_modules/jest-circus/build/run.js:66:9)
        at _runTestsForDescribeBlock (/home/anastasiya/project_posthaste/posthaste/node_modules/jest-circus/build/run.js:60:9)
        at run (/home/anastasiya/project_posthaste/posthaste/node_modules/jest-circus/build/run.js:25:3)
        at runAndTransformResultsToJestFormat (/home/anastasiya/project_posthaste/posthaste/node_modules/jest-circus/build/legacy-code-todo-rewrite/jestAdapterInit.js:170:21)
        at jestAdapter (/home/anastasiya/project_posthaste/posthaste/node_modules/jest-circus/build/legacy-code-todo-rewrite/jestAdapter.js:82:19)
        at runTestInternal (/home/anastasiya/project_posthaste/posthaste/node_modules/jest-runner/build/runTest.js:389:16)
        at runTest (/home/anastasiya/project_posthaste/posthaste/node_modules/jest-runner/build/runTest.js:475:34)
        at Object.worker (/home/anastasiya/project_posthaste/posthaste/node_modules/jest-runner/build/testWorker.js:133:12)

      112 |       return;
      113 |     }
    > 114 |     originalError.call(console, ...args);
          |                   ^
      115 |   };
      116 | });
      117 |

      at console.error (src/setupTests.ts:114:19)
      at VirtualConsole.<anonymous> (node_modules/jsdom/lib/jsdom/virtual-console.js:29:45)
      at reportException (node_modules/jsdom/lib/jsdom/living/helpers/runtime-script-errors.js:70:28)
      at innerInvokeEventListeners (node_modules/jsdom/lib/jsdom/living/events/EventTarget-impl.js:341:9)
      at invokeEventListeners (node_modules/jsdom/lib/jsdom/living/events/EventTarget-impl.js:274:3)
      at HTMLUnknownElementImpl._dispatch (node_modules/jsdom/lib/jsdom/living/events/EventTarget-impl.js:221:9)
      at HTMLUnknownElementImpl.dispatchEvent (node_modules/jsdom/lib/jsdom/living/events/EventTarget-impl.js:94:17)
      at HTMLUnknownElement.dispatchEvent (node_modules/jsdom/lib/jsdom/living/generated/EventTarget.js:231:34)
      at Object.invokeGuardedCallbackDev (node_modules/react-dom/cjs/react-dom.development.js:4213:16)
      at invokeGuardedCallback (node_modules/react-dom/cjs/react-dom.development.js:4277:31)
      at beginWork$1 (node_modules/react-dom/cjs/react-dom.development.js:27490:7)
      at performUnitOfWork (node_modules/react-dom/cjs/react-dom.development.js:26599:12)
      at workLoopSync (node_modules/react-dom/cjs/react-dom.development.js:26505:5)
      at renderRootSync (node_modules/react-dom/cjs/react-dom.development.js:26473:7)
      at performConcurrentWorkOnRoot (node_modules/react-dom/cjs/react-dom.development.js:25777:74)
      at flushActQueue (node_modules/react/cjs/react.development.js:2667:24)
      at act (node_modules/react/cjs/react.development.js:2582:11)
      at actWithWarning (node_modules/react-dom/cjs/react-dom-test-utils.development.js:1740:10)
      at node_modules/@testing-library/react/dist/act-compat.js:63:25
      at renderRoot (node_modules/@testing-library/react/dist/pure.js:159:26)
      at render (node_modules/@testing-library/react/dist/pure.js:246:10)
      at Object.<anonymous> (src/contexts/tests/ThemeContext.test.tsx:133:11)

  console.error
    Error: Uncaught [TypeError: Cannot read properties of undefined (reading 'toString')]
        at reportException (/home/anastasiya/project_posthaste/posthaste/node_modules/jsdom/lib/jsdom/living/helpers/runtime-script-errors.js:66:24)
        at innerInvokeEventListeners (/home/anastasiya/project_posthaste/posthaste/node_modules/jsdom/lib/jsdom/living/events/EventTarget-impl.js:341:9)
        at invokeEventListeners (/home/anastasiya/project_posthaste/posthaste/node_modules/jsdom/lib/jsdom/living/events/EventTarget-impl.js:274:3)
        at HTMLUnknownElementImpl._dispatch (/home/anastasiya/project_posthaste/posthaste/node_modules/jsdom/lib/jsdom/living/events/EventTarget-impl.js:221:9)
        at HTMLUnknownElementImpl.dispatchEvent (/home/anastasiya/project_posthaste/posthaste/node_modules/jsdom/lib/jsdom/living/events/EventTarget-impl.js:94:17)
        at HTMLUnknownElement.dispatchEvent (/home/anastasiya/project_posthaste/posthaste/node_modules/jsdom/lib/jsdom/living/generated/EventTarget.js:231:34)
        at Object.invokeGuardedCallbackDev (/home/anastasiya/project_posthaste/posthaste/node_modules/react-dom/cjs/react-dom.development.js:4213:16)
        at invokeGuardedCallback (/home/anastasiya/project_posthaste/posthaste/node_modules/react-dom/cjs/react-dom.development.js:4277:31)
        at beginWork$1 (/home/anastasiya/project_posthaste/posthaste/node_modules/react-dom/cjs/react-dom.development.js:27490:7)
        at performUnitOfWork (/home/anastasiya/project_posthaste/posthaste/node_modules/react-dom/cjs/react-dom.development.js:26599:12)
        at workLoopSync (/home/anastasiya/project_posthaste/posthaste/node_modules/react-dom/cjs/react-dom.development.js:26505:5)
        at renderRootSync (/home/anastasiya/project_posthaste/posthaste/node_modules/react-dom/cjs/react-dom.development.js:26473:7)
        at recoverFromConcurrentError (/home/anastasiya/project_posthaste/posthaste/node_modules/react-dom/cjs/react-dom.development.js:25889:20)
        at performConcurrentWorkOnRoot (/home/anastasiya/project_posthaste/posthaste/node_modules/react-dom/cjs/react-dom.development.js:25789:22)
        at flushActQueue (/home/anastasiya/project_posthaste/posthaste/node_modules/react/cjs/react.development.js:2667:24)
        at act (/home/anastasiya/project_posthaste/posthaste/node_modules/react/cjs/react.development.js:2582:11)
        at actWithWarning (/home/anastasiya/project_posthaste/posthaste/node_modules/react-dom/cjs/react-dom-test-utils.development.js:1740:10)
        at /home/anastasiya/project_posthaste/posthaste/node_modules/@testing-library/react/dist/act-compat.js:63:25
        at renderRoot (/home/anastasiya/project_posthaste/posthaste/node_modules/@testing-library/react/dist/pure.js:159:26)
        at render (/home/anastasiya/project_posthaste/posthaste/node_modules/@testing-library/react/dist/pure.js:246:10)
        at Object.<anonymous> (/home/anastasiya/project_posthaste/posthaste/src/contexts/tests/ThemeContext.test.tsx:133:11)
        at Promise.then.completed (/home/anastasiya/project_posthaste/posthaste/node_modules/jest-circus/build/utils.js:391:28)
        at new Promise (<anonymous>)
        at callAsyncCircusFn (/home/anastasiya/project_posthaste/posthaste/node_modules/jest-circus/build/utils.js:316:10)
        at _callCircusTest (/home/anastasiya/project_posthaste/posthaste/node_modules/jest-circus/build/run.js:218:40)
        at processTicksAndRejections (node:internal/process/task_queues:95:5)
        at _runTest (/home/anastasiya/project_posthaste/posthaste/node_modules/jest-circus/build/run.js:155:3)
        at _runTestsForDescribeBlock (/home/anastasiya/project_posthaste/posthaste/node_modules/jest-circus/build/run.js:66:9)
        at _runTestsForDescribeBlock (/home/anastasiya/project_posthaste/posthaste/node_modules/jest-circus/build/run.js:60:9)
        at run (/home/anastasiya/project_posthaste/posthaste/node_modules/jest-circus/build/run.js:25:3)
        at runAndTransformResultsToJestFormat (/home/anastasiya/project_posthaste/posthaste/node_modules/jest-circus/build/legacy-code-todo-rewrite/jestAdapterInit.js:170:21)
        at jestAdapter (/home/anastasiya/project_posthaste/posthaste/node_modules/jest-circus/build/legacy-code-todo-rewrite/jestAdapter.js:82:19)
        at runTestInternal (/home/anastasiya/project_posthaste/posthaste/node_modules/jest-runner/build/runTest.js:389:16)
        at runTest (/home/anastasiya/project_posthaste/posthaste/node_modules/jest-runner/build/runTest.js:475:34)
        at Object.worker (/home/anastasiya/project_posthaste/posthaste/node_modules/jest-runner/build/testWorker.js:133:12) TypeError: Cannot read properties of undefined (reading 'toString')
        at TestComponent (/home/anastasiya/project_posthaste/posthaste/src/contexts/tests/ThemeContext.test.tsx:31:43)
        at renderWithHooks (/home/anastasiya/project_posthaste/posthaste/node_modules/react-dom/cjs/react-dom.development.js:15486:18)
        at mountIndeterminateComponent (/home/anastasiya/project_posthaste/posthaste/node_modules/react-dom/cjs/react-dom.development.js:20103:13)
        at beginWork (/home/anastasiya/project_posthaste/posthaste/node_modules/react-dom/cjs/react-dom.development.js:21626:16)
        at HTMLUnknownElement.callCallback (/home/anastasiya/project_posthaste/posthaste/node_modules/react-dom/cjs/react-dom.development.js:4164:14)
        at HTMLUnknownElement.callTheUserObjectsOperation (/home/anastasiya/project_posthaste/posthaste/node_modules/jsdom/lib/jsdom/living/generated/EventListener.js:26:30)
        at innerInvokeEventListeners (/home/anastasiya/project_posthaste/posthaste/node_modules/jsdom/lib/jsdom/living/events/EventTarget-impl.js:338:25)
        at invokeEventListeners (/home/anastasiya/project_posthaste/posthaste/node_modules/jsdom/lib/jsdom/living/events/EventTarget-impl.js:274:3)
        at HTMLUnknownElementImpl._dispatch (/home/anastasiya/project_posthaste/posthaste/node_modules/jsdom/lib/jsdom/living/events/EventTarget-impl.js:221:9)
        at HTMLUnknownElementImpl.dispatchEvent (/home/anastasiya/project_posthaste/posthaste/node_modules/jsdom/lib/jsdom/living/events/EventTarget-impl.js:94:17)
        at HTMLUnknownElement.dispatchEvent (/home/anastasiya/project_posthaste/posthaste/node_modules/jsdom/lib/jsdom/living/generated/EventTarget.js:231:34)
        at Object.invokeGuardedCallbackDev (/home/anastasiya/project_posthaste/posthaste/node_modules/react-dom/cjs/react-dom.development.js:4213:16)
        at invokeGuardedCallback (/home/anastasiya/project_posthaste/posthaste/node_modules/react-dom/cjs/react-dom.development.js:4277:31)
        at beginWork$1 (/home/anastasiya/project_posthaste/posthaste/node_modules/react-dom/cjs/react-dom.development.js:27490:7)
        at performUnitOfWork (/home/anastasiya/project_posthaste/posthaste/node_modules/react-dom/cjs/react-dom.development.js:26599:12)
        at workLoopSync (/home/anastasiya/project_posthaste/posthaste/node_modules/react-dom/cjs/react-dom.development.js:26505:5)
        at renderRootSync (/home/anastasiya/project_posthaste/posthaste/node_modules/react-dom/cjs/react-dom.development.js:26473:7)
        at recoverFromConcurrentError (/home/anastasiya/project_posthaste/posthaste/node_modules/react-dom/cjs/react-dom.development.js:25889:20)
        at performConcurrentWorkOnRoot (/home/anastasiya/project_posthaste/posthaste/node_modules/react-dom/cjs/react-dom.development.js:25789:22)
        at flushActQueue (/home/anastasiya/project_posthaste/posthaste/node_modules/react/cjs/react.development.js:2667:24)
        at act (/home/anastasiya/project_posthaste/posthaste/node_modules/react/cjs/react.development.js:2582:11)
        at actWithWarning (/home/anastasiya/project_posthaste/posthaste/node_modules/react-dom/cjs/react-dom-test-utils.development.js:1740:10)
        at /home/anastasiya/project_posthaste/posthaste/node_modules/@testing-library/react/dist/act-compat.js:63:25
        at renderRoot (/home/anastasiya/project_posthaste/posthaste/node_modules/@testing-library/react/dist/pure.js:159:26)
        at render (/home/anastasiya/project_posthaste/posthaste/node_modules/@testing-library/react/dist/pure.js:246:10)
        at Object.<anonymous> (/home/anastasiya/project_posthaste/posthaste/src/contexts/tests/ThemeContext.test.tsx:133:11)
        at Promise.then.completed (/home/anastasiya/project_posthaste/posthaste/node_modules/jest-circus/build/utils.js:391:28)
        at new Promise (<anonymous>)
        at callAsyncCircusFn (/home/anastasiya/project_posthaste/posthaste/node_modules/jest-circus/build/utils.js:316:10)
        at _callCircusTest (/home/anastasiya/project_posthaste/posthaste/node_modules/jest-circus/build/run.js:218:40)
        at processTicksAndRejections (node:internal/process/task_queues:95:5)
        at _runTest (/home/anastasiya/project_posthaste/posthaste/node_modules/jest-circus/build/run.js:155:3)
        at _runTestsForDescribeBlock (/home/anastasiya/project_posthaste/posthaste/node_modules/jest-circus/build/run.js:66:9)
        at _runTestsForDescribeBlock (/home/anastasiya/project_posthaste/posthaste/node_modules/jest-circus/build/run.js:60:9)
        at run (/home/anastasiya/project_posthaste/posthaste/node_modules/jest-circus/build/run.js:25:3)
        at runAndTransformResultsToJestFormat (/home/anastasiya/project_posthaste/posthaste/node_modules/jest-circus/build/legacy-code-todo-rewrite/jestAdapterInit.js:170:21)
        at jestAdapter (/home/anastasiya/project_posthaste/posthaste/node_modules/jest-circus/build/legacy-code-todo-rewrite/jestAdapter.js:82:19)
        at runTestInternal (/home/anastasiya/project_posthaste/posthaste/node_modules/jest-runner/build/runTest.js:389:16)
        at runTest (/home/anastasiya/project_posthaste/posthaste/node_modules/jest-runner/build/runTest.js:475:34)
        at Object.worker (/home/anastasiya/project_posthaste/posthaste/node_modules/jest-runner/build/testWorker.js:133:12)

      112 |       return;
      113 |     }
    > 114 |     originalError.call(console, ...args);
          |                   ^
      115 |   };
      116 | });
      117 |

      at console.error (src/setupTests.ts:114:19)
      at VirtualConsole.<anonymous> (node_modules/jsdom/lib/jsdom/virtual-console.js:29:45)
      at reportException (node_modules/jsdom/lib/jsdom/living/helpers/runtime-script-errors.js:70:28)
      at innerInvokeEventListeners (node_modules/jsdom/lib/jsdom/living/events/EventTarget-impl.js:341:9)
      at invokeEventListeners (node_modules/jsdom/lib/jsdom/living/events/EventTarget-impl.js:274:3)
      at HTMLUnknownElementImpl._dispatch (node_modules/jsdom/lib/jsdom/living/events/EventTarget-impl.js:221:9)
      at HTMLUnknownElementImpl.dispatchEvent (node_modules/jsdom/lib/jsdom/living/events/EventTarget-impl.js:94:17)
      at HTMLUnknownElement.dispatchEvent (node_modules/jsdom/lib/jsdom/living/generated/EventTarget.js:231:34)
      at Object.invokeGuardedCallbackDev (node_modules/react-dom/cjs/react-dom.development.js:4213:16)
      at invokeGuardedCallback (node_modules/react-dom/cjs/react-dom.development.js:4277:31)
      at beginWork$1 (node_modules/react-dom/cjs/react-dom.development.js:27490:7)
      at performUnitOfWork (node_modules/react-dom/cjs/react-dom.development.js:26599:12)
      at workLoopSync (node_modules/react-dom/cjs/react-dom.development.js:26505:5)
      at renderRootSync (node_modules/react-dom/cjs/react-dom.development.js:26473:7)
      at recoverFromConcurrentError (node_modules/react-dom/cjs/react-dom.development.js:25889:20)
      at performConcurrentWorkOnRoot (node_modules/react-dom/cjs/react-dom.development.js:25789:22)
      at flushActQueue (node_modules/react/cjs/react.development.js:2667:24)
      at act (node_modules/react/cjs/react.development.js:2582:11)
      at actWithWarning (node_modules/react-dom/cjs/react-dom-test-utils.development.js:1740:10)
      at node_modules/@testing-library/react/dist/act-compat.js:63:25
      at renderRoot (node_modules/@testing-library/react/dist/pure.js:159:26)
      at render (node_modules/@testing-library/react/dist/pure.js:246:10)
      at Object.<anonymous> (src/contexts/tests/ThemeContext.test.tsx:133:11)

  console.error
    The above error occurred in the <TestComponent> component:
    
        at TestComponent (/home/anastasiya/project_posthaste/posthaste/src/contexts/tests/ThemeContext.test.tsx:26:50)
        at ThemeProvider (/home/anastasiya/project_posthaste/posthaste/src/contexts/ThemeContext.tsx:26:63)
    
    Consider adding an error boundary to your tree to customize error handling behavior.
    Visit https://reactjs.org/link/error-boundaries to learn more about error boundaries.

      112 |       return;
      113 |     }
    > 114 |     originalError.call(console, ...args);
          |                   ^
      115 |   };
      116 | });
      117 |

      at console.error (src/setupTests.ts:114:19)
      at logCapturedError (node_modules/react-dom/cjs/react-dom.development.js:18704:23)
      at update.callback (node_modules/react-dom/cjs/react-dom.development.js:18737:5)
      at callCallback (node_modules/react-dom/cjs/react-dom.development.js:15036:12)
      at commitUpdateQueue (node_modules/react-dom/cjs/react-dom.development.js:15057:9)
      at commitLayoutEffectOnFiber (node_modules/react-dom/cjs/react-dom.development.js:23430:13)
      at commitLayoutMountEffects_complete (node_modules/react-dom/cjs/react-dom.development.js:24727:9)
      at commitLayoutEffects_begin (node_modules/react-dom/cjs/react-dom.development.js:24713:7)
      at commitLayoutEffects (node_modules/react-dom/cjs/react-dom.development.js:24651:3)
      at commitRootImpl (node_modules/react-dom/cjs/react-dom.development.js:26862:5)
      at commitRoot (node_modules/react-dom/cjs/react-dom.development.js:26721:5)
      at finishConcurrentRender (node_modules/react-dom/cjs/react-dom.development.js:25931:9)
      at performConcurrentWorkOnRoot (node_modules/react-dom/cjs/react-dom.development.js:25848:7)
      at flushActQueue (node_modules/react/cjs/react.development.js:2667:24)
      at act (node_modules/react/cjs/react.development.js:2582:11)
      at actWithWarning (node_modules/react-dom/cjs/react-dom-test-utils.development.js:1740:10)
      at node_modules/@testing-library/react/dist/act-compat.js:63:25
      at renderRoot (node_modules/@testing-library/react/dist/pure.js:159:26)
      at render (node_modules/@testing-library/react/dist/pure.js:246:10)
      at Object.<anonymous> (src/contexts/tests/ThemeContext.test.tsx:133:11)

  console.error
    Error: Uncaught [TypeError: Cannot read properties of undefined (reading 'toString')]
        at reportException (/home/anastasiya/project_posthaste/posthaste/node_modules/jsdom/lib/jsdom/living/helpers/runtime-script-errors.js:66:24)
        at innerInvokeEventListeners (/home/anastasiya/project_posthaste/posthaste/node_modules/jsdom/lib/jsdom/living/events/EventTarget-impl.js:341:9)
        at invokeEventListeners (/home/anastasiya/project_posthaste/posthaste/node_modules/jsdom/lib/jsdom/living/events/EventTarget-impl.js:274:3)
        at HTMLUnknownElementImpl._dispatch (/home/anastasiya/project_posthaste/posthaste/node_modules/jsdom/lib/jsdom/living/events/EventTarget-impl.js:221:9)
        at HTMLUnknownElementImpl.dispatchEvent (/home/anastasiya/project_posthaste/posthaste/node_modules/jsdom/lib/jsdom/living/events/EventTarget-impl.js:94:17)
        at HTMLUnknownElement.dispatchEvent (/home/anastasiya/project_posthaste/posthaste/node_modules/jsdom/lib/jsdom/living/generated/EventTarget.js:231:34)
        at Object.invokeGuardedCallbackDev (/home/anastasiya/project_posthaste/posthaste/node_modules/react-dom/cjs/react-dom.development.js:4213:16)
        at invokeGuardedCallback (/home/anastasiya/project_posthaste/posthaste/node_modules/react-dom/cjs/react-dom.development.js:4277:31)
        at beginWork$1 (/home/anastasiya/project_posthaste/posthaste/node_modules/react-dom/cjs/react-dom.development.js:27490:7)
        at performUnitOfWork (/home/anastasiya/project_posthaste/posthaste/node_modules/react-dom/cjs/react-dom.development.js:26599:12)
        at workLoopSync (/home/anastasiya/project_posthaste/posthaste/node_modules/react-dom/cjs/react-dom.development.js:26505:5)
        at renderRootSync (/home/anastasiya/project_posthaste/posthaste/node_modules/react-dom/cjs/react-dom.development.js:26473:7)
        at performConcurrentWorkOnRoot (/home/anastasiya/project_posthaste/posthaste/node_modules/react-dom/cjs/react-dom.development.js:25777:74)
        at flushActQueue (/home/anastasiya/project_posthaste/posthaste/node_modules/react/cjs/react.development.js:2667:24)
        at act (/home/anastasiya/project_posthaste/posthaste/node_modules/react/cjs/react.development.js:2582:11)
        at actWithWarning (/home/anastasiya/project_posthaste/posthaste/node_modules/react-dom/cjs/react-dom-test-utils.development.js:1740:10)
        at /home/anastasiya/project_posthaste/posthaste/node_modules/@testing-library/react/dist/act-compat.js:63:25
        at renderRoot (/home/anastasiya/project_posthaste/posthaste/node_modules/@testing-library/react/dist/pure.js:159:26)
        at render (/home/anastasiya/project_posthaste/posthaste/node_modules/@testing-library/react/dist/pure.js:246:10)
        at Object.<anonymous> (/home/anastasiya/project_posthaste/posthaste/src/contexts/tests/ThemeContext.test.tsx:153:11)
        at Promise.then.completed (/home/anastasiya/project_posthaste/posthaste/node_modules/jest-circus/build/utils.js:391:28)
        at new Promise (<anonymous>)
        at callAsyncCircusFn (/home/anastasiya/project_posthaste/posthaste/node_modules/jest-circus/build/utils.js:316:10)
        at _callCircusTest (/home/anastasiya/project_posthaste/posthaste/node_modules/jest-circus/build/run.js:218:40)
        at processTicksAndRejections (node:internal/process/task_queues:95:5)
        at _runTest (/home/anastasiya/project_posthaste/posthaste/node_modules/jest-circus/build/run.js:155:3)
        at _runTestsForDescribeBlock (/home/anastasiya/project_posthaste/posthaste/node_modules/jest-circus/build/run.js:66:9)
        at _runTestsForDescribeBlock (/home/anastasiya/project_posthaste/posthaste/node_modules/jest-circus/build/run.js:60:9)
        at run (/home/anastasiya/project_posthaste/posthaste/node_modules/jest-circus/build/run.js:25:3)
        at runAndTransformResultsToJestFormat (/home/anastasiya/project_posthaste/posthaste/node_modules/jest-circus/build/legacy-code-todo-rewrite/jestAdapterInit.js:170:21)
        at jestAdapter (/home/anastasiya/project_posthaste/posthaste/node_modules/jest-circus/build/legacy-code-todo-rewrite/jestAdapter.js:82:19)
        at runTestInternal (/home/anastasiya/project_posthaste/posthaste/node_modules/jest-runner/build/runTest.js:389:16)
        at runTest (/home/anastasiya/project_posthaste/posthaste/node_modules/jest-runner/build/runTest.js:475:34)
        at Object.worker (/home/anastasiya/project_posthaste/posthaste/node_modules/jest-runner/build/testWorker.js:133:12) TypeError: Cannot read properties of undefined (reading 'toString')
        at TestComponent (/home/anastasiya/project_posthaste/posthaste/src/contexts/tests/ThemeContext.test.tsx:31:43)
        at renderWithHooks (/home/anastasiya/project_posthaste/posthaste/node_modules/react-dom/cjs/react-dom.development.js:15486:18)
        at mountIndeterminateComponent (/home/anastasiya/project_posthaste/posthaste/node_modules/react-dom/cjs/react-dom.development.js:20103:13)
        at beginWork (/home/anastasiya/project_posthaste/posthaste/node_modules/react-dom/cjs/react-dom.development.js:21626:16)
        at HTMLUnknownElement.callCallback (/home/anastasiya/project_posthaste/posthaste/node_modules/react-dom/cjs/react-dom.development.js:4164:14)
        at HTMLUnknownElement.callTheUserObjectsOperation (/home/anastasiya/project_posthaste/posthaste/node_modules/jsdom/lib/jsdom/living/generated/EventListener.js:26:30)
        at innerInvokeEventListeners (/home/anastasiya/project_posthaste/posthaste/node_modules/jsdom/lib/jsdom/living/events/EventTarget-impl.js:338:25)
        at invokeEventListeners (/home/anastasiya/project_posthaste/posthaste/node_modules/jsdom/lib/jsdom/living/events/EventTarget-impl.js:274:3)
        at HTMLUnknownElementImpl._dispatch (/home/anastasiya/project_posthaste/posthaste/node_modules/jsdom/lib/jsdom/living/events/EventTarget-impl.js:221:9)
        at HTMLUnknownElementImpl.dispatchEvent (/home/anastasiya/project_posthaste/posthaste/node_modules/jsdom/lib/jsdom/living/events/EventTarget-impl.js:94:17)
        at HTMLUnknownElement.dispatchEvent (/home/anastasiya/project_posthaste/posthaste/node_modules/jsdom/lib/jsdom/living/generated/EventTarget.js:231:34)
        at Object.invokeGuardedCallbackDev (/home/anastasiya/project_posthaste/posthaste/node_modules/react-dom/cjs/react-dom.development.js:4213:16)
        at invokeGuardedCallback (/home/anastasiya/project_posthaste/posthaste/node_modules/react-dom/cjs/react-dom.development.js:4277:31)
        at beginWork$1 (/home/anastasiya/project_posthaste/posthaste/node_modules/react-dom/cjs/react-dom.development.js:27490:7)
        at performUnitOfWork (/home/anastasiya/project_posthaste/posthaste/node_modules/react-dom/cjs/react-dom.development.js:26599:12)
        at workLoopSync (/home/anastasiya/project_posthaste/posthaste/node_modules/react-dom/cjs/react-dom.development.js:26505:5)
        at renderRootSync (/home/anastasiya/project_posthaste/posthaste/node_modules/react-dom/cjs/react-dom.development.js:26473:7)
        at performConcurrentWorkOnRoot (/home/anastasiya/project_posthaste/posthaste/node_modules/react-dom/cjs/react-dom.development.js:25777:74)
        at flushActQueue (/home/anastasiya/project_posthaste/posthaste/node_modules/react/cjs/react.development.js:2667:24)
        at act (/home/anastasiya/project_posthaste/posthaste/node_modules/react/cjs/react.development.js:2582:11)
        at actWithWarning (/home/anastasiya/project_posthaste/posthaste/node_modules/react-dom/cjs/react-dom-test-utils.development.js:1740:10)
        at /home/anastasiya/project_posthaste/posthaste/node_modules/@testing-library/react/dist/act-compat.js:63:25
        at renderRoot (/home/anastasiya/project_posthaste/posthaste/node_modules/@testing-library/react/dist/pure.js:159:26)
        at render (/home/anastasiya/project_posthaste/posthaste/node_modules/@testing-library/react/dist/pure.js:246:10)
        at Object.<anonymous> (/home/anastasiya/project_posthaste/posthaste/src/contexts/tests/ThemeContext.test.tsx:153:11)
        at Promise.then.completed (/home/anastasiya/project_posthaste/posthaste/node_modules/jest-circus/build/utils.js:391:28)
        at new Promise (<anonymous>)
        at callAsyncCircusFn (/home/anastasiya/project_posthaste/posthaste/node_modules/jest-circus/build/utils.js:316:10)
        at _callCircusTest (/home/anastasiya/project_posthaste/posthaste/node_modules/jest-circus/build/run.js:218:40)
        at processTicksAndRejections (node:internal/process/task_queues:95:5)
        at _runTest (/home/anastasiya/project_posthaste/posthaste/node_modules/jest-circus/build/run.js:155:3)
        at _runTestsForDescribeBlock (/home/anastasiya/project_posthaste/posthaste/node_modules/jest-circus/build/run.js:66:9)
        at _runTestsForDescribeBlock (/home/anastasiya/project_posthaste/posthaste/node_modules/jest-circus/build/run.js:60:9)
        at run (/home/anastasiya/project_posthaste/posthaste/node_modules/jest-circus/build/run.js:25:3)
        at runAndTransformResultsToJestFormat (/home/anastasiya/project_posthaste/posthaste/node_modules/jest-circus/build/legacy-code-todo-rewrite/jestAdapterInit.js:170:21)
        at jestAdapter (/home/anastasiya/project_posthaste/posthaste/node_modules/jest-circus/build/legacy-code-todo-rewrite/jestAdapter.js:82:19)
        at runTestInternal (/home/anastasiya/project_posthaste/posthaste/node_modules/jest-runner/build/runTest.js:389:16)
        at runTest (/home/anastasiya/project_posthaste/posthaste/node_modules/jest-runner/build/runTest.js:475:34)
        at Object.worker (/home/anastasiya/project_posthaste/posthaste/node_modules/jest-runner/build/testWorker.js:133:12)

      112 |       return;
      113 |     }
    > 114 |     originalError.call(console, ...args);
          |                   ^
      115 |   };
      116 | });
      117 |

      at console.error (src/setupTests.ts:114:19)
      at VirtualConsole.<anonymous> (node_modules/jsdom/lib/jsdom/virtual-console.js:29:45)
      at reportException (node_modules/jsdom/lib/jsdom/living/helpers/runtime-script-errors.js:70:28)
      at innerInvokeEventListeners (node_modules/jsdom/lib/jsdom/living/events/EventTarget-impl.js:341:9)
      at invokeEventListeners (node_modules/jsdom/lib/jsdom/living/events/EventTarget-impl.js:274:3)
      at HTMLUnknownElementImpl._dispatch (node_modules/jsdom/lib/jsdom/living/events/EventTarget-impl.js:221:9)
      at HTMLUnknownElementImpl.dispatchEvent (node_modules/jsdom/lib/jsdom/living/events/EventTarget-impl.js:94:17)
      at HTMLUnknownElement.dispatchEvent (node_modules/jsdom/lib/jsdom/living/generated/EventTarget.js:231:34)
      at Object.invokeGuardedCallbackDev (node_modules/react-dom/cjs/react-dom.development.js:4213:16)
      at invokeGuardedCallback (node_modules/react-dom/cjs/react-dom.development.js:4277:31)
      at beginWork$1 (node_modules/react-dom/cjs/react-dom.development.js:27490:7)
      at performUnitOfWork (node_modules/react-dom/cjs/react-dom.development.js:26599:12)
      at workLoopSync (node_modules/react-dom/cjs/react-dom.development.js:26505:5)
      at renderRootSync (node_modules/react-dom/cjs/react-dom.development.js:26473:7)
      at performConcurrentWorkOnRoot (node_modules/react-dom/cjs/react-dom.development.js:25777:74)
      at flushActQueue (node_modules/react/cjs/react.development.js:2667:24)
      at act (node_modules/react/cjs/react.development.js:2582:11)
      at actWithWarning (node_modules/react-dom/cjs/react-dom-test-utils.development.js:1740:10)
      at node_modules/@testing-library/react/dist/act-compat.js:63:25
      at renderRoot (node_modules/@testing-library/react/dist/pure.js:159:26)
      at render (node_modules/@testing-library/react/dist/pure.js:246:10)
      at Object.<anonymous> (src/contexts/tests/ThemeContext.test.tsx:153:11)

  console.error
    Error: Uncaught [TypeError: Cannot read properties of undefined (reading 'toString')]
        at reportException (/home/anastasiya/project_posthaste/posthaste/node_modules/jsdom/lib/jsdom/living/helpers/runtime-script-errors.js:66:24)
        at innerInvokeEventListeners (/home/anastasiya/project_posthaste/posthaste/node_modules/jsdom/lib/jsdom/living/events/EventTarget-impl.js:341:9)
        at invokeEventListeners (/home/anastasiya/project_posthaste/posthaste/node_modules/jsdom/lib/jsdom/living/events/EventTarget-impl.js:274:3)
        at HTMLUnknownElementImpl._dispatch (/home/anastasiya/project_posthaste/posthaste/node_modules/jsdom/lib/jsdom/living/events/EventTarget-impl.js:221:9)
        at HTMLUnknownElementImpl.dispatchEvent (/home/anastasiya/project_posthaste/posthaste/node_modules/jsdom/lib/jsdom/living/events/EventTarget-impl.js:94:17)
        at HTMLUnknownElement.dispatchEvent (/home/anastasiya/project_posthaste/posthaste/node_modules/jsdom/lib/jsdom/living/generated/EventTarget.js:231:34)
        at Object.invokeGuardedCallbackDev (/home/anastasiya/project_posthaste/posthaste/node_modules/react-dom/cjs/react-dom.development.js:4213:16)
        at invokeGuardedCallback (/home/anastasiya/project_posthaste/posthaste/node_modules/react-dom/cjs/react-dom.development.js:4277:31)
        at beginWork$1 (/home/anastasiya/project_posthaste/posthaste/node_modules/react-dom/cjs/react-dom.development.js:27490:7)
        at performUnitOfWork (/home/anastasiya/project_posthaste/posthaste/node_modules/react-dom/cjs/react-dom.development.js:26599:12)
        at workLoopSync (/home/anastasiya/project_posthaste/posthaste/node_modules/react-dom/cjs/react-dom.development.js:26505:5)
        at renderRootSync (/home/anastasiya/project_posthaste/posthaste/node_modules/react-dom/cjs/react-dom.development.js:26473:7)
        at recoverFromConcurrentError (/home/anastasiya/project_posthaste/posthaste/node_modules/react-dom/cjs/react-dom.development.js:25889:20)
        at performConcurrentWorkOnRoot (/home/anastasiya/project_posthaste/posthaste/node_modules/react-dom/cjs/react-dom.development.js:25789:22)
        at flushActQueue (/home/anastasiya/project_posthaste/posthaste/node_modules/react/cjs/react.development.js:2667:24)
        at act (/home/anastasiya/project_posthaste/posthaste/node_modules/react/cjs/react.development.js:2582:11)
        at actWithWarning (/home/anastasiya/project_posthaste/posthaste/node_modules/react-dom/cjs/react-dom-test-utils.development.js:1740:10)
        at /home/anastasiya/project_posthaste/posthaste/node_modules/@testing-library/react/dist/act-compat.js:63:25
        at renderRoot (/home/anastasiya/project_posthaste/posthaste/node_modules/@testing-library/react/dist/pure.js:159:26)
        at render (/home/anastasiya/project_posthaste/posthaste/node_modules/@testing-library/react/dist/pure.js:246:10)
        at Object.<anonymous> (/home/anastasiya/project_posthaste/posthaste/src/contexts/tests/ThemeContext.test.tsx:153:11)
        at Promise.then.completed (/home/anastasiya/project_posthaste/posthaste/node_modules/jest-circus/build/utils.js:391:28)
        at new Promise (<anonymous>)
        at callAsyncCircusFn (/home/anastasiya/project_posthaste/posthaste/node_modules/jest-circus/build/utils.js:316:10)
        at _callCircusTest (/home/anastasiya/project_posthaste/posthaste/node_modules/jest-circus/build/run.js:218:40)
        at processTicksAndRejections (node:internal/process/task_queues:95:5)
        at _runTest (/home/anastasiya/project_posthaste/posthaste/node_modules/jest-circus/build/run.js:155:3)
        at _runTestsForDescribeBlock (/home/anastasiya/project_posthaste/posthaste/node_modules/jest-circus/build/run.js:66:9)
        at _runTestsForDescribeBlock (/home/anastasiya/project_posthaste/posthaste/node_modules/jest-circus/build/run.js:60:9)
        at run (/home/anastasiya/project_posthaste/posthaste/node_modules/jest-circus/build/run.js:25:3)
        at runAndTransformResultsToJestFormat (/home/anastasiya/project_posthaste/posthaste/node_modules/jest-circus/build/legacy-code-todo-rewrite/jestAdapterInit.js:170:21)
        at jestAdapter (/home/anastasiya/project_posthaste/posthaste/node_modules/jest-circus/build/legacy-code-todo-rewrite/jestAdapter.js:82:19)
        at runTestInternal (/home/anastasiya/project_posthaste/posthaste/node_modules/jest-runner/build/runTest.js:389:16)
        at runTest (/home/anastasiya/project_posthaste/posthaste/node_modules/jest-runner/build/runTest.js:475:34)
        at Object.worker (/home/anastasiya/project_posthaste/posthaste/node_modules/jest-runner/build/testWorker.js:133:12) TypeError: Cannot read properties of undefined (reading 'toString')
        at TestComponent (/home/anastasiya/project_posthaste/posthaste/src/contexts/tests/ThemeContext.test.tsx:31:43)
        at renderWithHooks (/home/anastasiya/project_posthaste/posthaste/node_modules/react-dom/cjs/react-dom.development.js:15486:18)
        at mountIndeterminateComponent (/home/anastasiya/project_posthaste/posthaste/node_modules/react-dom/cjs/react-dom.development.js:20103:13)
        at beginWork (/home/anastasiya/project_posthaste/posthaste/node_modules/react-dom/cjs/react-dom.development.js:21626:16)
        at HTMLUnknownElement.callCallback (/home/anastasiya/project_posthaste/posthaste/node_modules/react-dom/cjs/react-dom.development.js:4164:14)
        at HTMLUnknownElement.callTheUserObjectsOperation (/home/anastasiya/project_posthaste/posthaste/node_modules/jsdom/lib/jsdom/living/generated/EventListener.js:26:30)
        at innerInvokeEventListeners (/home/anastasiya/project_posthaste/posthaste/node_modules/jsdom/lib/jsdom/living/events/EventTarget-impl.js:338:25)
        at invokeEventListeners (/home/anastasiya/project_posthaste/posthaste/node_modules/jsdom/lib/jsdom/living/events/EventTarget-impl.js:274:3)
        at HTMLUnknownElementImpl._dispatch (/home/anastasiya/project_posthaste/posthaste/node_modules/jsdom/lib/jsdom/living/events/EventTarget-impl.js:221:9)
        at HTMLUnknownElementImpl.dispatchEvent (/home/anastasiya/project_posthaste/posthaste/node_modules/jsdom/lib/jsdom/living/events/EventTarget-impl.js:94:17)
        at HTMLUnknownElement.dispatchEvent (/home/anastasiya/project_posthaste/posthaste/node_modules/jsdom/lib/jsdom/living/generated/EventTarget.js:231:34)
        at Object.invokeGuardedCallbackDev (/home/anastasiya/project_posthaste/posthaste/node_modules/react-dom/cjs/react-dom.development.js:4213:16)
        at invokeGuardedCallback (/home/anastasiya/project_posthaste/posthaste/node_modules/react-dom/cjs/react-dom.development.js:4277:31)
        at beginWork$1 (/home/anastasiya/project_posthaste/posthaste/node_modules/react-dom/cjs/react-dom.development.js:27490:7)
        at performUnitOfWork (/home/anastasiya/project_posthaste/posthaste/node_modules/react-dom/cjs/react-dom.development.js:26599:12)
        at workLoopSync (/home/anastasiya/project_posthaste/posthaste/node_modules/react-dom/cjs/react-dom.development.js:26505:5)
        at renderRootSync (/home/anastasiya/project_posthaste/posthaste/node_modules/react-dom/cjs/react-dom.development.js:26473:7)
        at recoverFromConcurrentError (/home/anastasiya/project_posthaste/posthaste/node_modules/react-dom/cjs/react-dom.development.js:25889:20)
        at performConcurrentWorkOnRoot (/home/anastasiya/project_posthaste/posthaste/node_modules/react-dom/cjs/react-dom.development.js:25789:22)
        at flushActQueue (/home/anastasiya/project_posthaste/posthaste/node_modules/react/cjs/react.development.js:2667:24)
        at act (/home/anastasiya/project_posthaste/posthaste/node_modules/react/cjs/react.development.js:2582:11)
        at actWithWarning (/home/anastasiya/project_posthaste/posthaste/node_modules/react-dom/cjs/react-dom-test-utils.development.js:1740:10)
        at /home/anastasiya/project_posthaste/posthaste/node_modules/@testing-library/react/dist/act-compat.js:63:25
        at renderRoot (/home/anastasiya/project_posthaste/posthaste/node_modules/@testing-library/react/dist/pure.js:159:26)
        at render (/home/anastasiya/project_posthaste/posthaste/node_modules/@testing-library/react/dist/pure.js:246:10)
        at Object.<anonymous> (/home/anastasiya/project_posthaste/posthaste/src/contexts/tests/ThemeContext.test.tsx:153:11)
        at Promise.then.completed (/home/anastasiya/project_posthaste/posthaste/node_modules/jest-circus/build/utils.js:391:28)
        at new Promise (<anonymous>)
        at callAsyncCircusFn (/home/anastasiya/project_posthaste/posthaste/node_modules/jest-circus/build/utils.js:316:10)
        at _callCircusTest (/home/anastasiya/project_posthaste/posthaste/node_modules/jest-circus/build/run.js:218:40)
        at processTicksAndRejections (node:internal/process/task_queues:95:5)
        at _runTest (/home/anastasiya/project_posthaste/posthaste/node_modules/jest-circus/build/run.js:155:3)
        at _runTestsForDescribeBlock (/home/anastasiya/project_posthaste/posthaste/node_modules/jest-circus/build/run.js:66:9)
        at _runTestsForDescribeBlock (/home/anastasiya/project_posthaste/posthaste/node_modules/jest-circus/build/run.js:60:9)
        at run (/home/anastasiya/project_posthaste/posthaste/node_modules/jest-circus/build/run.js:25:3)
        at runAndTransformResultsToJestFormat (/home/anastasiya/project_posthaste/posthaste/node_modules/jest-circus/build/legacy-code-todo-rewrite/jestAdapterInit.js:170:21)
        at jestAdapter (/home/anastasiya/project_posthaste/posthaste/node_modules/jest-circus/build/legacy-code-todo-rewrite/jestAdapter.js:82:19)
        at runTestInternal (/home/anastasiya/project_posthaste/posthaste/node_modules/jest-runner/build/runTest.js:389:16)
        at runTest (/home/anastasiya/project_posthaste/posthaste/node_modules/jest-runner/build/runTest.js:475:34)
        at Object.worker (/home/anastasiya/project_posthaste/posthaste/node_modules/jest-runner/build/testWorker.js:133:12)

      112 |       return;
      113 |     }
    > 114 |     originalError.call(console, ...args);
          |                   ^
      115 |   };
      116 | });
      117 |

      at console.error (src/setupTests.ts:114:19)
      at VirtualConsole.<anonymous> (node_modules/jsdom/lib/jsdom/virtual-console.js:29:45)
      at reportException (node_modules/jsdom/lib/jsdom/living/helpers/runtime-script-errors.js:70:28)
      at innerInvokeEventListeners (node_modules/jsdom/lib/jsdom/living/events/EventTarget-impl.js:341:9)
      at invokeEventListeners (node_modules/jsdom/lib/jsdom/living/events/EventTarget-impl.js:274:3)
      at HTMLUnknownElementImpl._dispatch (node_modules/jsdom/lib/jsdom/living/events/EventTarget-impl.js:221:9)
      at HTMLUnknownElementImpl.dispatchEvent (node_modules/jsdom/lib/jsdom/living/events/EventTarget-impl.js:94:17)
      at HTMLUnknownElement.dispatchEvent (node_modules/jsdom/lib/jsdom/living/generated/EventTarget.js:231:34)
      at Object.invokeGuardedCallbackDev (node_modules/react-dom/cjs/react-dom.development.js:4213:16)
      at invokeGuardedCallback (node_modules/react-dom/cjs/react-dom.development.js:4277:31)
      at beginWork$1 (node_modules/react-dom/cjs/react-dom.development.js:27490:7)
      at performUnitOfWork (node_modules/react-dom/cjs/react-dom.development.js:26599:12)
      at workLoopSync (node_modules/react-dom/cjs/react-dom.development.js:26505:5)
      at renderRootSync (node_modules/react-dom/cjs/react-dom.development.js:26473:7)
      at recoverFromConcurrentError (node_modules/react-dom/cjs/react-dom.development.js:25889:20)
      at performConcurrentWorkOnRoot (node_modules/react-dom/cjs/react-dom.development.js:25789:22)
      at flushActQueue (node_modules/react/cjs/react.development.js:2667:24)
      at act (node_modules/react/cjs/react.development.js:2582:11)
      at actWithWarning (node_modules/react-dom/cjs/react-dom-test-utils.development.js:1740:10)
      at node_modules/@testing-library/react/dist/act-compat.js:63:25
      at renderRoot (node_modules/@testing-library/react/dist/pure.js:159:26)
      at render (node_modules/@testing-library/react/dist/pure.js:246:10)
      at Object.<anonymous> (src/contexts/tests/ThemeContext.test.tsx:153:11)

  console.error
    The above error occurred in the <TestComponent> component:
    
        at TestComponent (/home/anastasiya/project_posthaste/posthaste/src/contexts/tests/ThemeContext.test.tsx:26:50)
        at ThemeProvider (/home/anastasiya/project_posthaste/posthaste/src/contexts/ThemeContext.tsx:26:63)
    
    Consider adding an error boundary to your tree to customize error handling behavior.
    Visit https://reactjs.org/link/error-boundaries to learn more about error boundaries.

      112 |       return;
      113 |     }
    > 114 |     originalError.call(console, ...args);
          |                   ^
      115 |   };
      116 | });
      117 |

      at console.error (src/setupTests.ts:114:19)
      at logCapturedError (node_modules/react-dom/cjs/react-dom.development.js:18704:23)
      at update.callback (node_modules/react-dom/cjs/react-dom.development.js:18737:5)
      at callCallback (node_modules/react-dom/cjs/react-dom.development.js:15036:12)
      at commitUpdateQueue (node_modules/react-dom/cjs/react-dom.development.js:15057:9)
      at commitLayoutEffectOnFiber (node_modules/react-dom/cjs/react-dom.development.js:23430:13)
      at commitLayoutMountEffects_complete (node_modules/react-dom/cjs/react-dom.development.js:24727:9)
      at commitLayoutEffects_begin (node_modules/react-dom/cjs/react-dom.development.js:24713:7)
      at commitLayoutEffects (node_modules/react-dom/cjs/react-dom.development.js:24651:3)
      at commitRootImpl (node_modules/react-dom/cjs/react-dom.development.js:26862:5)
      at commitRoot (node_modules/react-dom/cjs/react-dom.development.js:26721:5)
      at finishConcurrentRender (node_modules/react-dom/cjs/react-dom.development.js:25931:9)
      at performConcurrentWorkOnRoot (node_modules/react-dom/cjs/react-dom.development.js:25848:7)
      at flushActQueue (node_modules/react/cjs/react.development.js:2667:24)
      at act (node_modules/react/cjs/react.development.js:2582:11)
      at actWithWarning (node_modules/react-dom/cjs/react-dom-test-utils.development.js:1740:10)
      at node_modules/@testing-library/react/dist/act-compat.js:63:25
      at renderRoot (node_modules/@testing-library/react/dist/pure.js:159:26)
      at render (node_modules/@testing-library/react/dist/pure.js:246:10)
      at Object.<anonymous> (src/contexts/tests/ThemeContext.test.tsx:153:11)

  console.error
    Error: Uncaught [TypeError: Cannot read properties of undefined (reading 'toString')]
        at reportException (/home/anastasiya/project_posthaste/posthaste/node_modules/jsdom/lib/jsdom/living/helpers/runtime-script-errors.js:66:24)
        at innerInvokeEventListeners (/home/anastasiya/project_posthaste/posthaste/node_modules/jsdom/lib/jsdom/living/events/EventTarget-impl.js:341:9)
        at invokeEventListeners (/home/anastasiya/project_posthaste/posthaste/node_modules/jsdom/lib/jsdom/living/events/EventTarget-impl.js:274:3)
        at HTMLUnknownElementImpl._dispatch (/home/anastasiya/project_posthaste/posthaste/node_modules/jsdom/lib/jsdom/living/events/EventTarget-impl.js:221:9)
        at HTMLUnknownElementImpl.dispatchEvent (/home/anastasiya/project_posthaste/posthaste/node_modules/jsdom/lib/jsdom/living/events/EventTarget-impl.js:94:17)
        at HTMLUnknownElement.dispatchEvent (/home/anastasiya/project_posthaste/posthaste/node_modules/jsdom/lib/jsdom/living/generated/EventTarget.js:231:34)
        at Object.invokeGuardedCallbackDev (/home/anastasiya/project_posthaste/posthaste/node_modules/react-dom/cjs/react-dom.development.js:4213:16)
        at invokeGuardedCallback (/home/anastasiya/project_posthaste/posthaste/node_modules/react-dom/cjs/react-dom.development.js:4277:31)
        at beginWork$1 (/home/anastasiya/project_posthaste/posthaste/node_modules/react-dom/cjs/react-dom.development.js:27490:7)
        at performUnitOfWork (/home/anastasiya/project_posthaste/posthaste/node_modules/react-dom/cjs/react-dom.development.js:26599:12)
        at workLoopSync (/home/anastasiya/project_posthaste/posthaste/node_modules/react-dom/cjs/react-dom.development.js:26505:5)
        at renderRootSync (/home/anastasiya/project_posthaste/posthaste/node_modules/react-dom/cjs/react-dom.development.js:26473:7)
        at performConcurrentWorkOnRoot (/home/anastasiya/project_posthaste/posthaste/node_modules/react-dom/cjs/react-dom.development.js:25777:74)
        at flushActQueue (/home/anastasiya/project_posthaste/posthaste/node_modules/react/cjs/react.development.js:2667:24)
        at act (/home/anastasiya/project_posthaste/posthaste/node_modules/react/cjs/react.development.js:2582:11)
        at actWithWarning (/home/anastasiya/project_posthaste/posthaste/node_modules/react-dom/cjs/react-dom-test-utils.development.js:1740:10)
        at /home/anastasiya/project_posthaste/posthaste/node_modules/@testing-library/react/dist/act-compat.js:63:25
        at renderRoot (/home/anastasiya/project_posthaste/posthaste/node_modules/@testing-library/react/dist/pure.js:159:26)
        at render (/home/anastasiya/project_posthaste/posthaste/node_modules/@testing-library/react/dist/pure.js:246:10)
        at Object.<anonymous> (/home/anastasiya/project_posthaste/posthaste/src/contexts/tests/ThemeContext.test.tsx:171:11)
        at Promise.then.completed (/home/anastasiya/project_posthaste/posthaste/node_modules/jest-circus/build/utils.js:391:28)
        at new Promise (<anonymous>)
        at callAsyncCircusFn (/home/anastasiya/project_posthaste/posthaste/node_modules/jest-circus/build/utils.js:316:10)
        at _callCircusTest (/home/anastasiya/project_posthaste/posthaste/node_modules/jest-circus/build/run.js:218:40)
        at processTicksAndRejections (node:internal/process/task_queues:95:5)
        at _runTest (/home/anastasiya/project_posthaste/posthaste/node_modules/jest-circus/build/run.js:155:3)
        at _runTestsForDescribeBlock (/home/anastasiya/project_posthaste/posthaste/node_modules/jest-circus/build/run.js:66:9)
        at _runTestsForDescribeBlock (/home/anastasiya/project_posthaste/posthaste/node_modules/jest-circus/build/run.js:60:9)
        at run (/home/anastasiya/project_posthaste/posthaste/node_modules/jest-circus/build/run.js:25:3)
        at runAndTransformResultsToJestFormat (/home/anastasiya/project_posthaste/posthaste/node_modules/jest-circus/build/legacy-code-todo-rewrite/jestAdapterInit.js:170:21)
        at jestAdapter (/home/anastasiya/project_posthaste/posthaste/node_modules/jest-circus/build/legacy-code-todo-rewrite/jestAdapter.js:82:19)
        at runTestInternal (/home/anastasiya/project_posthaste/posthaste/node_modules/jest-runner/build/runTest.js:389:16)
        at runTest (/home/anastasiya/project_posthaste/posthaste/node_modules/jest-runner/build/runTest.js:475:34)
        at Object.worker (/home/anastasiya/project_posthaste/posthaste/node_modules/jest-runner/build/testWorker.js:133:12) TypeError: Cannot read properties of undefined (reading 'toString')
        at TestComponent (/home/anastasiya/project_posthaste/posthaste/src/contexts/tests/ThemeContext.test.tsx:31:43)
        at renderWithHooks (/home/anastasiya/project_posthaste/posthaste/node_modules/react-dom/cjs/react-dom.development.js:15486:18)
        at mountIndeterminateComponent (/home/anastasiya/project_posthaste/posthaste/node_modules/react-dom/cjs/react-dom.development.js:20103:13)
        at beginWork (/home/anastasiya/project_posthaste/posthaste/node_modules/react-dom/cjs/react-dom.development.js:21626:16)
        at HTMLUnknownElement.callCallback (/home/anastasiya/project_posthaste/posthaste/node_modules/react-dom/cjs/react-dom.development.js:4164:14)
        at HTMLUnknownElement.callTheUserObjectsOperation (/home/anastasiya/project_posthaste/posthaste/node_modules/jsdom/lib/jsdom/living/generated/EventListener.js:26:30)
        at innerInvokeEventListeners (/home/anastasiya/project_posthaste/posthaste/node_modules/jsdom/lib/jsdom/living/events/EventTarget-impl.js:338:25)
        at invokeEventListeners (/home/anastasiya/project_posthaste/posthaste/node_modules/jsdom/lib/jsdom/living/events/EventTarget-impl.js:274:3)
        at HTMLUnknownElementImpl._dispatch (/home/anastasiya/project_posthaste/posthaste/node_modules/jsdom/lib/jsdom/living/events/EventTarget-impl.js:221:9)
        at HTMLUnknownElementImpl.dispatchEvent (/home/anastasiya/project_posthaste/posthaste/node_modules/jsdom/lib/jsdom/living/events/EventTarget-impl.js:94:17)
        at HTMLUnknownElement.dispatchEvent (/home/anastasiya/project_posthaste/posthaste/node_modules/jsdom/lib/jsdom/living/generated/EventTarget.js:231:34)
        at Object.invokeGuardedCallbackDev (/home/anastasiya/project_posthaste/posthaste/node_modules/react-dom/cjs/react-dom.development.js:4213:16)
        at invokeGuardedCallback (/home/anastasiya/project_posthaste/posthaste/node_modules/react-dom/cjs/react-dom.development.js:4277:31)
        at beginWork$1 (/home/anastasiya/project_posthaste/posthaste/node_modules/react-dom/cjs/react-dom.development.js:27490:7)
        at performUnitOfWork (/home/anastasiya/project_posthaste/posthaste/node_modules/react-dom/cjs/react-dom.development.js:26599:12)
        at workLoopSync (/home/anastasiya/project_posthaste/posthaste/node_modules/react-dom/cjs/react-dom.development.js:26505:5)
        at renderRootSync (/home/anastasiya/project_posthaste/posthaste/node_modules/react-dom/cjs/react-dom.development.js:26473:7)
        at performConcurrentWorkOnRoot (/home/anastasiya/project_posthaste/posthaste/node_modules/react-dom/cjs/react-dom.development.js:25777:74)
        at flushActQueue (/home/anastasiya/project_posthaste/posthaste/node_modules/react/cjs/react.development.js:2667:24)
        at act (/home/anastasiya/project_posthaste/posthaste/node_modules/react/cjs/react.development.js:2582:11)
        at actWithWarning (/home/anastasiya/project_posthaste/posthaste/node_modules/react-dom/cjs/react-dom-test-utils.development.js:1740:10)
        at /home/anastasiya/project_posthaste/posthaste/node_modules/@testing-library/react/dist/act-compat.js:63:25
        at renderRoot (/home/anastasiya/project_posthaste/posthaste/node_modules/@testing-library/react/dist/pure.js:159:26)
        at render (/home/anastasiya/project_posthaste/posthaste/node_modules/@testing-library/react/dist/pure.js:246:10)
        at Object.<anonymous> (/home/anastasiya/project_posthaste/posthaste/src/contexts/tests/ThemeContext.test.tsx:171:11)
        at Promise.then.completed (/home/anastasiya/project_posthaste/posthaste/node_modules/jest-circus/build/utils.js:391:28)
        at new Promise (<anonymous>)
        at callAsyncCircusFn (/home/anastasiya/project_posthaste/posthaste/node_modules/jest-circus/build/utils.js:316:10)
        at _callCircusTest (/home/anastasiya/project_posthaste/posthaste/node_modules/jest-circus/build/run.js:218:40)
        at processTicksAndRejections (node:internal/process/task_queues:95:5)
        at _runTest (/home/anastasiya/project_posthaste/posthaste/node_modules/jest-circus/build/run.js:155:3)
        at _runTestsForDescribeBlock (/home/anastasiya/project_posthaste/posthaste/node_modules/jest-circus/build/run.js:66:9)
        at _runTestsForDescribeBlock (/home/anastasiya/project_posthaste/posthaste/node_modules/jest-circus/build/run.js:60:9)
        at run (/home/anastasiya/project_posthaste/posthaste/node_modules/jest-circus/build/run.js:25:3)
        at runAndTransformResultsToJestFormat (/home/anastasiya/project_posthaste/posthaste/node_modules/jest-circus/build/legacy-code-todo-rewrite/jestAdapterInit.js:170:21)
        at jestAdapter (/home/anastasiya/project_posthaste/posthaste/node_modules/jest-circus/build/legacy-code-todo-rewrite/jestAdapter.js:82:19)
        at runTestInternal (/home/anastasiya/project_posthaste/posthaste/node_modules/jest-runner/build/runTest.js:389:16)
        at runTest (/home/anastasiya/project_posthaste/posthaste/node_modules/jest-runner/build/runTest.js:475:34)
        at Object.worker (/home/anastasiya/project_posthaste/posthaste/node_modules/jest-runner/build/testWorker.js:133:12)

      112 |       return;
      113 |     }
    > 114 |     originalError.call(console, ...args);
          |                   ^
      115 |   };
      116 | });
      117 |

      at console.error (src/setupTests.ts:114:19)
      at VirtualConsole.<anonymous> (node_modules/jsdom/lib/jsdom/virtual-console.js:29:45)
      at reportException (node_modules/jsdom/lib/jsdom/living/helpers/runtime-script-errors.js:70:28)
      at innerInvokeEventListeners (node_modules/jsdom/lib/jsdom/living/events/EventTarget-impl.js:341:9)
      at invokeEventListeners (node_modules/jsdom/lib/jsdom/living/events/EventTarget-impl.js:274:3)
      at HTMLUnknownElementImpl._dispatch (node_modules/jsdom/lib/jsdom/living/events/EventTarget-impl.js:221:9)
      at HTMLUnknownElementImpl.dispatchEvent (node_modules/jsdom/lib/jsdom/living/events/EventTarget-impl.js:94:17)
      at HTMLUnknownElement.dispatchEvent (node_modules/jsdom/lib/jsdom/living/generated/EventTarget.js:231:34)
      at Object.invokeGuardedCallbackDev (node_modules/react-dom/cjs/react-dom.development.js:4213:16)
      at invokeGuardedCallback (node_modules/react-dom/cjs/react-dom.development.js:4277:31)
      at beginWork$1 (node_modules/react-dom/cjs/react-dom.development.js:27490:7)
      at performUnitOfWork (node_modules/react-dom/cjs/react-dom.development.js:26599:12)
      at workLoopSync (node_modules/react-dom/cjs/react-dom.development.js:26505:5)
      at renderRootSync (node_modules/react-dom/cjs/react-dom.development.js:26473:7)
      at performConcurrentWorkOnRoot (node_modules/react-dom/cjs/react-dom.development.js:25777:74)
      at flushActQueue (node_modules/react/cjs/react.development.js:2667:24)
      at act (node_modules/react/cjs/react.development.js:2582:11)
      at actWithWarning (node_modules/react-dom/cjs/react-dom-test-utils.development.js:1740:10)
      at node_modules/@testing-library/react/dist/act-compat.js:63:25
      at renderRoot (node_modules/@testing-library/react/dist/pure.js:159:26)
      at render (node_modules/@testing-library/react/dist/pure.js:246:10)
      at Object.<anonymous> (src/contexts/tests/ThemeContext.test.tsx:171:11)

  console.error
    Error: Uncaught [TypeError: Cannot read properties of undefined (reading 'toString')]
        at reportException (/home/anastasiya/project_posthaste/posthaste/node_modules/jsdom/lib/jsdom/living/helpers/runtime-script-errors.js:66:24)
        at innerInvokeEventListeners (/home/anastasiya/project_posthaste/posthaste/node_modules/jsdom/lib/jsdom/living/events/EventTarget-impl.js:341:9)
        at invokeEventListeners (/home/anastasiya/project_posthaste/posthaste/node_modules/jsdom/lib/jsdom/living/events/EventTarget-impl.js:274:3)
        at HTMLUnknownElementImpl._dispatch (/home/anastasiya/project_posthaste/posthaste/node_modules/jsdom/lib/jsdom/living/events/EventTarget-impl.js:221:9)
        at HTMLUnknownElementImpl.dispatchEvent (/home/anastasiya/project_posthaste/posthaste/node_modules/jsdom/lib/jsdom/living/events/EventTarget-impl.js:94:17)
        at HTMLUnknownElement.dispatchEvent (/home/anastasiya/project_posthaste/posthaste/node_modules/jsdom/lib/jsdom/living/generated/EventTarget.js:231:34)
        at Object.invokeGuardedCallbackDev (/home/anastasiya/project_posthaste/posthaste/node_modules/react-dom/cjs/react-dom.development.js:4213:16)
        at invokeGuardedCallback (/home/anastasiya/project_posthaste/posthaste/node_modules/react-dom/cjs/react-dom.development.js:4277:31)
        at beginWork$1 (/home/anastasiya/project_posthaste/posthaste/node_modules/react-dom/cjs/react-dom.development.js:27490:7)
        at performUnitOfWork (/home/anastasiya/project_posthaste/posthaste/node_modules/react-dom/cjs/react-dom.development.js:26599:12)
        at workLoopSync (/home/anastasiya/project_posthaste/posthaste/node_modules/react-dom/cjs/react-dom.development.js:26505:5)
        at renderRootSync (/home/anastasiya/project_posthaste/posthaste/node_modules/react-dom/cjs/react-dom.development.js:26473:7)
        at recoverFromConcurrentError (/home/anastasiya/project_posthaste/posthaste/node_modules/react-dom/cjs/react-dom.development.js:25889:20)
        at performConcurrentWorkOnRoot (/home/anastasiya/project_posthaste/posthaste/node_modules/react-dom/cjs/react-dom.development.js:25789:22)
        at flushActQueue (/home/anastasiya/project_posthaste/posthaste/node_modules/react/cjs/react.development.js:2667:24)
        at act (/home/anastasiya/project_posthaste/posthaste/node_modules/react/cjs/react.development.js:2582:11)
        at actWithWarning (/home/anastasiya/project_posthaste/posthaste/node_modules/react-dom/cjs/react-dom-test-utils.development.js:1740:10)
        at /home/anastasiya/project_posthaste/posthaste/node_modules/@testing-library/react/dist/act-compat.js:63:25
        at renderRoot (/home/anastasiya/project_posthaste/posthaste/node_modules/@testing-library/react/dist/pure.js:159:26)
        at render (/home/anastasiya/project_posthaste/posthaste/node_modules/@testing-library/react/dist/pure.js:246:10)
        at Object.<anonymous> (/home/anastasiya/project_posthaste/posthaste/src/contexts/tests/ThemeContext.test.tsx:171:11)
        at Promise.then.completed (/home/anastasiya/project_posthaste/posthaste/node_modules/jest-circus/build/utils.js:391:28)
        at new Promise (<anonymous>)
        at callAsyncCircusFn (/home/anastasiya/project_posthaste/posthaste/node_modules/jest-circus/build/utils.js:316:10)
        at _callCircusTest (/home/anastasiya/project_posthaste/posthaste/node_modules/jest-circus/build/run.js:218:40)
        at processTicksAndRejections (node:internal/process/task_queues:95:5)
        at _runTest (/home/anastasiya/project_posthaste/posthaste/node_modules/jest-circus/build/run.js:155:3)
        at _runTestsForDescribeBlock (/home/anastasiya/project_posthaste/posthaste/node_modules/jest-circus/build/run.js:66:9)
        at _runTestsForDescribeBlock (/home/anastasiya/project_posthaste/posthaste/node_modules/jest-circus/build/run.js:60:9)
        at run (/home/anastasiya/project_posthaste/posthaste/node_modules/jest-circus/build/run.js:25:3)
        at runAndTransformResultsToJestFormat (/home/anastasiya/project_posthaste/posthaste/node_modules/jest-circus/build/legacy-code-todo-rewrite/jestAdapterInit.js:170:21)
        at jestAdapter (/home/anastasiya/project_posthaste/posthaste/node_modules/jest-circus/build/legacy-code-todo-rewrite/jestAdapter.js:82:19)
        at runTestInternal (/home/anastasiya/project_posthaste/posthaste/node_modules/jest-runner/build/runTest.js:389:16)
        at runTest (/home/anastasiya/project_posthaste/posthaste/node_modules/jest-runner/build/runTest.js:475:34)
        at Object.worker (/home/anastasiya/project_posthaste/posthaste/node_modules/jest-runner/build/testWorker.js:133:12) TypeError: Cannot read properties of undefined (reading 'toString')
        at TestComponent (/home/anastasiya/project_posthaste/posthaste/src/contexts/tests/ThemeContext.test.tsx:31:43)
        at renderWithHooks (/home/anastasiya/project_posthaste/posthaste/node_modules/react-dom/cjs/react-dom.development.js:15486:18)
        at mountIndeterminateComponent (/home/anastasiya/project_posthaste/posthaste/node_modules/react-dom/cjs/react-dom.development.js:20103:13)
        at beginWork (/home/anastasiya/project_posthaste/posthaste/node_modules/react-dom/cjs/react-dom.development.js:21626:16)
        at HTMLUnknownElement.callCallback (/home/anastasiya/project_posthaste/posthaste/node_modules/react-dom/cjs/react-dom.development.js:4164:14)
        at HTMLUnknownElement.callTheUserObjectsOperation (/home/anastasiya/project_posthaste/posthaste/node_modules/jsdom/lib/jsdom/living/generated/EventListener.js:26:30)
        at innerInvokeEventListeners (/home/anastasiya/project_posthaste/posthaste/node_modules/jsdom/lib/jsdom/living/events/EventTarget-impl.js:338:25)
        at invokeEventListeners (/home/anastasiya/project_posthaste/posthaste/node_modules/jsdom/lib/jsdom/living/events/EventTarget-impl.js:274:3)
        at HTMLUnknownElementImpl._dispatch (/home/anastasiya/project_posthaste/posthaste/node_modules/jsdom/lib/jsdom/living/events/EventTarget-impl.js:221:9)
        at HTMLUnknownElementImpl.dispatchEvent (/home/anastasiya/project_posthaste/posthaste/node_modules/jsdom/lib/jsdom/living/events/EventTarget-impl.js:94:17)
        at HTMLUnknownElement.dispatchEvent (/home/anastasiya/project_posthaste/posthaste/node_modules/jsdom/lib/jsdom/living/generated/EventTarget.js:231:34)
        at Object.invokeGuardedCallbackDev (/home/anastasiya/project_posthaste/posthaste/node_modules/react-dom/cjs/react-dom.development.js:4213:16)
        at invokeGuardedCallback (/home/anastasiya/project_posthaste/posthaste/node_modules/react-dom/cjs/react-dom.development.js:4277:31)
        at beginWork$1 (/home/anastasiya/project_posthaste/posthaste/node_modules/react-dom/cjs/react-dom.development.js:27490:7)
        at performUnitOfWork (/home/anastasiya/project_posthaste/posthaste/node_modules/react-dom/cjs/react-dom.development.js:26599:12)
        at workLoopSync (/home/anastasiya/project_posthaste/posthaste/node_modules/react-dom/cjs/react-dom.development.js:26505:5)
        at renderRootSync (/home/anastasiya/project_posthaste/posthaste/node_modules/react-dom/cjs/react-dom.development.js:26473:7)
        at recoverFromConcurrentError (/home/anastasiya/project_posthaste/posthaste/node_modules/react-dom/cjs/react-dom.development.js:25889:20)
        at performConcurrentWorkOnRoot (/home/anastasiya/project_posthaste/posthaste/node_modules/react-dom/cjs/react-dom.development.js:25789:22)
        at flushActQueue (/home/anastasiya/project_posthaste/posthaste/node_modules/react/cjs/react.development.js:2667:24)
        at act (/home/anastasiya/project_posthaste/posthaste/node_modules/react/cjs/react.development.js:2582:11)
        at actWithWarning (/home/anastasiya/project_posthaste/posthaste/node_modules/react-dom/cjs/react-dom-test-utils.development.js:1740:10)
        at /home/anastasiya/project_posthaste/posthaste/node_modules/@testing-library/react/dist/act-compat.js:63:25
        at renderRoot (/home/anastasiya/project_posthaste/posthaste/node_modules/@testing-library/react/dist/pure.js:159:26)
        at render (/home/anastasiya/project_posthaste/posthaste/node_modules/@testing-library/react/dist/pure.js:246:10)
        at Object.<anonymous> (/home/anastasiya/project_posthaste/posthaste/src/contexts/tests/ThemeContext.test.tsx:171:11)
        at Promise.then.completed (/home/anastasiya/project_posthaste/posthaste/node_modules/jest-circus/build/utils.js:391:28)
        at new Promise (<anonymous>)
        at callAsyncCircusFn (/home/anastasiya/project_posthaste/posthaste/node_modules/jest-circus/build/utils.js:316:10)
        at _callCircusTest (/home/anastasiya/project_posthaste/posthaste/node_modules/jest-circus/build/run.js:218:40)
        at processTicksAndRejections (node:internal/process/task_queues:95:5)
        at _runTest (/home/anastasiya/project_posthaste/posthaste/node_modules/jest-circus/build/run.js:155:3)
        at _runTestsForDescribeBlock (/home/anastasiya/project_posthaste/posthaste/node_modules/jest-circus/build/run.js:66:9)
        at _runTestsForDescribeBlock (/home/anastasiya/project_posthaste/posthaste/node_modules/jest-circus/build/run.js:60:9)
        at run (/home/anastasiya/project_posthaste/posthaste/node_modules/jest-circus/build/run.js:25:3)
        at runAndTransformResultsToJestFormat (/home/anastasiya/project_posthaste/posthaste/node_modules/jest-circus/build/legacy-code-todo-rewrite/jestAdapterInit.js:170:21)
        at jestAdapter (/home/anastasiya/project_posthaste/posthaste/node_modules/jest-circus/build/legacy-code-todo-rewrite/jestAdapter.js:82:19)
        at runTestInternal (/home/anastasiya/project_posthaste/posthaste/node_modules/jest-runner/build/runTest.js:389:16)
        at runTest (/home/anastasiya/project_posthaste/posthaste/node_modules/jest-runner/build/runTest.js:475:34)
        at Object.worker (/home/anastasiya/project_posthaste/posthaste/node_modules/jest-runner/build/testWorker.js:133:12)

      112 |       return;
      113 |     }
    > 114 |     originalError.call(console, ...args);
          |                   ^
      115 |   };
      116 | });
      117 |

      at console.error (src/setupTests.ts:114:19)
      at VirtualConsole.<anonymous> (node_modules/jsdom/lib/jsdom/virtual-console.js:29:45)
      at reportException (node_modules/jsdom/lib/jsdom/living/helpers/runtime-script-errors.js:70:28)
      at innerInvokeEventListeners (node_modules/jsdom/lib/jsdom/living/events/EventTarget-impl.js:341:9)
      at invokeEventListeners (node_modules/jsdom/lib/jsdom/living/events/EventTarget-impl.js:274:3)
      at HTMLUnknownElementImpl._dispatch (node_modules/jsdom/lib/jsdom/living/events/EventTarget-impl.js:221:9)
      at HTMLUnknownElementImpl.dispatchEvent (node_modules/jsdom/lib/jsdom/living/events/EventTarget-impl.js:94:17)
      at HTMLUnknownElement.dispatchEvent (node_modules/jsdom/lib/jsdom/living/generated/EventTarget.js:231:34)
      at Object.invokeGuardedCallbackDev (node_modules/react-dom/cjs/react-dom.development.js:4213:16)
      at invokeGuardedCallback (node_modules/react-dom/cjs/react-dom.development.js:4277:31)
      at beginWork$1 (node_modules/react-dom/cjs/react-dom.development.js:27490:7)
      at performUnitOfWork (node_modules/react-dom/cjs/react-dom.development.js:26599:12)
      at workLoopSync (node_modules/react-dom/cjs/react-dom.development.js:26505:5)
      at renderRootSync (node_modules/react-dom/cjs/react-dom.development.js:26473:7)
      at recoverFromConcurrentError (node_modules/react-dom/cjs/react-dom.development.js:25889:20)
      at performConcurrentWorkOnRoot (node_modules/react-dom/cjs/react-dom.development.js:25789:22)
      at flushActQueue (node_modules/react/cjs/react.development.js:2667:24)
      at act (node_modules/react/cjs/react.development.js:2582:11)
      at actWithWarning (node_modules/react-dom/cjs/react-dom-test-utils.development.js:1740:10)
      at node_modules/@testing-library/react/dist/act-compat.js:63:25
      at renderRoot (node_modules/@testing-library/react/dist/pure.js:159:26)
      at render (node_modules/@testing-library/react/dist/pure.js:246:10)
      at Object.<anonymous> (src/contexts/tests/ThemeContext.test.tsx:171:11)

  console.error
    The above error occurred in the <TestComponent> component:
    
        at TestComponent (/home/anastasiya/project_posthaste/posthaste/src/contexts/tests/ThemeContext.test.tsx:26:50)
        at ThemeProvider (/home/anastasiya/project_posthaste/posthaste/src/contexts/ThemeContext.tsx:26:63)
    
    Consider adding an error boundary to your tree to customize error handling behavior.
    Visit https://reactjs.org/link/error-boundaries to learn more about error boundaries.

      112 |       return;
      113 |     }
    > 114 |     originalError.call(console, ...args);
          |                   ^
      115 |   };
      116 | });
      117 |

      at console.error (src/setupTests.ts:114:19)
      at logCapturedError (node_modules/react-dom/cjs/react-dom.development.js:18704:23)
      at update.callback (node_modules/react-dom/cjs/react-dom.development.js:18737:5)
      at callCallback (node_modules/react-dom/cjs/react-dom.development.js:15036:12)
      at commitUpdateQueue (node_modules/react-dom/cjs/react-dom.development.js:15057:9)
      at commitLayoutEffectOnFiber (node_modules/react-dom/cjs/react-dom.development.js:23430:13)
      at commitLayoutMountEffects_complete (node_modules/react-dom/cjs/react-dom.development.js:24727:9)
      at commitLayoutEffects_begin (node_modules/react-dom/cjs/react-dom.development.js:24713:7)
      at commitLayoutEffects (node_modules/react-dom/cjs/react-dom.development.js:24651:3)
      at commitRootImpl (node_modules/react-dom/cjs/react-dom.development.js:26862:5)
      at commitRoot (node_modules/react-dom/cjs/react-dom.development.js:26721:5)
      at finishConcurrentRender (node_modules/react-dom/cjs/react-dom.development.js:25931:9)
      at performConcurrentWorkOnRoot (node_modules/react-dom/cjs/react-dom.development.js:25848:7)
      at flushActQueue (node_modules/react/cjs/react.development.js:2667:24)
      at act (node_modules/react/cjs/react.development.js:2582:11)
      at actWithWarning (node_modules/react-dom/cjs/react-dom-test-utils.development.js:1740:10)
      at node_modules/@testing-library/react/dist/act-compat.js:63:25
      at renderRoot (node_modules/@testing-library/react/dist/pure.js:159:26)
      at render (node_modules/@testing-library/react/dist/pure.js:246:10)
      at Object.<anonymous> (src/contexts/tests/ThemeContext.test.tsx:171:11)

  console.error
    Error: Uncaught [TypeError: Cannot read properties of undefined (reading 'toString')]
        at reportException (/home/anastasiya/project_posthaste/posthaste/node_modules/jsdom/lib/jsdom/living/helpers/runtime-script-errors.js:66:24)
        at innerInvokeEventListeners (/home/anastasiya/project_posthaste/posthaste/node_modules/jsdom/lib/jsdom/living/events/EventTarget-impl.js:341:9)
        at invokeEventListeners (/home/anastasiya/project_posthaste/posthaste/node_modules/jsdom/lib/jsdom/living/events/EventTarget-impl.js:274:3)
        at HTMLUnknownElementImpl._dispatch (/home/anastasiya/project_posthaste/posthaste/node_modules/jsdom/lib/jsdom/living/events/EventTarget-impl.js:221:9)
        at HTMLUnknownElementImpl.dispatchEvent (/home/anastasiya/project_posthaste/posthaste/node_modules/jsdom/lib/jsdom/living/events/EventTarget-impl.js:94:17)
        at HTMLUnknownElement.dispatchEvent (/home/anastasiya/project_posthaste/posthaste/node_modules/jsdom/lib/jsdom/living/generated/EventTarget.js:231:34)
        at Object.invokeGuardedCallbackDev (/home/anastasiya/project_posthaste/posthaste/node_modules/react-dom/cjs/react-dom.development.js:4213:16)
        at invokeGuardedCallback (/home/anastasiya/project_posthaste/posthaste/node_modules/react-dom/cjs/react-dom.development.js:4277:31)
        at beginWork$1 (/home/anastasiya/project_posthaste/posthaste/node_modules/react-dom/cjs/react-dom.development.js:27490:7)
        at performUnitOfWork (/home/anastasiya/project_posthaste/posthaste/node_modules/react-dom/cjs/react-dom.development.js:26599:12)
        at workLoopSync (/home/anastasiya/project_posthaste/posthaste/node_modules/react-dom/cjs/react-dom.development.js:26505:5)
        at renderRootSync (/home/anastasiya/project_posthaste/posthaste/node_modules/react-dom/cjs/react-dom.development.js:26473:7)
        at performConcurrentWorkOnRoot (/home/anastasiya/project_posthaste/posthaste/node_modules/react-dom/cjs/react-dom.development.js:25777:74)
        at flushActQueue (/home/anastasiya/project_posthaste/posthaste/node_modules/react/cjs/react.development.js:2667:24)
        at act (/home/anastasiya/project_posthaste/posthaste/node_modules/react/cjs/react.development.js:2582:11)
        at actWithWarning (/home/anastasiya/project_posthaste/posthaste/node_modules/react-dom/cjs/react-dom-test-utils.development.js:1740:10)
        at /home/anastasiya/project_posthaste/posthaste/node_modules/@testing-library/react/dist/act-compat.js:63:25
        at renderRoot (/home/anastasiya/project_posthaste/posthaste/node_modules/@testing-library/react/dist/pure.js:159:26)
        at render (/home/anastasiya/project_posthaste/posthaste/node_modules/@testing-library/react/dist/pure.js:246:10)
        at Object.<anonymous> (/home/anastasiya/project_posthaste/posthaste/src/contexts/tests/ThemeContext.test.tsx:194:11)
        at Promise.then.completed (/home/anastasiya/project_posthaste/posthaste/node_modules/jest-circus/build/utils.js:391:28)
        at new Promise (<anonymous>)
        at callAsyncCircusFn (/home/anastasiya/project_posthaste/posthaste/node_modules/jest-circus/build/utils.js:316:10)
        at _callCircusTest (/home/anastasiya/project_posthaste/posthaste/node_modules/jest-circus/build/run.js:218:40)
        at processTicksAndRejections (node:internal/process/task_queues:95:5)
        at _runTest (/home/anastasiya/project_posthaste/posthaste/node_modules/jest-circus/build/run.js:155:3)
        at _runTestsForDescribeBlock (/home/anastasiya/project_posthaste/posthaste/node_modules/jest-circus/build/run.js:66:9)
        at _runTestsForDescribeBlock (/home/anastasiya/project_posthaste/posthaste/node_modules/jest-circus/build/run.js:60:9)
        at run (/home/anastasiya/project_posthaste/posthaste/node_modules/jest-circus/build/run.js:25:3)
        at runAndTransformResultsToJestFormat (/home/anastasiya/project_posthaste/posthaste/node_modules/jest-circus/build/legacy-code-todo-rewrite/jestAdapterInit.js:170:21)
        at jestAdapter (/home/anastasiya/project_posthaste/posthaste/node_modules/jest-circus/build/legacy-code-todo-rewrite/jestAdapter.js:82:19)
        at runTestInternal (/home/anastasiya/project_posthaste/posthaste/node_modules/jest-runner/build/runTest.js:389:16)
        at runTest (/home/anastasiya/project_posthaste/posthaste/node_modules/jest-runner/build/runTest.js:475:34)
        at Object.worker (/home/anastasiya/project_posthaste/posthaste/node_modules/jest-runner/build/testWorker.js:133:12) TypeError: Cannot read properties of undefined (reading 'toString')
        at TestComponent (/home/anastasiya/project_posthaste/posthaste/src/contexts/tests/ThemeContext.test.tsx:31:43)
        at renderWithHooks (/home/anastasiya/project_posthaste/posthaste/node_modules/react-dom/cjs/react-dom.development.js:15486:18)
        at mountIndeterminateComponent (/home/anastasiya/project_posthaste/posthaste/node_modules/react-dom/cjs/react-dom.development.js:20103:13)
        at beginWork (/home/anastasiya/project_posthaste/posthaste/node_modules/react-dom/cjs/react-dom.development.js:21626:16)
        at HTMLUnknownElement.callCallback (/home/anastasiya/project_posthaste/posthaste/node_modules/react-dom/cjs/react-dom.development.js:4164:14)
        at HTMLUnknownElement.callTheUserObjectsOperation (/home/anastasiya/project_posthaste/posthaste/node_modules/jsdom/lib/jsdom/living/generated/EventListener.js:26:30)
        at innerInvokeEventListeners (/home/anastasiya/project_posthaste/posthaste/node_modules/jsdom/lib/jsdom/living/events/EventTarget-impl.js:338:25)
        at invokeEventListeners (/home/anastasiya/project_posthaste/posthaste/node_modules/jsdom/lib/jsdom/living/events/EventTarget-impl.js:274:3)
        at HTMLUnknownElementImpl._dispatch (/home/anastasiya/project_posthaste/posthaste/node_modules/jsdom/lib/jsdom/living/events/EventTarget-impl.js:221:9)
        at HTMLUnknownElementImpl.dispatchEvent (/home/anastasiya/project_posthaste/posthaste/node_modules/jsdom/lib/jsdom/living/events/EventTarget-impl.js:94:17)
        at HTMLUnknownElement.dispatchEvent (/home/anastasiya/project_posthaste/posthaste/node_modules/jsdom/lib/jsdom/living/generated/EventTarget.js:231:34)
        at Object.invokeGuardedCallbackDev (/home/anastasiya/project_posthaste/posthaste/node_modules/react-dom/cjs/react-dom.development.js:4213:16)
        at invokeGuardedCallback (/home/anastasiya/project_posthaste/posthaste/node_modules/react-dom/cjs/react-dom.development.js:4277:31)
        at beginWork$1 (/home/anastasiya/project_posthaste/posthaste/node_modules/react-dom/cjs/react-dom.development.js:27490:7)
        at performUnitOfWork (/home/anastasiya/project_posthaste/posthaste/node_modules/react-dom/cjs/react-dom.development.js:26599:12)
        at workLoopSync (/home/anastasiya/project_posthaste/posthaste/node_modules/react-dom/cjs/react-dom.development.js:26505:5)
        at renderRootSync (/home/anastasiya/project_posthaste/posthaste/node_modules/react-dom/cjs/react-dom.development.js:26473:7)
        at performConcurrentWorkOnRoot (/home/anastasiya/project_posthaste/posthaste/node_modules/react-dom/cjs/react-dom.development.js:25777:74)
        at flushActQueue (/home/anastasiya/project_posthaste/posthaste/node_modules/react/cjs/react.development.js:2667:24)
        at act (/home/anastasiya/project_posthaste/posthaste/node_modules/react/cjs/react.development.js:2582:11)
        at actWithWarning (/home/anastasiya/project_posthaste/posthaste/node_modules/react-dom/cjs/react-dom-test-utils.development.js:1740:10)
        at /home/anastasiya/project_posthaste/posthaste/node_modules/@testing-library/react/dist/act-compat.js:63:25
        at renderRoot (/home/anastasiya/project_posthaste/posthaste/node_modules/@testing-library/react/dist/pure.js:159:26)
        at render (/home/anastasiya/project_posthaste/posthaste/node_modules/@testing-library/react/dist/pure.js:246:10)
        at Object.<anonymous> (/home/anastasiya/project_posthaste/posthaste/src/contexts/tests/ThemeContext.test.tsx:194:11)
        at Promise.then.completed (/home/anastasiya/project_posthaste/posthaste/node_modules/jest-circus/build/utils.js:391:28)
        at new Promise (<anonymous>)
        at callAsyncCircusFn (/home/anastasiya/project_posthaste/posthaste/node_modules/jest-circus/build/utils.js:316:10)
        at _callCircusTest (/home/anastasiya/project_posthaste/posthaste/node_modules/jest-circus/build/run.js:218:40)
        at processTicksAndRejections (node:internal/process/task_queues:95:5)
        at _runTest (/home/anastasiya/project_posthaste/posthaste/node_modules/jest-circus/build/run.js:155:3)
        at _runTestsForDescribeBlock (/home/anastasiya/project_posthaste/posthaste/node_modules/jest-circus/build/run.js:66:9)
        at _runTestsForDescribeBlock (/home/anastasiya/project_posthaste/posthaste/node_modules/jest-circus/build/run.js:60:9)
        at run (/home/anastasiya/project_posthaste/posthaste/node_modules/jest-circus/build/run.js:25:3)
        at runAndTransformResultsToJestFormat (/home/anastasiya/project_posthaste/posthaste/node_modules/jest-circus/build/legacy-code-todo-rewrite/jestAdapterInit.js:170:21)
        at jestAdapter (/home/anastasiya/project_posthaste/posthaste/node_modules/jest-circus/build/legacy-code-todo-rewrite/jestAdapter.js:82:19)
        at runTestInternal (/home/anastasiya/project_posthaste/posthaste/node_modules/jest-runner/build/runTest.js:389:16)
        at runTest (/home/anastasiya/project_posthaste/posthaste/node_modules/jest-runner/build/runTest.js:475:34)
        at Object.worker (/home/anastasiya/project_posthaste/posthaste/node_modules/jest-runner/build/testWorker.js:133:12)

      112 |       return;
      113 |     }
    > 114 |     originalError.call(console, ...args);
          |                   ^
      115 |   };
      116 | });
      117 |

      at console.error (src/setupTests.ts:114:19)
      at VirtualConsole.<anonymous> (node_modules/jsdom/lib/jsdom/virtual-console.js:29:45)
      at reportException (node_modules/jsdom/lib/jsdom/living/helpers/runtime-script-errors.js:70:28)
      at innerInvokeEventListeners (node_modules/jsdom/lib/jsdom/living/events/EventTarget-impl.js:341:9)
      at invokeEventListeners (node_modules/jsdom/lib/jsdom/living/events/EventTarget-impl.js:274:3)
      at HTMLUnknownElementImpl._dispatch (node_modules/jsdom/lib/jsdom/living/events/EventTarget-impl.js:221:9)
      at HTMLUnknownElementImpl.dispatchEvent (node_modules/jsdom/lib/jsdom/living/events/EventTarget-impl.js:94:17)
      at HTMLUnknownElement.dispatchEvent (node_modules/jsdom/lib/jsdom/living/generated/EventTarget.js:231:34)
      at Object.invokeGuardedCallbackDev (node_modules/react-dom/cjs/react-dom.development.js:4213:16)
      at invokeGuardedCallback (node_modules/react-dom/cjs/react-dom.development.js:4277:31)
      at beginWork$1 (node_modules/react-dom/cjs/react-dom.development.js:27490:7)
      at performUnitOfWork (node_modules/react-dom/cjs/react-dom.development.js:26599:12)
      at workLoopSync (node_modules/react-dom/cjs/react-dom.development.js:26505:5)
      at renderRootSync (node_modules/react-dom/cjs/react-dom.development.js:26473:7)
      at performConcurrentWorkOnRoot (node_modules/react-dom/cjs/react-dom.development.js:25777:74)
      at flushActQueue (node_modules/react/cjs/react.development.js:2667:24)
      at act (node_modules/react/cjs/react.development.js:2582:11)
      at actWithWarning (node_modules/react-dom/cjs/react-dom-test-utils.development.js:1740:10)
      at node_modules/@testing-library/react/dist/act-compat.js:63:25
      at renderRoot (node_modules/@testing-library/react/dist/pure.js:159:26)
      at render (node_modules/@testing-library/react/dist/pure.js:246:10)
      at Object.<anonymous> (src/contexts/tests/ThemeContext.test.tsx:194:11)

  console.error
    Error: Uncaught [TypeError: Cannot read properties of undefined (reading 'toString')]
        at reportException (/home/anastasiya/project_posthaste/posthaste/node_modules/jsdom/lib/jsdom/living/helpers/runtime-script-errors.js:66:24)
        at innerInvokeEventListeners (/home/anastasiya/project_posthaste/posthaste/node_modules/jsdom/lib/jsdom/living/events/EventTarget-impl.js:341:9)
        at invokeEventListeners (/home/anastasiya/project_posthaste/posthaste/node_modules/jsdom/lib/jsdom/living/events/EventTarget-impl.js:274:3)
        at HTMLUnknownElementImpl._dispatch (/home/anastasiya/project_posthaste/posthaste/node_modules/jsdom/lib/jsdom/living/events/EventTarget-impl.js:221:9)
        at HTMLUnknownElementImpl.dispatchEvent (/home/anastasiya/project_posthaste/posthaste/node_modules/jsdom/lib/jsdom/living/events/EventTarget-impl.js:94:17)
        at HTMLUnknownElement.dispatchEvent (/home/anastasiya/project_posthaste/posthaste/node_modules/jsdom/lib/jsdom/living/generated/EventTarget.js:231:34)
        at Object.invokeGuardedCallbackDev (/home/anastasiya/project_posthaste/posthaste/node_modules/react-dom/cjs/react-dom.development.js:4213:16)
        at invokeGuardedCallback (/home/anastasiya/project_posthaste/posthaste/node_modules/react-dom/cjs/react-dom.development.js:4277:31)
        at beginWork$1 (/home/anastasiya/project_posthaste/posthaste/node_modules/react-dom/cjs/react-dom.development.js:27490:7)
        at performUnitOfWork (/home/anastasiya/project_posthaste/posthaste/node_modules/react-dom/cjs/react-dom.development.js:26599:12)
        at workLoopSync (/home/anastasiya/project_posthaste/posthaste/node_modules/react-dom/cjs/react-dom.development.js:26505:5)
        at renderRootSync (/home/anastasiya/project_posthaste/posthaste/node_modules/react-dom/cjs/react-dom.development.js:26473:7)
        at recoverFromConcurrentError (/home/anastasiya/project_posthaste/posthaste/node_modules/react-dom/cjs/react-dom.development.js:25889:20)
        at performConcurrentWorkOnRoot (/home/anastasiya/project_posthaste/posthaste/node_modules/react-dom/cjs/react-dom.development.js:25789:22)
        at flushActQueue (/home/anastasiya/project_posthaste/posthaste/node_modules/react/cjs/react.development.js:2667:24)
        at act (/home/anastasiya/project_posthaste/posthaste/node_modules/react/cjs/react.development.js:2582:11)
        at actWithWarning (/home/anastasiya/project_posthaste/posthaste/node_modules/react-dom/cjs/react-dom-test-utils.development.js:1740:10)
        at /home/anastasiya/project_posthaste/posthaste/node_modules/@testing-library/react/dist/act-compat.js:63:25
        at renderRoot (/home/anastasiya/project_posthaste/posthaste/node_modules/@testing-library/react/dist/pure.js:159:26)
        at render (/home/anastasiya/project_posthaste/posthaste/node_modules/@testing-library/react/dist/pure.js:246:10)
        at Object.<anonymous> (/home/anastasiya/project_posthaste/posthaste/src/contexts/tests/ThemeContext.test.tsx:194:11)
        at Promise.then.completed (/home/anastasiya/project_posthaste/posthaste/node_modules/jest-circus/build/utils.js:391:28)
        at new Promise (<anonymous>)
        at callAsyncCircusFn (/home/anastasiya/project_posthaste/posthaste/node_modules/jest-circus/build/utils.js:316:10)
        at _callCircusTest (/home/anastasiya/project_posthaste/posthaste/node_modules/jest-circus/build/run.js:218:40)
        at processTicksAndRejections (node:internal/process/task_queues:95:5)
        at _runTest (/home/anastasiya/project_posthaste/posthaste/node_modules/jest-circus/build/run.js:155:3)
        at _runTestsForDescribeBlock (/home/anastasiya/project_posthaste/posthaste/node_modules/jest-circus/build/run.js:66:9)
        at _runTestsForDescribeBlock (/home/anastasiya/project_posthaste/posthaste/node_modules/jest-circus/build/run.js:60:9)
        at run (/home/anastasiya/project_posthaste/posthaste/node_modules/jest-circus/build/run.js:25:3)
        at runAndTransformResultsToJestFormat (/home/anastasiya/project_posthaste/posthaste/node_modules/jest-circus/build/legacy-code-todo-rewrite/jestAdapterInit.js:170:21)
        at jestAdapter (/home/anastasiya/project_posthaste/posthaste/node_modules/jest-circus/build/legacy-code-todo-rewrite/jestAdapter.js:82:19)
        at runTestInternal (/home/anastasiya/project_posthaste/posthaste/node_modules/jest-runner/build/runTest.js:389:16)
        at runTest (/home/anastasiya/project_posthaste/posthaste/node_modules/jest-runner/build/runTest.js:475:34)
        at Object.worker (/home/anastasiya/project_posthaste/posthaste/node_modules/jest-runner/build/testWorker.js:133:12) TypeError: Cannot read properties of undefined (reading 'toString')
        at TestComponent (/home/anastasiya/project_posthaste/posthaste/src/contexts/tests/ThemeContext.test.tsx:31:43)
        at renderWithHooks (/home/anastasiya/project_posthaste/posthaste/node_modules/react-dom/cjs/react-dom.development.js:15486:18)
        at mountIndeterminateComponent (/home/anastasiya/project_posthaste/posthaste/node_modules/react-dom/cjs/react-dom.development.js:20103:13)
        at beginWork (/home/anastasiya/project_posthaste/posthaste/node_modules/react-dom/cjs/react-dom.development.js:21626:16)
        at HTMLUnknownElement.callCallback (/home/anastasiya/project_posthaste/posthaste/node_modules/react-dom/cjs/react-dom.development.js:4164:14)
        at HTMLUnknownElement.callTheUserObjectsOperation (/home/anastasiya/project_posthaste/posthaste/node_modules/jsdom/lib/jsdom/living/generated/EventListener.js:26:30)
        at innerInvokeEventListeners (/home/anastasiya/project_posthaste/posthaste/node_modules/jsdom/lib/jsdom/living/events/EventTarget-impl.js:338:25)
        at invokeEventListeners (/home/anastasiya/project_posthaste/posthaste/node_modules/jsdom/lib/jsdom/living/events/EventTarget-impl.js:274:3)
        at HTMLUnknownElementImpl._dispatch (/home/anastasiya/project_posthaste/posthaste/node_modules/jsdom/lib/jsdom/living/events/EventTarget-impl.js:221:9)
        at HTMLUnknownElementImpl.dispatchEvent (/home/anastasiya/project_posthaste/posthaste/node_modules/jsdom/lib/jsdom/living/events/EventTarget-impl.js:94:17)
        at HTMLUnknownElement.dispatchEvent (/home/anastasiya/project_posthaste/posthaste/node_modules/jsdom/lib/jsdom/living/generated/EventTarget.js:231:34)
        at Object.invokeGuardedCallbackDev (/home/anastasiya/project_posthaste/posthaste/node_modules/react-dom/cjs/react-dom.development.js:4213:16)
        at invokeGuardedCallback (/home/anastasiya/project_posthaste/posthaste/node_modules/react-dom/cjs/react-dom.development.js:4277:31)
        at beginWork$1 (/home/anastasiya/project_posthaste/posthaste/node_modules/react-dom/cjs/react-dom.development.js:27490:7)
        at performUnitOfWork (/home/anastasiya/project_posthaste/posthaste/node_modules/react-dom/cjs/react-dom.development.js:26599:12)
        at workLoopSync (/home/anastasiya/project_posthaste/posthaste/node_modules/react-dom/cjs/react-dom.development.js:26505:5)
        at renderRootSync (/home/anastasiya/project_posthaste/posthaste/node_modules/react-dom/cjs/react-dom.development.js:26473:7)
        at recoverFromConcurrentError (/home/anastasiya/project_posthaste/posthaste/node_modules/react-dom/cjs/react-dom.development.js:25889:20)
        at performConcurrentWorkOnRoot (/home/anastasiya/project_posthaste/posthaste/node_modules/react-dom/cjs/react-dom.development.js:25789:22)
        at flushActQueue (/home/anastasiya/project_posthaste/posthaste/node_modules/react/cjs/react.development.js:2667:24)
        at act (/home/anastasiya/project_posthaste/posthaste/node_modules/react/cjs/react.development.js:2582:11)
        at actWithWarning (/home/anastasiya/project_posthaste/posthaste/node_modules/react-dom/cjs/react-dom-test-utils.development.js:1740:10)
        at /home/anastasiya/project_posthaste/posthaste/node_modules/@testing-library/react/dist/act-compat.js:63:25
        at renderRoot (/home/anastasiya/project_posthaste/posthaste/node_modules/@testing-library/react/dist/pure.js:159:26)
        at render (/home/anastasiya/project_posthaste/posthaste/node_modules/@testing-library/react/dist/pure.js:246:10)
        at Object.<anonymous> (/home/anastasiya/project_posthaste/posthaste/src/contexts/tests/ThemeContext.test.tsx:194:11)
        at Promise.then.completed (/home/anastasiya/project_posthaste/posthaste/node_modules/jest-circus/build/utils.js:391:28)
        at new Promise (<anonymous>)
        at callAsyncCircusFn (/home/anastasiya/project_posthaste/posthaste/node_modules/jest-circus/build/utils.js:316:10)
        at _callCircusTest (/home/anastasiya/project_posthaste/posthaste/node_modules/jest-circus/build/run.js:218:40)
        at processTicksAndRejections (node:internal/process/task_queues:95:5)
        at _runTest (/home/anastasiya/project_posthaste/posthaste/node_modules/jest-circus/build/run.js:155:3)
        at _runTestsForDescribeBlock (/home/anastasiya/project_posthaste/posthaste/node_modules/jest-circus/build/run.js:66:9)
        at _runTestsForDescribeBlock (/home/anastasiya/project_posthaste/posthaste/node_modules/jest-circus/build/run.js:60:9)
        at run (/home/anastasiya/project_posthaste/posthaste/node_modules/jest-circus/build/run.js:25:3)
        at runAndTransformResultsToJestFormat (/home/anastasiya/project_posthaste/posthaste/node_modules/jest-circus/build/legacy-code-todo-rewrite/jestAdapterInit.js:170:21)
        at jestAdapter (/home/anastasiya/project_posthaste/posthaste/node_modules/jest-circus/build/legacy-code-todo-rewrite/jestAdapter.js:82:19)
        at runTestInternal (/home/anastasiya/project_posthaste/posthaste/node_modules/jest-runner/build/runTest.js:389:16)
        at runTest (/home/anastasiya/project_posthaste/posthaste/node_modules/jest-runner/build/runTest.js:475:34)
        at Object.worker (/home/anastasiya/project_posthaste/posthaste/node_modules/jest-runner/build/testWorker.js:133:12)

      112 |       return;
      113 |     }
    > 114 |     originalError.call(console, ...args);
          |                   ^
      115 |   };
      116 | });
      117 |

      at console.error (src/setupTests.ts:114:19)
      at VirtualConsole.<anonymous> (node_modules/jsdom/lib/jsdom/virtual-console.js:29:45)
      at reportException (node_modules/jsdom/lib/jsdom/living/helpers/runtime-script-errors.js:70:28)
      at innerInvokeEventListeners (node_modules/jsdom/lib/jsdom/living/events/EventTarget-impl.js:341:9)
      at invokeEventListeners (node_modules/jsdom/lib/jsdom/living/events/EventTarget-impl.js:274:3)
      at HTMLUnknownElementImpl._dispatch (node_modules/jsdom/lib/jsdom/living/events/EventTarget-impl.js:221:9)
      at HTMLUnknownElementImpl.dispatchEvent (node_modules/jsdom/lib/jsdom/living/events/EventTarget-impl.js:94:17)
      at HTMLUnknownElement.dispatchEvent (node_modules/jsdom/lib/jsdom/living/generated/EventTarget.js:231:34)
      at Object.invokeGuardedCallbackDev (node_modules/react-dom/cjs/react-dom.development.js:4213:16)
      at invokeGuardedCallback (node_modules/react-dom/cjs/react-dom.development.js:4277:31)
      at beginWork$1 (node_modules/react-dom/cjs/react-dom.development.js:27490:7)
      at performUnitOfWork (node_modules/react-dom/cjs/react-dom.development.js:26599:12)
      at workLoopSync (node_modules/react-dom/cjs/react-dom.development.js:26505:5)
      at renderRootSync (node_modules/react-dom/cjs/react-dom.development.js:26473:7)
      at recoverFromConcurrentError (node_modules/react-dom/cjs/react-dom.development.js:25889:20)
      at performConcurrentWorkOnRoot (node_modules/react-dom/cjs/react-dom.development.js:25789:22)
      at flushActQueue (node_modules/react/cjs/react.development.js:2667:24)
      at act (node_modules/react/cjs/react.development.js:2582:11)
      at actWithWarning (node_modules/react-dom/cjs/react-dom-test-utils.development.js:1740:10)
      at node_modules/@testing-library/react/dist/act-compat.js:63:25
      at renderRoot (node_modules/@testing-library/react/dist/pure.js:159:26)
      at render (node_modules/@testing-library/react/dist/pure.js:246:10)
      at Object.<anonymous> (src/contexts/tests/ThemeContext.test.tsx:194:11)

  console.error
    The above error occurred in the <TestComponent> component:
    
        at TestComponent (/home/anastasiya/project_posthaste/posthaste/src/contexts/tests/ThemeContext.test.tsx:26:50)
        at ThemeProvider (/home/anastasiya/project_posthaste/posthaste/src/contexts/ThemeContext.tsx:26:63)
    
    Consider adding an error boundary to your tree to customize error handling behavior.
    Visit https://reactjs.org/link/error-boundaries to learn more about error boundaries.

      112 |       return;
      113 |     }
    > 114 |     originalError.call(console, ...args);
          |                   ^
      115 |   };
      116 | });
      117 |

      at console.error (src/setupTests.ts:114:19)
      at logCapturedError (node_modules/react-dom/cjs/react-dom.development.js:18704:23)
      at update.callback (node_modules/react-dom/cjs/react-dom.development.js:18737:5)
      at callCallback (node_modules/react-dom/cjs/react-dom.development.js:15036:12)
      at commitUpdateQueue (node_modules/react-dom/cjs/react-dom.development.js:15057:9)
      at commitLayoutEffectOnFiber (node_modules/react-dom/cjs/react-dom.development.js:23430:13)
      at commitLayoutMountEffects_complete (node_modules/react-dom/cjs/react-dom.development.js:24727:9)
      at commitLayoutEffects_begin (node_modules/react-dom/cjs/react-dom.development.js:24713:7)
      at commitLayoutEffects (node_modules/react-dom/cjs/react-dom.development.js:24651:3)
      at commitRootImpl (node_modules/react-dom/cjs/react-dom.development.js:26862:5)
      at commitRoot (node_modules/react-dom/cjs/react-dom.development.js:26721:5)
      at finishConcurrentRender (node_modules/react-dom/cjs/react-dom.development.js:25931:9)
      at performConcurrentWorkOnRoot (node_modules/react-dom/cjs/react-dom.development.js:25848:7)
      at flushActQueue (node_modules/react/cjs/react.development.js:2667:24)
      at act (node_modules/react/cjs/react.development.js:2582:11)
      at actWithWarning (node_modules/react-dom/cjs/react-dom-test-utils.development.js:1740:10)
      at node_modules/@testing-library/react/dist/act-compat.js:63:25
      at renderRoot (node_modules/@testing-library/react/dist/pure.js:159:26)
      at render (node_modules/@testing-library/react/dist/pure.js:246:10)
      at Object.<anonymous> (src/contexts/tests/ThemeContext.test.tsx:194:11)

  console.error
    Error: Uncaught [TypeError: Cannot read properties of undefined (reading 'toString')]
        at reportException (/home/anastasiya/project_posthaste/posthaste/node_modules/jsdom/lib/jsdom/living/helpers/runtime-script-errors.js:66:24)
        at innerInvokeEventListeners (/home/anastasiya/project_posthaste/posthaste/node_modules/jsdom/lib/jsdom/living/events/EventTarget-impl.js:341:9)
        at invokeEventListeners (/home/anastasiya/project_posthaste/posthaste/node_modules/jsdom/lib/jsdom/living/events/EventTarget-impl.js:274:3)
        at HTMLUnknownElementImpl._dispatch (/home/anastasiya/project_posthaste/posthaste/node_modules/jsdom/lib/jsdom/living/events/EventTarget-impl.js:221:9)
        at HTMLUnknownElementImpl.dispatchEvent (/home/anastasiya/project_posthaste/posthaste/node_modules/jsdom/lib/jsdom/living/events/EventTarget-impl.js:94:17)
        at HTMLUnknownElement.dispatchEvent (/home/anastasiya/project_posthaste/posthaste/node_modules/jsdom/lib/jsdom/living/generated/EventTarget.js:231:34)
        at Object.invokeGuardedCallbackDev (/home/anastasiya/project_posthaste/posthaste/node_modules/react-dom/cjs/react-dom.development.js:4213:16)
        at invokeGuardedCallback (/home/anastasiya/project_posthaste/posthaste/node_modules/react-dom/cjs/react-dom.development.js:4277:31)
        at beginWork$1 (/home/anastasiya/project_posthaste/posthaste/node_modules/react-dom/cjs/react-dom.development.js:27490:7)
        at performUnitOfWork (/home/anastasiya/project_posthaste/posthaste/node_modules/react-dom/cjs/react-dom.development.js:26599:12)
        at workLoopSync (/home/anastasiya/project_posthaste/posthaste/node_modules/react-dom/cjs/react-dom.development.js:26505:5)
        at renderRootSync (/home/anastasiya/project_posthaste/posthaste/node_modules/react-dom/cjs/react-dom.development.js:26473:7)
        at performConcurrentWorkOnRoot (/home/anastasiya/project_posthaste/posthaste/node_modules/react-dom/cjs/react-dom.development.js:25777:74)
        at flushActQueue (/home/anastasiya/project_posthaste/posthaste/node_modules/react/cjs/react.development.js:2667:24)
        at act (/home/anastasiya/project_posthaste/posthaste/node_modules/react/cjs/react.development.js:2582:11)
        at actWithWarning (/home/anastasiya/project_posthaste/posthaste/node_modules/react-dom/cjs/react-dom-test-utils.development.js:1740:10)
        at /home/anastasiya/project_posthaste/posthaste/node_modules/@testing-library/react/dist/act-compat.js:63:25
        at renderRoot (/home/anastasiya/project_posthaste/posthaste/node_modules/@testing-library/react/dist/pure.js:159:26)
        at render (/home/anastasiya/project_posthaste/posthaste/node_modules/@testing-library/react/dist/pure.js:246:10)
        at Object.<anonymous> (/home/anastasiya/project_posthaste/posthaste/src/contexts/tests/ThemeContext.test.tsx:220:11)
        at Promise.then.completed (/home/anastasiya/project_posthaste/posthaste/node_modules/jest-circus/build/utils.js:391:28)
        at new Promise (<anonymous>)
        at callAsyncCircusFn (/home/anastasiya/project_posthaste/posthaste/node_modules/jest-circus/build/utils.js:316:10)
        at _callCircusTest (/home/anastasiya/project_posthaste/posthaste/node_modules/jest-circus/build/run.js:218:40)
        at processTicksAndRejections (node:internal/process/task_queues:95:5)
        at _runTest (/home/anastasiya/project_posthaste/posthaste/node_modules/jest-circus/build/run.js:155:3)
        at _runTestsForDescribeBlock (/home/anastasiya/project_posthaste/posthaste/node_modules/jest-circus/build/run.js:66:9)
        at _runTestsForDescribeBlock (/home/anastasiya/project_posthaste/posthaste/node_modules/jest-circus/build/run.js:60:9)
        at run (/home/anastasiya/project_posthaste/posthaste/node_modules/jest-circus/build/run.js:25:3)
        at runAndTransformResultsToJestFormat (/home/anastasiya/project_posthaste/posthaste/node_modules/jest-circus/build/legacy-code-todo-rewrite/jestAdapterInit.js:170:21)
        at jestAdapter (/home/anastasiya/project_posthaste/posthaste/node_modules/jest-circus/build/legacy-code-todo-rewrite/jestAdapter.js:82:19)
        at runTestInternal (/home/anastasiya/project_posthaste/posthaste/node_modules/jest-runner/build/runTest.js:389:16)
        at runTest (/home/anastasiya/project_posthaste/posthaste/node_modules/jest-runner/build/runTest.js:475:34)
        at Object.worker (/home/anastasiya/project_posthaste/posthaste/node_modules/jest-runner/build/testWorker.js:133:12) TypeError: Cannot read properties of undefined (reading 'toString')
        at TestComponent (/home/anastasiya/project_posthaste/posthaste/src/contexts/tests/ThemeContext.test.tsx:31:43)
        at renderWithHooks (/home/anastasiya/project_posthaste/posthaste/node_modules/react-dom/cjs/react-dom.development.js:15486:18)
        at mountIndeterminateComponent (/home/anastasiya/project_posthaste/posthaste/node_modules/react-dom/cjs/react-dom.development.js:20103:13)
        at beginWork (/home/anastasiya/project_posthaste/posthaste/node_modules/react-dom/cjs/react-dom.development.js:21626:16)
        at HTMLUnknownElement.callCallback (/home/anastasiya/project_posthaste/posthaste/node_modules/react-dom/cjs/react-dom.development.js:4164:14)
        at HTMLUnknownElement.callTheUserObjectsOperation (/home/anastasiya/project_posthaste/posthaste/node_modules/jsdom/lib/jsdom/living/generated/EventListener.js:26:30)
        at innerInvokeEventListeners (/home/anastasiya/project_posthaste/posthaste/node_modules/jsdom/lib/jsdom/living/events/EventTarget-impl.js:338:25)
        at invokeEventListeners (/home/anastasiya/project_posthaste/posthaste/node_modules/jsdom/lib/jsdom/living/events/EventTarget-impl.js:274:3)
        at HTMLUnknownElementImpl._dispatch (/home/anastasiya/project_posthaste/posthaste/node_modules/jsdom/lib/jsdom/living/events/EventTarget-impl.js:221:9)
        at HTMLUnknownElementImpl.dispatchEvent (/home/anastasiya/project_posthaste/posthaste/node_modules/jsdom/lib/jsdom/living/events/EventTarget-impl.js:94:17)
        at HTMLUnknownElement.dispatchEvent (/home/anastasiya/project_posthaste/posthaste/node_modules/jsdom/lib/jsdom/living/generated/EventTarget.js:231:34)
        at Object.invokeGuardedCallbackDev (/home/anastasiya/project_posthaste/posthaste/node_modules/react-dom/cjs/react-dom.development.js:4213:16)
        at invokeGuardedCallback (/home/anastasiya/project_posthaste/posthaste/node_modules/react-dom/cjs/react-dom.development.js:4277:31)
        at beginWork$1 (/home/anastasiya/project_posthaste/posthaste/node_modules/react-dom/cjs/react-dom.development.js:27490:7)
        at performUnitOfWork (/home/anastasiya/project_posthaste/posthaste/node_modules/react-dom/cjs/react-dom.development.js:26599:12)
        at workLoopSync (/home/anastasiya/project_posthaste/posthaste/node_modules/react-dom/cjs/react-dom.development.js:26505:5)
        at renderRootSync (/home/anastasiya/project_posthaste/posthaste/node_modules/react-dom/cjs/react-dom.development.js:26473:7)
        at performConcurrentWorkOnRoot (/home/anastasiya/project_posthaste/posthaste/node_modules/react-dom/cjs/react-dom.development.js:25777:74)
        at flushActQueue (/home/anastasiya/project_posthaste/posthaste/node_modules/react/cjs/react.development.js:2667:24)
        at act (/home/anastasiya/project_posthaste/posthaste/node_modules/react/cjs/react.development.js:2582:11)
        at actWithWarning (/home/anastasiya/project_posthaste/posthaste/node_modules/react-dom/cjs/react-dom-test-utils.development.js:1740:10)
        at /home/anastasiya/project_posthaste/posthaste/node_modules/@testing-library/react/dist/act-compat.js:63:25
        at renderRoot (/home/anastasiya/project_posthaste/posthaste/node_modules/@testing-library/react/dist/pure.js:159:26)
        at render (/home/anastasiya/project_posthaste/posthaste/node_modules/@testing-library/react/dist/pure.js:246:10)
        at Object.<anonymous> (/home/anastasiya/project_posthaste/posthaste/src/contexts/tests/ThemeContext.test.tsx:220:11)
        at Promise.then.completed (/home/anastasiya/project_posthaste/posthaste/node_modules/jest-circus/build/utils.js:391:28)
        at new Promise (<anonymous>)
        at callAsyncCircusFn (/home/anastasiya/project_posthaste/posthaste/node_modules/jest-circus/build/utils.js:316:10)
        at _callCircusTest (/home/anastasiya/project_posthaste/posthaste/node_modules/jest-circus/build/run.js:218:40)
        at processTicksAndRejections (node:internal/process/task_queues:95:5)
        at _runTest (/home/anastasiya/project_posthaste/posthaste/node_modules/jest-circus/build/run.js:155:3)
        at _runTestsForDescribeBlock (/home/anastasiya/project_posthaste/posthaste/node_modules/jest-circus/build/run.js:66:9)
        at _runTestsForDescribeBlock (/home/anastasiya/project_posthaste/posthaste/node_modules/jest-circus/build/run.js:60:9)
        at run (/home/anastasiya/project_posthaste/posthaste/node_modules/jest-circus/build/run.js:25:3)
        at runAndTransformResultsToJestFormat (/home/anastasiya/project_posthaste/posthaste/node_modules/jest-circus/build/legacy-code-todo-rewrite/jestAdapterInit.js:170:21)
        at jestAdapter (/home/anastasiya/project_posthaste/posthaste/node_modules/jest-circus/build/legacy-code-todo-rewrite/jestAdapter.js:82:19)
        at runTestInternal (/home/anastasiya/project_posthaste/posthaste/node_modules/jest-runner/build/runTest.js:389:16)
        at runTest (/home/anastasiya/project_posthaste/posthaste/node_modules/jest-runner/build/runTest.js:475:34)
        at Object.worker (/home/anastasiya/project_posthaste/posthaste/node_modules/jest-runner/build/testWorker.js:133:12)

      112 |       return;
      113 |     }
    > 114 |     originalError.call(console, ...args);
          |                   ^
      115 |   };
      116 | });
      117 |

      at console.error (src/setupTests.ts:114:19)
      at VirtualConsole.<anonymous> (node_modules/jsdom/lib/jsdom/virtual-console.js:29:45)
      at reportException (node_modules/jsdom/lib/jsdom/living/helpers/runtime-script-errors.js:70:28)
      at innerInvokeEventListeners (node_modules/jsdom/lib/jsdom/living/events/EventTarget-impl.js:341:9)
      at invokeEventListeners (node_modules/jsdom/lib/jsdom/living/events/EventTarget-impl.js:274:3)
      at HTMLUnknownElementImpl._dispatch (node_modules/jsdom/lib/jsdom/living/events/EventTarget-impl.js:221:9)
      at HTMLUnknownElementImpl.dispatchEvent (node_modules/jsdom/lib/jsdom/living/events/EventTarget-impl.js:94:17)
      at HTMLUnknownElement.dispatchEvent (node_modules/jsdom/lib/jsdom/living/generated/EventTarget.js:231:34)
      at Object.invokeGuardedCallbackDev (node_modules/react-dom/cjs/react-dom.development.js:4213:16)
      at invokeGuardedCallback (node_modules/react-dom/cjs/react-dom.development.js:4277:31)
      at beginWork$1 (node_modules/react-dom/cjs/react-dom.development.js:27490:7)
      at performUnitOfWork (node_modules/react-dom/cjs/react-dom.development.js:26599:12)
      at workLoopSync (node_modules/react-dom/cjs/react-dom.development.js:26505:5)
      at renderRootSync (node_modules/react-dom/cjs/react-dom.development.js:26473:7)
      at performConcurrentWorkOnRoot (node_modules/react-dom/cjs/react-dom.development.js:25777:74)
      at flushActQueue (node_modules/react/cjs/react.development.js:2667:24)
      at act (node_modules/react/cjs/react.development.js:2582:11)
      at actWithWarning (node_modules/react-dom/cjs/react-dom-test-utils.development.js:1740:10)
      at node_modules/@testing-library/react/dist/act-compat.js:63:25
      at renderRoot (node_modules/@testing-library/react/dist/pure.js:159:26)
      at render (node_modules/@testing-library/react/dist/pure.js:246:10)
      at Object.<anonymous> (src/contexts/tests/ThemeContext.test.tsx:220:11)

  console.error
    Error: Uncaught [TypeError: Cannot read properties of undefined (reading 'toString')]
        at reportException (/home/anastasiya/project_posthaste/posthaste/node_modules/jsdom/lib/jsdom/living/helpers/runtime-script-errors.js:66:24)
        at innerInvokeEventListeners (/home/anastasiya/project_posthaste/posthaste/node_modules/jsdom/lib/jsdom/living/events/EventTarget-impl.js:341:9)
        at invokeEventListeners (/home/anastasiya/project_posthaste/posthaste/node_modules/jsdom/lib/jsdom/living/events/EventTarget-impl.js:274:3)
        at HTMLUnknownElementImpl._dispatch (/home/anastasiya/project_posthaste/posthaste/node_modules/jsdom/lib/jsdom/living/events/EventTarget-impl.js:221:9)
        at HTMLUnknownElementImpl.dispatchEvent (/home/anastasiya/project_posthaste/posthaste/node_modules/jsdom/lib/jsdom/living/events/EventTarget-impl.js:94:17)
        at HTMLUnknownElement.dispatchEvent (/home/anastasiya/project_posthaste/posthaste/node_modules/jsdom/lib/jsdom/living/generated/EventTarget.js:231:34)
        at Object.invokeGuardedCallbackDev (/home/anastasiya/project_posthaste/posthaste/node_modules/react-dom/cjs/react-dom.development.js:4213:16)
        at invokeGuardedCallback (/home/anastasiya/project_posthaste/posthaste/node_modules/react-dom/cjs/react-dom.development.js:4277:31)
        at beginWork$1 (/home/anastasiya/project_posthaste/posthaste/node_modules/react-dom/cjs/react-dom.development.js:27490:7)
        at performUnitOfWork (/home/anastasiya/project_posthaste/posthaste/node_modules/react-dom/cjs/react-dom.development.js:26599:12)
        at workLoopSync (/home/anastasiya/project_posthaste/posthaste/node_modules/react-dom/cjs/react-dom.development.js:26505:5)
        at renderRootSync (/home/anastasiya/project_posthaste/posthaste/node_modules/react-dom/cjs/react-dom.development.js:26473:7)
        at recoverFromConcurrentError (/home/anastasiya/project_posthaste/posthaste/node_modules/react-dom/cjs/react-dom.development.js:25889:20)
        at performConcurrentWorkOnRoot (/home/anastasiya/project_posthaste/posthaste/node_modules/react-dom/cjs/react-dom.development.js:25789:22)
        at flushActQueue (/home/anastasiya/project_posthaste/posthaste/node_modules/react/cjs/react.development.js:2667:24)
        at act (/home/anastasiya/project_posthaste/posthaste/node_modules/react/cjs/react.development.js:2582:11)
        at actWithWarning (/home/anastasiya/project_posthaste/posthaste/node_modules/react-dom/cjs/react-dom-test-utils.development.js:1740:10)
        at /home/anastasiya/project_posthaste/posthaste/node_modules/@testing-library/react/dist/act-compat.js:63:25
        at renderRoot (/home/anastasiya/project_posthaste/posthaste/node_modules/@testing-library/react/dist/pure.js:159:26)
        at render (/home/anastasiya/project_posthaste/posthaste/node_modules/@testing-library/react/dist/pure.js:246:10)
        at Object.<anonymous> (/home/anastasiya/project_posthaste/posthaste/src/contexts/tests/ThemeContext.test.tsx:220:11)
        at Promise.then.completed (/home/anastasiya/project_posthaste/posthaste/node_modules/jest-circus/build/utils.js:391:28)
        at new Promise (<anonymous>)
        at callAsyncCircusFn (/home/anastasiya/project_posthaste/posthaste/node_modules/jest-circus/build/utils.js:316:10)
        at _callCircusTest (/home/anastasiya/project_posthaste/posthaste/node_modules/jest-circus/build/run.js:218:40)
        at processTicksAndRejections (node:internal/process/task_queues:95:5)
        at _runTest (/home/anastasiya/project_posthaste/posthaste/node_modules/jest-circus/build/run.js:155:3)
        at _runTestsForDescribeBlock (/home/anastasiya/project_posthaste/posthaste/node_modules/jest-circus/build/run.js:66:9)
        at _runTestsForDescribeBlock (/home/anastasiya/project_posthaste/posthaste/node_modules/jest-circus/build/run.js:60:9)
        at run (/home/anastasiya/project_posthaste/posthaste/node_modules/jest-circus/build/run.js:25:3)
        at runAndTransformResultsToJestFormat (/home/anastasiya/project_posthaste/posthaste/node_modules/jest-circus/build/legacy-code-todo-rewrite/jestAdapterInit.js:170:21)
        at jestAdapter (/home/anastasiya/project_posthaste/posthaste/node_modules/jest-circus/build/legacy-code-todo-rewrite/jestAdapter.js:82:19)
        at runTestInternal (/home/anastasiya/project_posthaste/posthaste/node_modules/jest-runner/build/runTest.js:389:16)
        at runTest (/home/anastasiya/project_posthaste/posthaste/node_modules/jest-runner/build/runTest.js:475:34)
        at Object.worker (/home/anastasiya/project_posthaste/posthaste/node_modules/jest-runner/build/testWorker.js:133:12) TypeError: Cannot read properties of undefined (reading 'toString')
        at TestComponent (/home/anastasiya/project_posthaste/posthaste/src/contexts/tests/ThemeContext.test.tsx:31:43)
        at renderWithHooks (/home/anastasiya/project_posthaste/posthaste/node_modules/react-dom/cjs/react-dom.development.js:15486:18)
        at mountIndeterminateComponent (/home/anastasiya/project_posthaste/posthaste/node_modules/react-dom/cjs/react-dom.development.js:20103:13)
        at beginWork (/home/anastasiya/project_posthaste/posthaste/node_modules/react-dom/cjs/react-dom.development.js:21626:16)
        at HTMLUnknownElement.callCallback (/home/anastasiya/project_posthaste/posthaste/node_modules/react-dom/cjs/react-dom.development.js:4164:14)
        at HTMLUnknownElement.callTheUserObjectsOperation (/home/anastasiya/project_posthaste/posthaste/node_modules/jsdom/lib/jsdom/living/generated/EventListener.js:26:30)
        at innerInvokeEventListeners (/home/anastasiya/project_posthaste/posthaste/node_modules/jsdom/lib/jsdom/living/events/EventTarget-impl.js:338:25)
        at invokeEventListeners (/home/anastasiya/project_posthaste/posthaste/node_modules/jsdom/lib/jsdom/living/events/EventTarget-impl.js:274:3)
        at HTMLUnknownElementImpl._dispatch (/home/anastasiya/project_posthaste/posthaste/node_modules/jsdom/lib/jsdom/living/events/EventTarget-impl.js:221:9)
        at HTMLUnknownElementImpl.dispatchEvent (/home/anastasiya/project_posthaste/posthaste/node_modules/jsdom/lib/jsdom/living/events/EventTarget-impl.js:94:17)
        at HTMLUnknownElement.dispatchEvent (/home/anastasiya/project_posthaste/posthaste/node_modules/jsdom/lib/jsdom/living/generated/EventTarget.js:231:34)
        at Object.invokeGuardedCallbackDev (/home/anastasiya/project_posthaste/posthaste/node_modules/react-dom/cjs/react-dom.development.js:4213:16)
        at invokeGuardedCallback (/home/anastasiya/project_posthaste/posthaste/node_modules/react-dom/cjs/react-dom.development.js:4277:31)
        at beginWork$1 (/home/anastasiya/project_posthaste/posthaste/node_modules/react-dom/cjs/react-dom.development.js:27490:7)
        at performUnitOfWork (/home/anastasiya/project_posthaste/posthaste/node_modules/react-dom/cjs/react-dom.development.js:26599:12)
        at workLoopSync (/home/anastasiya/project_posthaste/posthaste/node_modules/react-dom/cjs/react-dom.development.js:26505:5)
        at renderRootSync (/home/anastasiya/project_posthaste/posthaste/node_modules/react-dom/cjs/react-dom.development.js:26473:7)
        at recoverFromConcurrentError (/home/anastasiya/project_posthaste/posthaste/node_modules/react-dom/cjs/react-dom.development.js:25889:20)
        at performConcurrentWorkOnRoot (/home/anastasiya/project_posthaste/posthaste/node_modules/react-dom/cjs/react-dom.development.js:25789:22)
        at flushActQueue (/home/anastasiya/project_posthaste/posthaste/node_modules/react/cjs/react.development.js:2667:24)
        at act (/home/anastasiya/project_posthaste/posthaste/node_modules/react/cjs/react.development.js:2582:11)
        at actWithWarning (/home/anastasiya/project_posthaste/posthaste/node_modules/react-dom/cjs/react-dom-test-utils.development.js:1740:10)
        at /home/anastasiya/project_posthaste/posthaste/node_modules/@testing-library/react/dist/act-compat.js:63:25
        at renderRoot (/home/anastasiya/project_posthaste/posthaste/node_modules/@testing-library/react/dist/pure.js:159:26)
        at render (/home/anastasiya/project_posthaste/posthaste/node_modules/@testing-library/react/dist/pure.js:246:10)
        at Object.<anonymous> (/home/anastasiya/project_posthaste/posthaste/src/contexts/tests/ThemeContext.test.tsx:220:11)
        at Promise.then.completed (/home/anastasiya/project_posthaste/posthaste/node_modules/jest-circus/build/utils.js:391:28)
        at new Promise (<anonymous>)
        at callAsyncCircusFn (/home/anastasiya/project_posthaste/posthaste/node_modules/jest-circus/build/utils.js:316:10)
        at _callCircusTest (/home/anastasiya/project_posthaste/posthaste/node_modules/jest-circus/build/run.js:218:40)
        at processTicksAndRejections (node:internal/process/task_queues:95:5)
        at _runTest (/home/anastasiya/project_posthaste/posthaste/node_modules/jest-circus/build/run.js:155:3)
        at _runTestsForDescribeBlock (/home/anastasiya/project_posthaste/posthaste/node_modules/jest-circus/build/run.js:66:9)
        at _runTestsForDescribeBlock (/home/anastasiya/project_posthaste/posthaste/node_modules/jest-circus/build/run.js:60:9)
        at run (/home/anastasiya/project_posthaste/posthaste/node_modules/jest-circus/build/run.js:25:3)
        at runAndTransformResultsToJestFormat (/home/anastasiya/project_posthaste/posthaste/node_modules/jest-circus/build/legacy-code-todo-rewrite/jestAdapterInit.js:170:21)
        at jestAdapter (/home/anastasiya/project_posthaste/posthaste/node_modules/jest-circus/build/legacy-code-todo-rewrite/jestAdapter.js:82:19)
        at runTestInternal (/home/anastasiya/project_posthaste/posthaste/node_modules/jest-runner/build/runTest.js:389:16)
        at runTest (/home/anastasiya/project_posthaste/posthaste/node_modules/jest-runner/build/runTest.js:475:34)
        at Object.worker (/home/anastasiya/project_posthaste/posthaste/node_modules/jest-runner/build/testWorker.js:133:12)

      112 |       return;
      113 |     }
    > 114 |     originalError.call(console, ...args);
          |                   ^
      115 |   };
      116 | });
      117 |

      at console.error (src/setupTests.ts:114:19)
      at VirtualConsole.<anonymous> (node_modules/jsdom/lib/jsdom/virtual-console.js:29:45)
      at reportException (node_modules/jsdom/lib/jsdom/living/helpers/runtime-script-errors.js:70:28)
      at innerInvokeEventListeners (node_modules/jsdom/lib/jsdom/living/events/EventTarget-impl.js:341:9)
      at invokeEventListeners (node_modules/jsdom/lib/jsdom/living/events/EventTarget-impl.js:274:3)
      at HTMLUnknownElementImpl._dispatch (node_modules/jsdom/lib/jsdom/living/events/EventTarget-impl.js:221:9)
      at HTMLUnknownElementImpl.dispatchEvent (node_modules/jsdom/lib/jsdom/living/events/EventTarget-impl.js:94:17)
      at HTMLUnknownElement.dispatchEvent (node_modules/jsdom/lib/jsdom/living/generated/EventTarget.js:231:34)
      at Object.invokeGuardedCallbackDev (node_modules/react-dom/cjs/react-dom.development.js:4213:16)
      at invokeGuardedCallback (node_modules/react-dom/cjs/react-dom.development.js:4277:31)
      at beginWork$1 (node_modules/react-dom/cjs/react-dom.development.js:27490:7)
      at performUnitOfWork (node_modules/react-dom/cjs/react-dom.development.js:26599:12)
      at workLoopSync (node_modules/react-dom/cjs/react-dom.development.js:26505:5)
      at renderRootSync (node_modules/react-dom/cjs/react-dom.development.js:26473:7)
      at recoverFromConcurrentError (node_modules/react-dom/cjs/react-dom.development.js:25889:20)
      at performConcurrentWorkOnRoot (node_modules/react-dom/cjs/react-dom.development.js:25789:22)
      at flushActQueue (node_modules/react/cjs/react.development.js:2667:24)
      at act (node_modules/react/cjs/react.development.js:2582:11)
      at actWithWarning (node_modules/react-dom/cjs/react-dom-test-utils.development.js:1740:10)
      at node_modules/@testing-library/react/dist/act-compat.js:63:25
      at renderRoot (node_modules/@testing-library/react/dist/pure.js:159:26)
      at render (node_modules/@testing-library/react/dist/pure.js:246:10)
      at Object.<anonymous> (src/contexts/tests/ThemeContext.test.tsx:220:11)

  console.error
    The above error occurred in the <TestComponent> component:
    
        at TestComponent (/home/anastasiya/project_posthaste/posthaste/src/contexts/tests/ThemeContext.test.tsx:26:50)
        at ThemeProvider (/home/anastasiya/project_posthaste/posthaste/src/contexts/ThemeContext.tsx:26:63)
    
    Consider adding an error boundary to your tree to customize error handling behavior.
    Visit https://reactjs.org/link/error-boundaries to learn more about error boundaries.

      112 |       return;
      113 |     }
    > 114 |     originalError.call(console, ...args);
          |                   ^
      115 |   };
      116 | });
      117 |

      at console.error (src/setupTests.ts:114:19)
      at logCapturedError (node_modules/react-dom/cjs/react-dom.development.js:18704:23)
      at update.callback (node_modules/react-dom/cjs/react-dom.development.js:18737:5)
      at callCallback (node_modules/react-dom/cjs/react-dom.development.js:15036:12)
      at commitUpdateQueue (node_modules/react-dom/cjs/react-dom.development.js:15057:9)
      at commitLayoutEffectOnFiber (node_modules/react-dom/cjs/react-dom.development.js:23430:13)
      at commitLayoutMountEffects_complete (node_modules/react-dom/cjs/react-dom.development.js:24727:9)
      at commitLayoutEffects_begin (node_modules/react-dom/cjs/react-dom.development.js:24713:7)
      at commitLayoutEffects (node_modules/react-dom/cjs/react-dom.development.js:24651:3)
      at commitRootImpl (node_modules/react-dom/cjs/react-dom.development.js:26862:5)
      at commitRoot (node_modules/react-dom/cjs/react-dom.development.js:26721:5)
      at finishConcurrentRender (node_modules/react-dom/cjs/react-dom.development.js:25931:9)
      at performConcurrentWorkOnRoot (node_modules/react-dom/cjs/react-dom.development.js:25848:7)
      at flushActQueue (node_modules/react/cjs/react.development.js:2667:24)
      at act (node_modules/react/cjs/react.development.js:2582:11)
      at actWithWarning (node_modules/react-dom/cjs/react-dom-test-utils.development.js:1740:10)
      at node_modules/@testing-library/react/dist/act-compat.js:63:25
      at renderRoot (node_modules/@testing-library/react/dist/pure.js:159:26)
      at render (node_modules/@testing-library/react/dist/pure.js:246:10)
      at Object.<anonymous> (src/contexts/tests/ThemeContext.test.tsx:220:11)

  console.error
    Error: Uncaught [TypeError: Cannot read properties of undefined (reading 'toString')]
        at reportException (/home/anastasiya/project_posthaste/posthaste/node_modules/jsdom/lib/jsdom/living/helpers/runtime-script-errors.js:66:24)
        at innerInvokeEventListeners (/home/anastasiya/project_posthaste/posthaste/node_modules/jsdom/lib/jsdom/living/events/EventTarget-impl.js:341:9)
        at invokeEventListeners (/home/anastasiya/project_posthaste/posthaste/node_modules/jsdom/lib/jsdom/living/events/EventTarget-impl.js:274:3)
        at HTMLUnknownElementImpl._dispatch (/home/anastasiya/project_posthaste/posthaste/node_modules/jsdom/lib/jsdom/living/events/EventTarget-impl.js:221:9)
        at HTMLUnknownElementImpl.dispatchEvent (/home/anastasiya/project_posthaste/posthaste/node_modules/jsdom/lib/jsdom/living/events/EventTarget-impl.js:94:17)
        at HTMLUnknownElement.dispatchEvent (/home/anastasiya/project_posthaste/posthaste/node_modules/jsdom/lib/jsdom/living/generated/EventTarget.js:231:34)
        at Object.invokeGuardedCallbackDev (/home/anastasiya/project_posthaste/posthaste/node_modules/react-dom/cjs/react-dom.development.js:4213:16)
        at invokeGuardedCallback (/home/anastasiya/project_posthaste/posthaste/node_modules/react-dom/cjs/react-dom.development.js:4277:31)
        at beginWork$1 (/home/anastasiya/project_posthaste/posthaste/node_modules/react-dom/cjs/react-dom.development.js:27490:7)
        at performUnitOfWork (/home/anastasiya/project_posthaste/posthaste/node_modules/react-dom/cjs/react-dom.development.js:26599:12)
        at workLoopSync (/home/anastasiya/project_posthaste/posthaste/node_modules/react-dom/cjs/react-dom.development.js:26505:5)
        at renderRootSync (/home/anastasiya/project_posthaste/posthaste/node_modules/react-dom/cjs/react-dom.development.js:26473:7)
        at performConcurrentWorkOnRoot (/home/anastasiya/project_posthaste/posthaste/node_modules/react-dom/cjs/react-dom.development.js:25777:74)
        at flushActQueue (/home/anastasiya/project_posthaste/posthaste/node_modules/react/cjs/react.development.js:2667:24)
        at act (/home/anastasiya/project_posthaste/posthaste/node_modules/react/cjs/react.development.js:2582:11)
        at actWithWarning (/home/anastasiya/project_posthaste/posthaste/node_modules/react-dom/cjs/react-dom-test-utils.development.js:1740:10)
        at /home/anastasiya/project_posthaste/posthaste/node_modules/@testing-library/react/dist/act-compat.js:63:25
        at renderRoot (/home/anastasiya/project_posthaste/posthaste/node_modules/@testing-library/react/dist/pure.js:159:26)
        at render (/home/anastasiya/project_posthaste/posthaste/node_modules/@testing-library/react/dist/pure.js:246:10)
        at Object.<anonymous> (/home/anastasiya/project_posthaste/posthaste/src/contexts/tests/ThemeContext.test.tsx:247:31)
        at Promise.then.completed (/home/anastasiya/project_posthaste/posthaste/node_modules/jest-circus/build/utils.js:391:28)
        at new Promise (<anonymous>)
        at callAsyncCircusFn (/home/anastasiya/project_posthaste/posthaste/node_modules/jest-circus/build/utils.js:316:10)
        at _callCircusTest (/home/anastasiya/project_posthaste/posthaste/node_modules/jest-circus/build/run.js:218:40)
        at processTicksAndRejections (node:internal/process/task_queues:95:5)
        at _runTest (/home/anastasiya/project_posthaste/posthaste/node_modules/jest-circus/build/run.js:155:3)
        at _runTestsForDescribeBlock (/home/anastasiya/project_posthaste/posthaste/node_modules/jest-circus/build/run.js:66:9)
        at _runTestsForDescribeBlock (/home/anastasiya/project_posthaste/posthaste/node_modules/jest-circus/build/run.js:60:9)
        at run (/home/anastasiya/project_posthaste/posthaste/node_modules/jest-circus/build/run.js:25:3)
        at runAndTransformResultsToJestFormat (/home/anastasiya/project_posthaste/posthaste/node_modules/jest-circus/build/legacy-code-todo-rewrite/jestAdapterInit.js:170:21)
        at jestAdapter (/home/anastasiya/project_posthaste/posthaste/node_modules/jest-circus/build/legacy-code-todo-rewrite/jestAdapter.js:82:19)
        at runTestInternal (/home/anastasiya/project_posthaste/posthaste/node_modules/jest-runner/build/runTest.js:389:16)
        at runTest (/home/anastasiya/project_posthaste/posthaste/node_modules/jest-runner/build/runTest.js:475:34)
        at Object.worker (/home/anastasiya/project_posthaste/posthaste/node_modules/jest-runner/build/testWorker.js:133:12) TypeError: Cannot read properties of undefined (reading 'toString')
        at TestComponent (/home/anastasiya/project_posthaste/posthaste/src/contexts/tests/ThemeContext.test.tsx:31:43)
        at renderWithHooks (/home/anastasiya/project_posthaste/posthaste/node_modules/react-dom/cjs/react-dom.development.js:15486:18)
        at mountIndeterminateComponent (/home/anastasiya/project_posthaste/posthaste/node_modules/react-dom/cjs/react-dom.development.js:20103:13)
        at beginWork (/home/anastasiya/project_posthaste/posthaste/node_modules/react-dom/cjs/react-dom.development.js:21626:16)
        at HTMLUnknownElement.callCallback (/home/anastasiya/project_posthaste/posthaste/node_modules/react-dom/cjs/react-dom.development.js:4164:14)
        at HTMLUnknownElement.callTheUserObjectsOperation (/home/anastasiya/project_posthaste/posthaste/node_modules/jsdom/lib/jsdom/living/generated/EventListener.js:26:30)
        at innerInvokeEventListeners (/home/anastasiya/project_posthaste/posthaste/node_modules/jsdom/lib/jsdom/living/events/EventTarget-impl.js:338:25)
        at invokeEventListeners (/home/anastasiya/project_posthaste/posthaste/node_modules/jsdom/lib/jsdom/living/events/EventTarget-impl.js:274:3)
        at HTMLUnknownElementImpl._dispatch (/home/anastasiya/project_posthaste/posthaste/node_modules/jsdom/lib/jsdom/living/events/EventTarget-impl.js:221:9)
        at HTMLUnknownElementImpl.dispatchEvent (/home/anastasiya/project_posthaste/posthaste/node_modules/jsdom/lib/jsdom/living/events/EventTarget-impl.js:94:17)
        at HTMLUnknownElement.dispatchEvent (/home/anastasiya/project_posthaste/posthaste/node_modules/jsdom/lib/jsdom/living/generated/EventTarget.js:231:34)
        at Object.invokeGuardedCallbackDev (/home/anastasiya/project_posthaste/posthaste/node_modules/react-dom/cjs/react-dom.development.js:4213:16)
        at invokeGuardedCallback (/home/anastasiya/project_posthaste/posthaste/node_modules/react-dom/cjs/react-dom.development.js:4277:31)
        at beginWork$1 (/home/anastasiya/project_posthaste/posthaste/node_modules/react-dom/cjs/react-dom.development.js:27490:7)
        at performUnitOfWork (/home/anastasiya/project_posthaste/posthaste/node_modules/react-dom/cjs/react-dom.development.js:26599:12)
        at workLoopSync (/home/anastasiya/project_posthaste/posthaste/node_modules/react-dom/cjs/react-dom.development.js:26505:5)
        at renderRootSync (/home/anastasiya/project_posthaste/posthaste/node_modules/react-dom/cjs/react-dom.development.js:26473:7)
        at performConcurrentWorkOnRoot (/home/anastasiya/project_posthaste/posthaste/node_modules/react-dom/cjs/react-dom.development.js:25777:74)
        at flushActQueue (/home/anastasiya/project_posthaste/posthaste/node_modules/react/cjs/react.development.js:2667:24)
        at act (/home/anastasiya/project_posthaste/posthaste/node_modules/react/cjs/react.development.js:2582:11)
        at actWithWarning (/home/anastasiya/project_posthaste/posthaste/node_modules/react-dom/cjs/react-dom-test-utils.development.js:1740:10)
        at /home/anastasiya/project_posthaste/posthaste/node_modules/@testing-library/react/dist/act-compat.js:63:25
        at renderRoot (/home/anastasiya/project_posthaste/posthaste/node_modules/@testing-library/react/dist/pure.js:159:26)
        at render (/home/anastasiya/project_posthaste/posthaste/node_modules/@testing-library/react/dist/pure.js:246:10)
        at Object.<anonymous> (/home/anastasiya/project_posthaste/posthaste/src/contexts/tests/ThemeContext.test.tsx:247:31)
        at Promise.then.completed (/home/anastasiya/project_posthaste/posthaste/node_modules/jest-circus/build/utils.js:391:28)
        at new Promise (<anonymous>)
        at callAsyncCircusFn (/home/anastasiya/project_posthaste/posthaste/node_modules/jest-circus/build/utils.js:316:10)
        at _callCircusTest (/home/anastasiya/project_posthaste/posthaste/node_modules/jest-circus/build/run.js:218:40)
        at processTicksAndRejections (node:internal/process/task_queues:95:5)
        at _runTest (/home/anastasiya/project_posthaste/posthaste/node_modules/jest-circus/build/run.js:155:3)
        at _runTestsForDescribeBlock (/home/anastasiya/project_posthaste/posthaste/node_modules/jest-circus/build/run.js:66:9)
        at _runTestsForDescribeBlock (/home/anastasiya/project_posthaste/posthaste/node_modules/jest-circus/build/run.js:60:9)
        at run (/home/anastasiya/project_posthaste/posthaste/node_modules/jest-circus/build/run.js:25:3)
        at runAndTransformResultsToJestFormat (/home/anastasiya/project_posthaste/posthaste/node_modules/jest-circus/build/legacy-code-todo-rewrite/jestAdapterInit.js:170:21)
        at jestAdapter (/home/anastasiya/project_posthaste/posthaste/node_modules/jest-circus/build/legacy-code-todo-rewrite/jestAdapter.js:82:19)
        at runTestInternal (/home/anastasiya/project_posthaste/posthaste/node_modules/jest-runner/build/runTest.js:389:16)
        at runTest (/home/anastasiya/project_posthaste/posthaste/node_modules/jest-runner/build/runTest.js:475:34)
        at Object.worker (/home/anastasiya/project_posthaste/posthaste/node_modules/jest-runner/build/testWorker.js:133:12)

      112 |       return;
      113 |     }
    > 114 |     originalError.call(console, ...args);
          |                   ^
      115 |   };
      116 | });
      117 |

      at console.error (src/setupTests.ts:114:19)
      at VirtualConsole.<anonymous> (node_modules/jsdom/lib/jsdom/virtual-console.js:29:45)
      at reportException (node_modules/jsdom/lib/jsdom/living/helpers/runtime-script-errors.js:70:28)
      at innerInvokeEventListeners (node_modules/jsdom/lib/jsdom/living/events/EventTarget-impl.js:341:9)
      at invokeEventListeners (node_modules/jsdom/lib/jsdom/living/events/EventTarget-impl.js:274:3)
      at HTMLUnknownElementImpl._dispatch (node_modules/jsdom/lib/jsdom/living/events/EventTarget-impl.js:221:9)
      at HTMLUnknownElementImpl.dispatchEvent (node_modules/jsdom/lib/jsdom/living/events/EventTarget-impl.js:94:17)
      at HTMLUnknownElement.dispatchEvent (node_modules/jsdom/lib/jsdom/living/generated/EventTarget.js:231:34)
      at Object.invokeGuardedCallbackDev (node_modules/react-dom/cjs/react-dom.development.js:4213:16)
      at invokeGuardedCallback (node_modules/react-dom/cjs/react-dom.development.js:4277:31)
      at beginWork$1 (node_modules/react-dom/cjs/react-dom.development.js:27490:7)
      at performUnitOfWork (node_modules/react-dom/cjs/react-dom.development.js:26599:12)
      at workLoopSync (node_modules/react-dom/cjs/react-dom.development.js:26505:5)
      at renderRootSync (node_modules/react-dom/cjs/react-dom.development.js:26473:7)
      at performConcurrentWorkOnRoot (node_modules/react-dom/cjs/react-dom.development.js:25777:74)
      at flushActQueue (node_modules/react/cjs/react.development.js:2667:24)
      at act (node_modules/react/cjs/react.development.js:2582:11)
      at actWithWarning (node_modules/react-dom/cjs/react-dom-test-utils.development.js:1740:10)
      at node_modules/@testing-library/react/dist/act-compat.js:63:25
      at renderRoot (node_modules/@testing-library/react/dist/pure.js:159:26)
      at render (node_modules/@testing-library/react/dist/pure.js:246:10)
      at Object.<anonymous> (src/contexts/tests/ThemeContext.test.tsx:247:31)

  console.error
    Error: Uncaught [TypeError: Cannot read properties of undefined (reading 'toString')]
        at reportException (/home/anastasiya/project_posthaste/posthaste/node_modules/jsdom/lib/jsdom/living/helpers/runtime-script-errors.js:66:24)
        at innerInvokeEventListeners (/home/anastasiya/project_posthaste/posthaste/node_modules/jsdom/lib/jsdom/living/events/EventTarget-impl.js:341:9)
        at invokeEventListeners (/home/anastasiya/project_posthaste/posthaste/node_modules/jsdom/lib/jsdom/living/events/EventTarget-impl.js:274:3)
        at HTMLUnknownElementImpl._dispatch (/home/anastasiya/project_posthaste/posthaste/node_modules/jsdom/lib/jsdom/living/events/EventTarget-impl.js:221:9)
        at HTMLUnknownElementImpl.dispatchEvent (/home/anastasiya/project_posthaste/posthaste/node_modules/jsdom/lib/jsdom/living/events/EventTarget-impl.js:94:17)
        at HTMLUnknownElement.dispatchEvent (/home/anastasiya/project_posthaste/posthaste/node_modules/jsdom/lib/jsdom/living/generated/EventTarget.js:231:34)
        at Object.invokeGuardedCallbackDev (/home/anastasiya/project_posthaste/posthaste/node_modules/react-dom/cjs/react-dom.development.js:4213:16)
        at invokeGuardedCallback (/home/anastasiya/project_posthaste/posthaste/node_modules/react-dom/cjs/react-dom.development.js:4277:31)
        at beginWork$1 (/home/anastasiya/project_posthaste/posthaste/node_modules/react-dom/cjs/react-dom.development.js:27490:7)
        at performUnitOfWork (/home/anastasiya/project_posthaste/posthaste/node_modules/react-dom/cjs/react-dom.development.js:26599:12)
        at workLoopSync (/home/anastasiya/project_posthaste/posthaste/node_modules/react-dom/cjs/react-dom.development.js:26505:5)
        at renderRootSync (/home/anastasiya/project_posthaste/posthaste/node_modules/react-dom/cjs/react-dom.development.js:26473:7)
        at recoverFromConcurrentError (/home/anastasiya/project_posthaste/posthaste/node_modules/react-dom/cjs/react-dom.development.js:25889:20)
        at performConcurrentWorkOnRoot (/home/anastasiya/project_posthaste/posthaste/node_modules/react-dom/cjs/react-dom.development.js:25789:22)
        at flushActQueue (/home/anastasiya/project_posthaste/posthaste/node_modules/react/cjs/react.development.js:2667:24)
        at act (/home/anastasiya/project_posthaste/posthaste/node_modules/react/cjs/react.development.js:2582:11)
        at actWithWarning (/home/anastasiya/project_posthaste/posthaste/node_modules/react-dom/cjs/react-dom-test-utils.development.js:1740:10)
        at /home/anastasiya/project_posthaste/posthaste/node_modules/@testing-library/react/dist/act-compat.js:63:25
        at renderRoot (/home/anastasiya/project_posthaste/posthaste/node_modules/@testing-library/react/dist/pure.js:159:26)
        at render (/home/anastasiya/project_posthaste/posthaste/node_modules/@testing-library/react/dist/pure.js:246:10)
        at Object.<anonymous> (/home/anastasiya/project_posthaste/posthaste/src/contexts/tests/ThemeContext.test.tsx:247:31)
        at Promise.then.completed (/home/anastasiya/project_posthaste/posthaste/node_modules/jest-circus/build/utils.js:391:28)
        at new Promise (<anonymous>)
        at callAsyncCircusFn (/home/anastasiya/project_posthaste/posthaste/node_modules/jest-circus/build/utils.js:316:10)
        at _callCircusTest (/home/anastasiya/project_posthaste/posthaste/node_modules/jest-circus/build/run.js:218:40)
        at processTicksAndRejections (node:internal/process/task_queues:95:5)
        at _runTest (/home/anastasiya/project_posthaste/posthaste/node_modules/jest-circus/build/run.js:155:3)
        at _runTestsForDescribeBlock (/home/anastasiya/project_posthaste/posthaste/node_modules/jest-circus/build/run.js:66:9)
        at _runTestsForDescribeBlock (/home/anastasiya/project_posthaste/posthaste/node_modules/jest-circus/build/run.js:60:9)
        at run (/home/anastasiya/project_posthaste/posthaste/node_modules/jest-circus/build/run.js:25:3)
        at runAndTransformResultsToJestFormat (/home/anastasiya/project_posthaste/posthaste/node_modules/jest-circus/build/legacy-code-todo-rewrite/jestAdapterInit.js:170:21)
        at jestAdapter (/home/anastasiya/project_posthaste/posthaste/node_modules/jest-circus/build/legacy-code-todo-rewrite/jestAdapter.js:82:19)
        at runTestInternal (/home/anastasiya/project_posthaste/posthaste/node_modules/jest-runner/build/runTest.js:389:16)
        at runTest (/home/anastasiya/project_posthaste/posthaste/node_modules/jest-runner/build/runTest.js:475:34)
        at Object.worker (/home/anastasiya/project_posthaste/posthaste/node_modules/jest-runner/build/testWorker.js:133:12) TypeError: Cannot read properties of undefined (reading 'toString')
        at TestComponent (/home/anastasiya/project_posthaste/posthaste/src/contexts/tests/ThemeContext.test.tsx:31:43)
        at renderWithHooks (/home/anastasiya/project_posthaste/posthaste/node_modules/react-dom/cjs/react-dom.development.js:15486:18)
        at mountIndeterminateComponent (/home/anastasiya/project_posthaste/posthaste/node_modules/react-dom/cjs/react-dom.development.js:20103:13)
        at beginWork (/home/anastasiya/project_posthaste/posthaste/node_modules/react-dom/cjs/react-dom.development.js:21626:16)
        at HTMLUnknownElement.callCallback (/home/anastasiya/project_posthaste/posthaste/node_modules/react-dom/cjs/react-dom.development.js:4164:14)
        at HTMLUnknownElement.callTheUserObjectsOperation (/home/anastasiya/project_posthaste/posthaste/node_modules/jsdom/lib/jsdom/living/generated/EventListener.js:26:30)
        at innerInvokeEventListeners (/home/anastasiya/project_posthaste/posthaste/node_modules/jsdom/lib/jsdom/living/events/EventTarget-impl.js:338:25)
        at invokeEventListeners (/home/anastasiya/project_posthaste/posthaste/node_modules/jsdom/lib/jsdom/living/events/EventTarget-impl.js:274:3)
        at HTMLUnknownElementImpl._dispatch (/home/anastasiya/project_posthaste/posthaste/node_modules/jsdom/lib/jsdom/living/events/EventTarget-impl.js:221:9)
        at HTMLUnknownElementImpl.dispatchEvent (/home/anastasiya/project_posthaste/posthaste/node_modules/jsdom/lib/jsdom/living/events/EventTarget-impl.js:94:17)
        at HTMLUnknownElement.dispatchEvent (/home/anastasiya/project_posthaste/posthaste/node_modules/jsdom/lib/jsdom/living/generated/EventTarget.js:231:34)
        at Object.invokeGuardedCallbackDev (/home/anastasiya/project_posthaste/posthaste/node_modules/react-dom/cjs/react-dom.development.js:4213:16)
        at invokeGuardedCallback (/home/anastasiya/project_posthaste/posthaste/node_modules/react-dom/cjs/react-dom.development.js:4277:31)
        at beginWork$1 (/home/anastasiya/project_posthaste/posthaste/node_modules/react-dom/cjs/react-dom.development.js:27490:7)
        at performUnitOfWork (/home/anastasiya/project_posthaste/posthaste/node_modules/react-dom/cjs/react-dom.development.js:26599:12)
        at workLoopSync (/home/anastasiya/project_posthaste/posthaste/node_modules/react-dom/cjs/react-dom.development.js:26505:5)
        at renderRootSync (/home/anastasiya/project_posthaste/posthaste/node_modules/react-dom/cjs/react-dom.development.js:26473:7)
        at recoverFromConcurrentError (/home/anastasiya/project_posthaste/posthaste/node_modules/react-dom/cjs/react-dom.development.js:25889:20)
        at performConcurrentWorkOnRoot (/home/anastasiya/project_posthaste/posthaste/node_modules/react-dom/cjs/react-dom.development.js:25789:22)
        at flushActQueue (/home/anastasiya/project_posthaste/posthaste/node_modules/react/cjs/react.development.js:2667:24)
        at act (/home/anastasiya/project_posthaste/posthaste/node_modules/react/cjs/react.development.js:2582:11)
        at actWithWarning (/home/anastasiya/project_posthaste/posthaste/node_modules/react-dom/cjs/react-dom-test-utils.development.js:1740:10)
        at /home/anastasiya/project_posthaste/posthaste/node_modules/@testing-library/react/dist/act-compat.js:63:25
        at renderRoot (/home/anastasiya/project_posthaste/posthaste/node_modules/@testing-library/react/dist/pure.js:159:26)
        at render (/home/anastasiya/project_posthaste/posthaste/node_modules/@testing-library/react/dist/pure.js:246:10)
        at Object.<anonymous> (/home/anastasiya/project_posthaste/posthaste/src/contexts/tests/ThemeContext.test.tsx:247:31)
        at Promise.then.completed (/home/anastasiya/project_posthaste/posthaste/node_modules/jest-circus/build/utils.js:391:28)
        at new Promise (<anonymous>)
        at callAsyncCircusFn (/home/anastasiya/project_posthaste/posthaste/node_modules/jest-circus/build/utils.js:316:10)
        at _callCircusTest (/home/anastasiya/project_posthaste/posthaste/node_modules/jest-circus/build/run.js:218:40)
        at processTicksAndRejections (node:internal/process/task_queues:95:5)
        at _runTest (/home/anastasiya/project_posthaste/posthaste/node_modules/jest-circus/build/run.js:155:3)
        at _runTestsForDescribeBlock (/home/anastasiya/project_posthaste/posthaste/node_modules/jest-circus/build/run.js:66:9)
        at _runTestsForDescribeBlock (/home/anastasiya/project_posthaste/posthaste/node_modules/jest-circus/build/run.js:60:9)
        at run (/home/anastasiya/project_posthaste/posthaste/node_modules/jest-circus/build/run.js:25:3)
        at runAndTransformResultsToJestFormat (/home/anastasiya/project_posthaste/posthaste/node_modules/jest-circus/build/legacy-code-todo-rewrite/jestAdapterInit.js:170:21)
        at jestAdapter (/home/anastasiya/project_posthaste/posthaste/node_modules/jest-circus/build/legacy-code-todo-rewrite/jestAdapter.js:82:19)
        at runTestInternal (/home/anastasiya/project_posthaste/posthaste/node_modules/jest-runner/build/runTest.js:389:16)
        at runTest (/home/anastasiya/project_posthaste/posthaste/node_modules/jest-runner/build/runTest.js:475:34)
        at Object.worker (/home/anastasiya/project_posthaste/posthaste/node_modules/jest-runner/build/testWorker.js:133:12)

      112 |       return;
      113 |     }
    > 114 |     originalError.call(console, ...args);
          |                   ^
      115 |   };
      116 | });
      117 |

      at console.error (src/setupTests.ts:114:19)
      at VirtualConsole.<anonymous> (node_modules/jsdom/lib/jsdom/virtual-console.js:29:45)
      at reportException (node_modules/jsdom/lib/jsdom/living/helpers/runtime-script-errors.js:70:28)
      at innerInvokeEventListeners (node_modules/jsdom/lib/jsdom/living/events/EventTarget-impl.js:341:9)
      at invokeEventListeners (node_modules/jsdom/lib/jsdom/living/events/EventTarget-impl.js:274:3)
      at HTMLUnknownElementImpl._dispatch (node_modules/jsdom/lib/jsdom/living/events/EventTarget-impl.js:221:9)
      at HTMLUnknownElementImpl.dispatchEvent (node_modules/jsdom/lib/jsdom/living/events/EventTarget-impl.js:94:17)
      at HTMLUnknownElement.dispatchEvent (node_modules/jsdom/lib/jsdom/living/generated/EventTarget.js:231:34)
      at Object.invokeGuardedCallbackDev (node_modules/react-dom/cjs/react-dom.development.js:4213:16)
      at invokeGuardedCallback (node_modules/react-dom/cjs/react-dom.development.js:4277:31)
      at beginWork$1 (node_modules/react-dom/cjs/react-dom.development.js:27490:7)
      at performUnitOfWork (node_modules/react-dom/cjs/react-dom.development.js:26599:12)
      at workLoopSync (node_modules/react-dom/cjs/react-dom.development.js:26505:5)
      at renderRootSync (node_modules/react-dom/cjs/react-dom.development.js:26473:7)
      at recoverFromConcurrentError (node_modules/react-dom/cjs/react-dom.development.js:25889:20)
      at performConcurrentWorkOnRoot (node_modules/react-dom/cjs/react-dom.development.js:25789:22)
      at flushActQueue (node_modules/react/cjs/react.development.js:2667:24)
      at act (node_modules/react/cjs/react.development.js:2582:11)
      at actWithWarning (node_modules/react-dom/cjs/react-dom-test-utils.development.js:1740:10)
      at node_modules/@testing-library/react/dist/act-compat.js:63:25
      at renderRoot (node_modules/@testing-library/react/dist/pure.js:159:26)
      at render (node_modules/@testing-library/react/dist/pure.js:246:10)
      at Object.<anonymous> (src/contexts/tests/ThemeContext.test.tsx:247:31)

  console.error
    The above error occurred in the <TestComponent> component:
    
        at TestComponent (/home/anastasiya/project_posthaste/posthaste/src/contexts/tests/ThemeContext.test.tsx:26:50)
        at ThemeProvider (/home/anastasiya/project_posthaste/posthaste/src/contexts/ThemeContext.tsx:26:63)
    
    Consider adding an error boundary to your tree to customize error handling behavior.
    Visit https://reactjs.org/link/error-boundaries to learn more about error boundaries.

      112 |       return;
      113 |     }
    > 114 |     originalError.call(console, ...args);
          |                   ^
      115 |   };
      116 | });
      117 |

      at console.error (src/setupTests.ts:114:19)
      at logCapturedError (node_modules/react-dom/cjs/react-dom.development.js:18704:23)
      at update.callback (node_modules/react-dom/cjs/react-dom.development.js:18737:5)
      at callCallback (node_modules/react-dom/cjs/react-dom.development.js:15036:12)
      at commitUpdateQueue (node_modules/react-dom/cjs/react-dom.development.js:15057:9)
      at commitLayoutEffectOnFiber (node_modules/react-dom/cjs/react-dom.development.js:23430:13)
      at commitLayoutMountEffects_complete (node_modules/react-dom/cjs/react-dom.development.js:24727:9)
      at commitLayoutEffects_begin (node_modules/react-dom/cjs/react-dom.development.js:24713:7)
      at commitLayoutEffects (node_modules/react-dom/cjs/react-dom.development.js:24651:3)
      at commitRootImpl (node_modules/react-dom/cjs/react-dom.development.js:26862:5)
      at commitRoot (node_modules/react-dom/cjs/react-dom.development.js:26721:5)
      at finishConcurrentRender (node_modules/react-dom/cjs/react-dom.development.js:25931:9)
      at performConcurrentWorkOnRoot (node_modules/react-dom/cjs/react-dom.development.js:25848:7)
      at flushActQueue (node_modules/react/cjs/react.development.js:2667:24)
      at act (node_modules/react/cjs/react.development.js:2582:11)
      at actWithWarning (node_modules/react-dom/cjs/react-dom-test-utils.development.js:1740:10)
      at node_modules/@testing-library/react/dist/act-compat.js:63:25
      at renderRoot (node_modules/@testing-library/react/dist/pure.js:159:26)
      at render (node_modules/@testing-library/react/dist/pure.js:246:10)
      at Object.<anonymous> (src/contexts/tests/ThemeContext.test.tsx:247:31)

  console.error
    Error: Uncaught [TypeError: Cannot read properties of undefined (reading 'toString')]
        at reportException (/home/anastasiya/project_posthaste/posthaste/node_modules/jsdom/lib/jsdom/living/helpers/runtime-script-errors.js:66:24)
        at innerInvokeEventListeners (/home/anastasiya/project_posthaste/posthaste/node_modules/jsdom/lib/jsdom/living/events/EventTarget-impl.js:341:9)
        at invokeEventListeners (/home/anastasiya/project_posthaste/posthaste/node_modules/jsdom/lib/jsdom/living/events/EventTarget-impl.js:274:3)
        at HTMLUnknownElementImpl._dispatch (/home/anastasiya/project_posthaste/posthaste/node_modules/jsdom/lib/jsdom/living/events/EventTarget-impl.js:221:9)
        at HTMLUnknownElementImpl.dispatchEvent (/home/anastasiya/project_posthaste/posthaste/node_modules/jsdom/lib/jsdom/living/events/EventTarget-impl.js:94:17)
        at HTMLUnknownElement.dispatchEvent (/home/anastasiya/project_posthaste/posthaste/node_modules/jsdom/lib/jsdom/living/generated/EventTarget.js:231:34)
        at Object.invokeGuardedCallbackDev (/home/anastasiya/project_posthaste/posthaste/node_modules/react-dom/cjs/react-dom.development.js:4213:16)
        at invokeGuardedCallback (/home/anastasiya/project_posthaste/posthaste/node_modules/react-dom/cjs/react-dom.development.js:4277:31)
        at beginWork$1 (/home/anastasiya/project_posthaste/posthaste/node_modules/react-dom/cjs/react-dom.development.js:27490:7)
        at performUnitOfWork (/home/anastasiya/project_posthaste/posthaste/node_modules/react-dom/cjs/react-dom.development.js:26599:12)
        at workLoopSync (/home/anastasiya/project_posthaste/posthaste/node_modules/react-dom/cjs/react-dom.development.js:26505:5)
        at renderRootSync (/home/anastasiya/project_posthaste/posthaste/node_modules/react-dom/cjs/react-dom.development.js:26473:7)
        at performConcurrentWorkOnRoot (/home/anastasiya/project_posthaste/posthaste/node_modules/react-dom/cjs/react-dom.development.js:25777:74)
        at flushActQueue (/home/anastasiya/project_posthaste/posthaste/node_modules/react/cjs/react.development.js:2667:24)
        at act (/home/anastasiya/project_posthaste/posthaste/node_modules/react/cjs/react.development.js:2582:11)
        at actWithWarning (/home/anastasiya/project_posthaste/posthaste/node_modules/react-dom/cjs/react-dom-test-utils.development.js:1740:10)
        at /home/anastasiya/project_posthaste/posthaste/node_modules/@testing-library/react/dist/act-compat.js:63:25
        at renderRoot (/home/anastasiya/project_posthaste/posthaste/node_modules/@testing-library/react/dist/pure.js:159:26)
        at render (/home/anastasiya/project_posthaste/posthaste/node_modules/@testing-library/react/dist/pure.js:246:10)
        at Object.<anonymous> (/home/anastasiya/project_posthaste/posthaste/src/contexts/tests/ThemeContext.test.tsx:281:11)
        at Promise.then.completed (/home/anastasiya/project_posthaste/posthaste/node_modules/jest-circus/build/utils.js:391:28)
        at new Promise (<anonymous>)
        at callAsyncCircusFn (/home/anastasiya/project_posthaste/posthaste/node_modules/jest-circus/build/utils.js:316:10)
        at _callCircusTest (/home/anastasiya/project_posthaste/posthaste/node_modules/jest-circus/build/run.js:218:40)
        at processTicksAndRejections (node:internal/process/task_queues:95:5)
        at _runTest (/home/anastasiya/project_posthaste/posthaste/node_modules/jest-circus/build/run.js:155:3)
        at _runTestsForDescribeBlock (/home/anastasiya/project_posthaste/posthaste/node_modules/jest-circus/build/run.js:66:9)
        at _runTestsForDescribeBlock (/home/anastasiya/project_posthaste/posthaste/node_modules/jest-circus/build/run.js:60:9)
        at run (/home/anastasiya/project_posthaste/posthaste/node_modules/jest-circus/build/run.js:25:3)
        at runAndTransformResultsToJestFormat (/home/anastasiya/project_posthaste/posthaste/node_modules/jest-circus/build/legacy-code-todo-rewrite/jestAdapterInit.js:170:21)
        at jestAdapter (/home/anastasiya/project_posthaste/posthaste/node_modules/jest-circus/build/legacy-code-todo-rewrite/jestAdapter.js:82:19)
        at runTestInternal (/home/anastasiya/project_posthaste/posthaste/node_modules/jest-runner/build/runTest.js:389:16)
        at runTest (/home/anastasiya/project_posthaste/posthaste/node_modules/jest-runner/build/runTest.js:475:34)
        at Object.worker (/home/anastasiya/project_posthaste/posthaste/node_modules/jest-runner/build/testWorker.js:133:12) TypeError: Cannot read properties of undefined (reading 'toString')
        at TestComponent (/home/anastasiya/project_posthaste/posthaste/src/contexts/tests/ThemeContext.test.tsx:31:43)
        at renderWithHooks (/home/anastasiya/project_posthaste/posthaste/node_modules/react-dom/cjs/react-dom.development.js:15486:18)
        at mountIndeterminateComponent (/home/anastasiya/project_posthaste/posthaste/node_modules/react-dom/cjs/react-dom.development.js:20103:13)
        at beginWork (/home/anastasiya/project_posthaste/posthaste/node_modules/react-dom/cjs/react-dom.development.js:21626:16)
        at HTMLUnknownElement.callCallback (/home/anastasiya/project_posthaste/posthaste/node_modules/react-dom/cjs/react-dom.development.js:4164:14)
        at HTMLUnknownElement.callTheUserObjectsOperation (/home/anastasiya/project_posthaste/posthaste/node_modules/jsdom/lib/jsdom/living/generated/EventListener.js:26:30)
        at innerInvokeEventListeners (/home/anastasiya/project_posthaste/posthaste/node_modules/jsdom/lib/jsdom/living/events/EventTarget-impl.js:338:25)
        at invokeEventListeners (/home/anastasiya/project_posthaste/posthaste/node_modules/jsdom/lib/jsdom/living/events/EventTarget-impl.js:274:3)
        at HTMLUnknownElementImpl._dispatch (/home/anastasiya/project_posthaste/posthaste/node_modules/jsdom/lib/jsdom/living/events/EventTarget-impl.js:221:9)
        at HTMLUnknownElementImpl.dispatchEvent (/home/anastasiya/project_posthaste/posthaste/node_modules/jsdom/lib/jsdom/living/events/EventTarget-impl.js:94:17)
        at HTMLUnknownElement.dispatchEvent (/home/anastasiya/project_posthaste/posthaste/node_modules/jsdom/lib/jsdom/living/generated/EventTarget.js:231:34)
        at Object.invokeGuardedCallbackDev (/home/anastasiya/project_posthaste/posthaste/node_modules/react-dom/cjs/react-dom.development.js:4213:16)
        at invokeGuardedCallback (/home/anastasiya/project_posthaste/posthaste/node_modules/react-dom/cjs/react-dom.development.js:4277:31)
        at beginWork$1 (/home/anastasiya/project_posthaste/posthaste/node_modules/react-dom/cjs/react-dom.development.js:27490:7)
        at performUnitOfWork (/home/anastasiya/project_posthaste/posthaste/node_modules/react-dom/cjs/react-dom.development.js:26599:12)
        at workLoopSync (/home/anastasiya/project_posthaste/posthaste/node_modules/react-dom/cjs/react-dom.development.js:26505:5)
        at renderRootSync (/home/anastasiya/project_posthaste/posthaste/node_modules/react-dom/cjs/react-dom.development.js:26473:7)
        at performConcurrentWorkOnRoot (/home/anastasiya/project_posthaste/posthaste/node_modules/react-dom/cjs/react-dom.development.js:25777:74)
        at flushActQueue (/home/anastasiya/project_posthaste/posthaste/node_modules/react/cjs/react.development.js:2667:24)
        at act (/home/anastasiya/project_posthaste/posthaste/node_modules/react/cjs/react.development.js:2582:11)
        at actWithWarning (/home/anastasiya/project_posthaste/posthaste/node_modules/react-dom/cjs/react-dom-test-utils.development.js:1740:10)
        at /home/anastasiya/project_posthaste/posthaste/node_modules/@testing-library/react/dist/act-compat.js:63:25
        at renderRoot (/home/anastasiya/project_posthaste/posthaste/node_modules/@testing-library/react/dist/pure.js:159:26)
        at render (/home/anastasiya/project_posthaste/posthaste/node_modules/@testing-library/react/dist/pure.js:246:10)
        at Object.<anonymous> (/home/anastasiya/project_posthaste/posthaste/src/contexts/tests/ThemeContext.test.tsx:281:11)
        at Promise.then.completed (/home/anastasiya/project_posthaste/posthaste/node_modules/jest-circus/build/utils.js:391:28)
        at new Promise (<anonymous>)
        at callAsyncCircusFn (/home/anastasiya/project_posthaste/posthaste/node_modules/jest-circus/build/utils.js:316:10)
        at _callCircusTest (/home/anastasiya/project_posthaste/posthaste/node_modules/jest-circus/build/run.js:218:40)
        at processTicksAndRejections (node:internal/process/task_queues:95:5)
        at _runTest (/home/anastasiya/project_posthaste/posthaste/node_modules/jest-circus/build/run.js:155:3)
        at _runTestsForDescribeBlock (/home/anastasiya/project_posthaste/posthaste/node_modules/jest-circus/build/run.js:66:9)
        at _runTestsForDescribeBlock (/home/anastasiya/project_posthaste/posthaste/node_modules/jest-circus/build/run.js:60:9)
        at run (/home/anastasiya/project_posthaste/posthaste/node_modules/jest-circus/build/run.js:25:3)
        at runAndTransformResultsToJestFormat (/home/anastasiya/project_posthaste/posthaste/node_modules/jest-circus/build/legacy-code-todo-rewrite/jestAdapterInit.js:170:21)
        at jestAdapter (/home/anastasiya/project_posthaste/posthaste/node_modules/jest-circus/build/legacy-code-todo-rewrite/jestAdapter.js:82:19)
        at runTestInternal (/home/anastasiya/project_posthaste/posthaste/node_modules/jest-runner/build/runTest.js:389:16)
        at runTest (/home/anastasiya/project_posthaste/posthaste/node_modules/jest-runner/build/runTest.js:475:34)
        at Object.worker (/home/anastasiya/project_posthaste/posthaste/node_modules/jest-runner/build/testWorker.js:133:12)

      112 |       return;
      113 |     }
    > 114 |     originalError.call(console, ...args);
          |                   ^
      115 |   };
      116 | });
      117 |

      at console.error (src/setupTests.ts:114:19)
      at VirtualConsole.<anonymous> (node_modules/jsdom/lib/jsdom/virtual-console.js:29:45)
      at reportException (node_modules/jsdom/lib/jsdom/living/helpers/runtime-script-errors.js:70:28)
      at innerInvokeEventListeners (node_modules/jsdom/lib/jsdom/living/events/EventTarget-impl.js:341:9)
      at invokeEventListeners (node_modules/jsdom/lib/jsdom/living/events/EventTarget-impl.js:274:3)
      at HTMLUnknownElementImpl._dispatch (node_modules/jsdom/lib/jsdom/living/events/EventTarget-impl.js:221:9)
      at HTMLUnknownElementImpl.dispatchEvent (node_modules/jsdom/lib/jsdom/living/events/EventTarget-impl.js:94:17)
      at HTMLUnknownElement.dispatchEvent (node_modules/jsdom/lib/jsdom/living/generated/EventTarget.js:231:34)
      at Object.invokeGuardedCallbackDev (node_modules/react-dom/cjs/react-dom.development.js:4213:16)
      at invokeGuardedCallback (node_modules/react-dom/cjs/react-dom.development.js:4277:31)
      at beginWork$1 (node_modules/react-dom/cjs/react-dom.development.js:27490:7)
      at performUnitOfWork (node_modules/react-dom/cjs/react-dom.development.js:26599:12)
      at workLoopSync (node_modules/react-dom/cjs/react-dom.development.js:26505:5)
      at renderRootSync (node_modules/react-dom/cjs/react-dom.development.js:26473:7)
      at performConcurrentWorkOnRoot (node_modules/react-dom/cjs/react-dom.development.js:25777:74)
      at flushActQueue (node_modules/react/cjs/react.development.js:2667:24)
      at act (node_modules/react/cjs/react.development.js:2582:11)
      at actWithWarning (node_modules/react-dom/cjs/react-dom-test-utils.development.js:1740:10)
      at node_modules/@testing-library/react/dist/act-compat.js:63:25
      at renderRoot (node_modules/@testing-library/react/dist/pure.js:159:26)
      at render (node_modules/@testing-library/react/dist/pure.js:246:10)
      at Object.<anonymous> (src/contexts/tests/ThemeContext.test.tsx:281:11)

  console.error
    Error: Uncaught [TypeError: Cannot read properties of undefined (reading 'toString')]
        at reportException (/home/anastasiya/project_posthaste/posthaste/node_modules/jsdom/lib/jsdom/living/helpers/runtime-script-errors.js:66:24)
        at innerInvokeEventListeners (/home/anastasiya/project_posthaste/posthaste/node_modules/jsdom/lib/jsdom/living/events/EventTarget-impl.js:341:9)
        at invokeEventListeners (/home/anastasiya/project_posthaste/posthaste/node_modules/jsdom/lib/jsdom/living/events/EventTarget-impl.js:274:3)
        at HTMLUnknownElementImpl._dispatch (/home/anastasiya/project_posthaste/posthaste/node_modules/jsdom/lib/jsdom/living/events/EventTarget-impl.js:221:9)
        at HTMLUnknownElementImpl.dispatchEvent (/home/anastasiya/project_posthaste/posthaste/node_modules/jsdom/lib/jsdom/living/events/EventTarget-impl.js:94:17)
        at HTMLUnknownElement.dispatchEvent (/home/anastasiya/project_posthaste/posthaste/node_modules/jsdom/lib/jsdom/living/generated/EventTarget.js:231:34)
        at Object.invokeGuardedCallbackDev (/home/anastasiya/project_posthaste/posthaste/node_modules/react-dom/cjs/react-dom.development.js:4213:16)
        at invokeGuardedCallback (/home/anastasiya/project_posthaste/posthaste/node_modules/react-dom/cjs/react-dom.development.js:4277:31)
        at beginWork$1 (/home/anastasiya/project_posthaste/posthaste/node_modules/react-dom/cjs/react-dom.development.js:27490:7)
        at performUnitOfWork (/home/anastasiya/project_posthaste/posthaste/node_modules/react-dom/cjs/react-dom.development.js:26599:12)
        at workLoopSync (/home/anastasiya/project_posthaste/posthaste/node_modules/react-dom/cjs/react-dom.development.js:26505:5)
        at renderRootSync (/home/anastasiya/project_posthaste/posthaste/node_modules/react-dom/cjs/react-dom.development.js:26473:7)
        at recoverFromConcurrentError (/home/anastasiya/project_posthaste/posthaste/node_modules/react-dom/cjs/react-dom.development.js:25889:20)
        at performConcurrentWorkOnRoot (/home/anastasiya/project_posthaste/posthaste/node_modules/react-dom/cjs/react-dom.development.js:25789:22)
        at flushActQueue (/home/anastasiya/project_posthaste/posthaste/node_modules/react/cjs/react.development.js:2667:24)
        at act (/home/anastasiya/project_posthaste/posthaste/node_modules/react/cjs/react.development.js:2582:11)
        at actWithWarning (/home/anastasiya/project_posthaste/posthaste/node_modules/react-dom/cjs/react-dom-test-utils.development.js:1740:10)
        at /home/anastasiya/project_posthaste/posthaste/node_modules/@testing-library/react/dist/act-compat.js:63:25
        at renderRoot (/home/anastasiya/project_posthaste/posthaste/node_modules/@testing-library/react/dist/pure.js:159:26)
        at render (/home/anastasiya/project_posthaste/posthaste/node_modules/@testing-library/react/dist/pure.js:246:10)
        at Object.<anonymous> (/home/anastasiya/project_posthaste/posthaste/src/contexts/tests/ThemeContext.test.tsx:281:11)
        at Promise.then.completed (/home/anastasiya/project_posthaste/posthaste/node_modules/jest-circus/build/utils.js:391:28)
        at new Promise (<anonymous>)
        at callAsyncCircusFn (/home/anastasiya/project_posthaste/posthaste/node_modules/jest-circus/build/utils.js:316:10)
        at _callCircusTest (/home/anastasiya/project_posthaste/posthaste/node_modules/jest-circus/build/run.js:218:40)
        at processTicksAndRejections (node:internal/process/task_queues:95:5)
        at _runTest (/home/anastasiya/project_posthaste/posthaste/node_modules/jest-circus/build/run.js:155:3)
        at _runTestsForDescribeBlock (/home/anastasiya/project_posthaste/posthaste/node_modules/jest-circus/build/run.js:66:9)
        at _runTestsForDescribeBlock (/home/anastasiya/project_posthaste/posthaste/node_modules/jest-circus/build/run.js:60:9)
        at run (/home/anastasiya/project_posthaste/posthaste/node_modules/jest-circus/build/run.js:25:3)
        at runAndTransformResultsToJestFormat (/home/anastasiya/project_posthaste/posthaste/node_modules/jest-circus/build/legacy-code-todo-rewrite/jestAdapterInit.js:170:21)
        at jestAdapter (/home/anastasiya/project_posthaste/posthaste/node_modules/jest-circus/build/legacy-code-todo-rewrite/jestAdapter.js:82:19)
        at runTestInternal (/home/anastasiya/project_posthaste/posthaste/node_modules/jest-runner/build/runTest.js:389:16)
        at runTest (/home/anastasiya/project_posthaste/posthaste/node_modules/jest-runner/build/runTest.js:475:34)
        at Object.worker (/home/anastasiya/project_posthaste/posthaste/node_modules/jest-runner/build/testWorker.js:133:12) TypeError: Cannot read properties of undefined (reading 'toString')
        at TestComponent (/home/anastasiya/project_posthaste/posthaste/src/contexts/tests/ThemeContext.test.tsx:31:43)
        at renderWithHooks (/home/anastasiya/project_posthaste/posthaste/node_modules/react-dom/cjs/react-dom.development.js:15486:18)
        at mountIndeterminateComponent (/home/anastasiya/project_posthaste/posthaste/node_modules/react-dom/cjs/react-dom.development.js:20103:13)
        at beginWork (/home/anastasiya/project_posthaste/posthaste/node_modules/react-dom/cjs/react-dom.development.js:21626:16)
        at HTMLUnknownElement.callCallback (/home/anastasiya/project_posthaste/posthaste/node_modules/react-dom/cjs/react-dom.development.js:4164:14)
        at HTMLUnknownElement.callTheUserObjectsOperation (/home/anastasiya/project_posthaste/posthaste/node_modules/jsdom/lib/jsdom/living/generated/EventListener.js:26:30)
        at innerInvokeEventListeners (/home/anastasiya/project_posthaste/posthaste/node_modules/jsdom/lib/jsdom/living/events/EventTarget-impl.js:338:25)
        at invokeEventListeners (/home/anastasiya/project_posthaste/posthaste/node_modules/jsdom/lib/jsdom/living/events/EventTarget-impl.js:274:3)
        at HTMLUnknownElementImpl._dispatch (/home/anastasiya/project_posthaste/posthaste/node_modules/jsdom/lib/jsdom/living/events/EventTarget-impl.js:221:9)
        at HTMLUnknownElementImpl.dispatchEvent (/home/anastasiya/project_posthaste/posthaste/node_modules/jsdom/lib/jsdom/living/events/EventTarget-impl.js:94:17)
        at HTMLUnknownElement.dispatchEvent (/home/anastasiya/project_posthaste/posthaste/node_modules/jsdom/lib/jsdom/living/generated/EventTarget.js:231:34)
        at Object.invokeGuardedCallbackDev (/home/anastasiya/project_posthaste/posthaste/node_modules/react-dom/cjs/react-dom.development.js:4213:16)
        at invokeGuardedCallback (/home/anastasiya/project_posthaste/posthaste/node_modules/react-dom/cjs/react-dom.development.js:4277:31)
        at beginWork$1 (/home/anastasiya/project_posthaste/posthaste/node_modules/react-dom/cjs/react-dom.development.js:27490:7)
        at performUnitOfWork (/home/anastasiya/project_posthaste/posthaste/node_modules/react-dom/cjs/react-dom.development.js:26599:12)
        at workLoopSync (/home/anastasiya/project_posthaste/posthaste/node_modules/react-dom/cjs/react-dom.development.js:26505:5)
        at renderRootSync (/home/anastasiya/project_posthaste/posthaste/node_modules/react-dom/cjs/react-dom.development.js:26473:7)
        at recoverFromConcurrentError (/home/anastasiya/project_posthaste/posthaste/node_modules/react-dom/cjs/react-dom.development.js:25889:20)
        at performConcurrentWorkOnRoot (/home/anastasiya/project_posthaste/posthaste/node_modules/react-dom/cjs/react-dom.development.js:25789:22)
        at flushActQueue (/home/anastasiya/project_posthaste/posthaste/node_modules/react/cjs/react.development.js:2667:24)
        at act (/home/anastasiya/project_posthaste/posthaste/node_modules/react/cjs/react.development.js:2582:11)
        at actWithWarning (/home/anastasiya/project_posthaste/posthaste/node_modules/react-dom/cjs/react-dom-test-utils.development.js:1740:10)
        at /home/anastasiya/project_posthaste/posthaste/node_modules/@testing-library/react/dist/act-compat.js:63:25
        at renderRoot (/home/anastasiya/project_posthaste/posthaste/node_modules/@testing-library/react/dist/pure.js:159:26)
        at render (/home/anastasiya/project_posthaste/posthaste/node_modules/@testing-library/react/dist/pure.js:246:10)
        at Object.<anonymous> (/home/anastasiya/project_posthaste/posthaste/src/contexts/tests/ThemeContext.test.tsx:281:11)
        at Promise.then.completed (/home/anastasiya/project_posthaste/posthaste/node_modules/jest-circus/build/utils.js:391:28)
        at new Promise (<anonymous>)
        at callAsyncCircusFn (/home/anastasiya/project_posthaste/posthaste/node_modules/jest-circus/build/utils.js:316:10)
        at _callCircusTest (/home/anastasiya/project_posthaste/posthaste/node_modules/jest-circus/build/run.js:218:40)
        at processTicksAndRejections (node:internal/process/task_queues:95:5)
        at _runTest (/home/anastasiya/project_posthaste/posthaste/node_modules/jest-circus/build/run.js:155:3)
        at _runTestsForDescribeBlock (/home/anastasiya/project_posthaste/posthaste/node_modules/jest-circus/build/run.js:66:9)
        at _runTestsForDescribeBlock (/home/anastasiya/project_posthaste/posthaste/node_modules/jest-circus/build/run.js:60:9)
        at run (/home/anastasiya/project_posthaste/posthaste/node_modules/jest-circus/build/run.js:25:3)
        at runAndTransformResultsToJestFormat (/home/anastasiya/project_posthaste/posthaste/node_modules/jest-circus/build/legacy-code-todo-rewrite/jestAdapterInit.js:170:21)
        at jestAdapter (/home/anastasiya/project_posthaste/posthaste/node_modules/jest-circus/build/legacy-code-todo-rewrite/jestAdapter.js:82:19)
        at runTestInternal (/home/anastasiya/project_posthaste/posthaste/node_modules/jest-runner/build/runTest.js:389:16)
        at runTest (/home/anastasiya/project_posthaste/posthaste/node_modules/jest-runner/build/runTest.js:475:34)
        at Object.worker (/home/anastasiya/project_posthaste/posthaste/node_modules/jest-runner/build/testWorker.js:133:12)

      112 |       return;
      113 |     }
    > 114 |     originalError.call(console, ...args);
          |                   ^
      115 |   };
      116 | });
      117 |

      at console.error (src/setupTests.ts:114:19)
      at VirtualConsole.<anonymous> (node_modules/jsdom/lib/jsdom/virtual-console.js:29:45)
      at reportException (node_modules/jsdom/lib/jsdom/living/helpers/runtime-script-errors.js:70:28)
      at innerInvokeEventListeners (node_modules/jsdom/lib/jsdom/living/events/EventTarget-impl.js:341:9)
      at invokeEventListeners (node_modules/jsdom/lib/jsdom/living/events/EventTarget-impl.js:274:3)
      at HTMLUnknownElementImpl._dispatch (node_modules/jsdom/lib/jsdom/living/events/EventTarget-impl.js:221:9)
      at HTMLUnknownElementImpl.dispatchEvent (node_modules/jsdom/lib/jsdom/living/events/EventTarget-impl.js:94:17)
      at HTMLUnknownElement.dispatchEvent (node_modules/jsdom/lib/jsdom/living/generated/EventTarget.js:231:34)
      at Object.invokeGuardedCallbackDev (node_modules/react-dom/cjs/react-dom.development.js:4213:16)
      at invokeGuardedCallback (node_modules/react-dom/cjs/react-dom.development.js:4277:31)
      at beginWork$1 (node_modules/react-dom/cjs/react-dom.development.js:27490:7)
      at performUnitOfWork (node_modules/react-dom/cjs/react-dom.development.js:26599:12)
      at workLoopSync (node_modules/react-dom/cjs/react-dom.development.js:26505:5)
      at renderRootSync (node_modules/react-dom/cjs/react-dom.development.js:26473:7)
      at recoverFromConcurrentError (node_modules/react-dom/cjs/react-dom.development.js:25889:20)
      at performConcurrentWorkOnRoot (node_modules/react-dom/cjs/react-dom.development.js:25789:22)
      at flushActQueue (node_modules/react/cjs/react.development.js:2667:24)
      at act (node_modules/react/cjs/react.development.js:2582:11)
      at actWithWarning (node_modules/react-dom/cjs/react-dom-test-utils.development.js:1740:10)
      at node_modules/@testing-library/react/dist/act-compat.js:63:25
      at renderRoot (node_modules/@testing-library/react/dist/pure.js:159:26)
      at render (node_modules/@testing-library/react/dist/pure.js:246:10)
      at Object.<anonymous> (src/contexts/tests/ThemeContext.test.tsx:281:11)

  console.error
    The above error occurred in the <TestComponent> component:
    
        at TestComponent (/home/anastasiya/project_posthaste/posthaste/src/contexts/tests/ThemeContext.test.tsx:26:50)
        at ThemeProvider (/home/anastasiya/project_posthaste/posthaste/src/contexts/ThemeContext.tsx:26:63)
    
    Consider adding an error boundary to your tree to customize error handling behavior.
    Visit https://reactjs.org/link/error-boundaries to learn more about error boundaries.

      112 |       return;
      113 |     }
    > 114 |     originalError.call(console, ...args);
          |                   ^
      115 |   };
      116 | });
      117 |

      at console.error (src/setupTests.ts:114:19)
      at logCapturedError (node_modules/react-dom/cjs/react-dom.development.js:18704:23)
      at update.callback (node_modules/react-dom/cjs/react-dom.development.js:18737:5)
      at callCallback (node_modules/react-dom/cjs/react-dom.development.js:15036:12)
      at commitUpdateQueue (node_modules/react-dom/cjs/react-dom.development.js:15057:9)
      at commitLayoutEffectOnFiber (node_modules/react-dom/cjs/react-dom.development.js:23430:13)
      at commitLayoutMountEffects_complete (node_modules/react-dom/cjs/react-dom.development.js:24727:9)
      at commitLayoutEffects_begin (node_modules/react-dom/cjs/react-dom.development.js:24713:7)
      at commitLayoutEffects (node_modules/react-dom/cjs/react-dom.development.js:24651:3)
      at commitRootImpl (node_modules/react-dom/cjs/react-dom.development.js:26862:5)
      at commitRoot (node_modules/react-dom/cjs/react-dom.development.js:26721:5)
      at finishConcurrentRender (node_modules/react-dom/cjs/react-dom.development.js:25931:9)
      at performConcurrentWorkOnRoot (node_modules/react-dom/cjs/react-dom.development.js:25848:7)
      at flushActQueue (node_modules/react/cjs/react.development.js:2667:24)
      at act (node_modules/react/cjs/react.development.js:2582:11)
      at actWithWarning (node_modules/react-dom/cjs/react-dom-test-utils.development.js:1740:10)
      at node_modules/@testing-library/react/dist/act-compat.js:63:25
      at renderRoot (node_modules/@testing-library/react/dist/pure.js:159:26)
      at render (node_modules/@testing-library/react/dist/pure.js:246:10)
      at Object.<anonymous> (src/contexts/tests/ThemeContext.test.tsx:281:11)

  console.warn
    ⚠️ React Router Future Flag Warning: React Router will begin wrapping state updates in `React.startTransition` in v7. You can use the `v7_startTransition` future flag to opt-in early. For more information, see https://reactrouter.com/v6/upgrading/future#v7_starttransition.

       8 |   initialEntries = ["/"],
       9 | ) => {
    > 10 |   return render(
         |                ^
      11 |     <MemoryRouter initialEntries={initialEntries}>{component}</MemoryRouter>,
      12 |   );
      13 | };

      at warnOnce (node_modules/react-router/lib/deprecations.ts:9:13)
      at logDeprecation (node_modules/react-router/lib/deprecations.ts:14:3)
      at logV6DeprecationWarnings (node_modules/react-router/lib/deprecations.ts:26:5)
      at node_modules/react-router/lib/components.tsx:257:25
      at commitHookEffectListMount (node_modules/react-dom/cjs/react-dom.development.js:23189:26)
      at commitPassiveMountOnFiber (node_modules/react-dom/cjs/react-dom.development.js:24970:11)
      at commitPassiveMountEffects_complete (node_modules/react-dom/cjs/react-dom.development.js:24930:9)
      at commitPassiveMountEffects_begin (node_modules/react-dom/cjs/react-dom.development.js:24917:7)
      at commitPassiveMountEffects (node_modules/react-dom/cjs/react-dom.development.js:24905:3)
      at flushPassiveEffectsImpl (node_modules/react-dom/cjs/react-dom.development.js:27078:3)
      at flushPassiveEffects (node_modules/react-dom/cjs/react-dom.development.js:27023:14)
      at node_modules/react-dom/cjs/react-dom.development.js:26808:9
      at flushActQueue (node_modules/react/cjs/react.development.js:2667:24)
      at act (node_modules/react/cjs/react.development.js:2582:11)
      at actWithWarning (node_modules/react-dom/cjs/react-dom-test-utils.development.js:1740:10)
      at node_modules/@testing-library/react/dist/act-compat.js:63:25
      at renderRoot (node_modules/@testing-library/react/dist/pure.js:159:26)
      at render (node_modules/@testing-library/react/dist/pure.js:246:10)
      at renderWithRouter (src/components/ui/__tests__/Navigation.test.tsx:10:16)
      at Object.<anonymous> (src/components/ui/__tests__/Navigation.test.tsx:17:5)

  console.warn
    ⚠️ React Router Future Flag Warning: Relative route resolution within Splat routes is changing in v7. You can use the `v7_relativeSplatPath` future flag to opt-in early. For more information, see https://reactrouter.com/v6/upgrading/future#v7_relativesplatpath.

       8 |   initialEntries = ["/"],
       9 | ) => {
    > 10 |   return render(
         |                ^
      11 |     <MemoryRouter initialEntries={initialEntries}>{component}</MemoryRouter>,
      12 |   );
      13 | };

      at warnOnce (node_modules/react-router/lib/deprecations.ts:9:13)
      at logDeprecation (node_modules/react-router/lib/deprecations.ts:14:3)
      at logV6DeprecationWarnings (node_modules/react-router/lib/deprecations.ts:37:5)
      at node_modules/react-router/lib/components.tsx:257:25
      at commitHookEffectListMount (node_modules/react-dom/cjs/react-dom.development.js:23189:26)
      at commitPassiveMountOnFiber (node_modules/react-dom/cjs/react-dom.development.js:24970:11)
      at commitPassiveMountEffects_complete (node_modules/react-dom/cjs/react-dom.development.js:24930:9)
      at commitPassiveMountEffects_begin (node_modules/react-dom/cjs/react-dom.development.js:24917:7)
      at commitPassiveMountEffects (node_modules/react-dom/cjs/react-dom.development.js:24905:3)
      at flushPassiveEffectsImpl (node_modules/react-dom/cjs/react-dom.development.js:27078:3)
      at flushPassiveEffects (node_modules/react-dom/cjs/react-dom.development.js:27023:14)
      at node_modules/react-dom/cjs/react-dom.development.js:26808:9
      at flushActQueue (node_modules/react/cjs/react.development.js:2667:24)
      at act (node_modules/react/cjs/react.development.js:2582:11)
      at actWithWarning (node_modules/react-dom/cjs/react-dom-test-utils.development.js:1740:10)
      at node_modules/@testing-library/react/dist/act-compat.js:63:25
      at renderRoot (node_modules/@testing-library/react/dist/pure.js:159:26)
      at render (node_modules/@testing-library/react/dist/pure.js:246:10)
      at renderWithRouter (src/components/ui/__tests__/Navigation.test.tsx:10:16)
      at Object.<anonymous> (src/components/ui/__tests__/Navigation.test.tsx:17:5)

  console.error
    Error creating note: Error: Storage error
        at /home/anastasiya/project_posthaste/posthaste/src/hooks/__tests__/useNotes.test.ts:143:13
        at /home/anastasiya/project_posthaste/posthaste/node_modules/jest-mock/build/index.js:449:39
        at /home/anastasiya/project_posthaste/posthaste/node_modules/jest-mock/build/index.js:457:13
        at mockConstructor (/home/anastasiya/project_posthaste/posthaste/node_modules/jest-mock/build/index.js:170:19)
        at saveNote (eval at _createMockFunction (/home/anastasiya/project_posthaste/posthaste/node_modules/jest-mock/build/index.js:630:31), <anonymous>:3:52)
        at Object.createNote (/home/anastasiya/project_posthaste/posthaste/src/hooks/useNotes.ts:60:17)
        at /home/anastasiya/project_posthaste/posthaste/src/hooks/__tests__/useNotes.test.ts:150:24
        at /home/anastasiya/project_posthaste/posthaste/node_modules/@testing-library/react/dist/act-compat.js:64:24
        at act (/home/anastasiya/project_posthaste/posthaste/node_modules/react/cjs/react.development.js:2512:16)
        at actWithWarning (/home/anastasiya/project_posthaste/posthaste/node_modules/react-dom/cjs/react-dom-test-utils.development.js:1740:10)
        at /home/anastasiya/project_posthaste/posthaste/node_modules/@testing-library/react/dist/act-compat.js:63:25
        at /home/anastasiya/project_posthaste/posthaste/src/hooks/__tests__/useNotes.test.ts:149:10
        at Object.<anonymous> (/home/anastasiya/project_posthaste/posthaste/node_modules/expect/build/toThrowMatchers.js:83:11)
        at Object.toThrow (/home/anastasiya/project_posthaste/posthaste/node_modules/expect/build/index.js:382:21)
        at Object.<anonymous> (/home/anastasiya/project_posthaste/posthaste/src/hooks/__tests__/useNotes.test.ts:152:12)
        at Promise.then.completed (/home/anastasiya/project_posthaste/posthaste/node_modules/jest-circus/build/utils.js:391:28)
        at new Promise (<anonymous>)
        at callAsyncCircusFn (/home/anastasiya/project_posthaste/posthaste/node_modules/jest-circus/build/utils.js:316:10)
        at _callCircusTest (/home/anastasiya/project_posthaste/posthaste/node_modules/jest-circus/build/run.js:218:40)
        at processTicksAndRejections (node:internal/process/task_queues:95:5)
        at _runTest (/home/anastasiya/project_posthaste/posthaste/node_modules/jest-circus/build/run.js:155:3)
        at _runTestsForDescribeBlock (/home/anastasiya/project_posthaste/posthaste/node_modules/jest-circus/build/run.js:66:9)
        at _runTestsForDescribeBlock (/home/anastasiya/project_posthaste/posthaste/node_modules/jest-circus/build/run.js:60:9)
        at run (/home/anastasiya/project_posthaste/posthaste/node_modules/jest-circus/build/run.js:25:3)
        at runAndTransformResultsToJestFormat (/home/anastasiya/project_posthaste/posthaste/node_modules/jest-circus/build/legacy-code-todo-rewrite/jestAdapterInit.js:170:21)
        at jestAdapter (/home/anastasiya/project_posthaste/posthaste/node_modules/jest-circus/build/legacy-code-todo-rewrite/jestAdapter.js:82:19)
        at runTestInternal (/home/anastasiya/project_posthaste/posthaste/node_modules/jest-runner/build/runTest.js:389:16)
        at runTest (/home/anastasiya/project_posthaste/posthaste/node_modules/jest-runner/build/runTest.js:475:34)
        at Object.worker (/home/anastasiya/project_posthaste/posthaste/node_modules/jest-runner/build/testWorker.js:133:12)

      112 |       return;
      113 |     }
    > 114 |     originalError.call(console, ...args);
          |                   ^
      115 |   };
      116 | });
      117 |

      at console.error (src/setupTests.ts:114:19)
      at Object.createNote (src/hooks/useNotes.ts:65:17)
      at src/hooks/__tests__/useNotes.test.ts:150:24
      at node_modules/@testing-library/react/dist/act-compat.js:64:24
      at act (node_modules/react/cjs/react.development.js:2512:16)
      at actWithWarning (node_modules/react-dom/cjs/react-dom-test-utils.development.js:1740:10)
      at node_modules/@testing-library/react/dist/act-compat.js:63:25
      at src/hooks/__tests__/useNotes.test.ts:149:10
      at Object.<anonymous> (node_modules/expect/build/toThrowMatchers.js:83:11)
      at Object.toThrow (node_modules/expect/build/index.js:382:21)
      at Object.<anonymous> (src/hooks/__tests__/useNotes.test.ts:152:12)

